Copyright 1986-2022 Xilinx, Inc. All Rights Reserved. Copyright 2022-2025 Advanced Micro Devices, Inc. All Rights Reserved.
-------------------------------------------------------------------------------------------------------------------------------------------------------------------------------------------------
| Tool Version     : Vivado v.2025.1 (win64) Build 6140274 Thu May 22 00:12:29 MDT 2025
| Date             : Thu Dec 11 17:35:40 2025
| Host             : LAB50-01 running 64-bit major release  (build 9200)
| Command          : report_power -file MicroblazeWithALS_wrapper_power_routed.rpt -pb MicroblazeWithALS_wrapper_power_summary_routed.pb -rpx MicroblazeWithALS_wrapper_power_routed.rpx
| Design           : MicroblazeWithALS_wrapper
| Device           : xc7a100tcsg324-1
| Design State     : routed
| Grade            : commercial
| Process          : typical
| Characterization : Production
-------------------------------------------------------------------------------------------------------------------------------------------------------------------------------------------------

Power Report

Table of Contents
-----------------
1. Summary
1.1 On-Chip Components
1.2 Power Supply Summary
1.3 Confidence Level
2. Settings
2.1 Environment
2.2 Clock Constraints
3. Detailed Reports
3.1 By Hierarchy

1. Summary
----------

+--------------------------+--------------+
| Total On-Chip Power (W)  | 0.240        |
| Design Power Budget (W)  | Unspecified* |
| Power Budget Margin (W)  | NA           |
| Dynamic (W)              | 0.141        |
| Device Static (W)        | 0.099        |
| Effective TJA (C/W)      | 4.6          |
| Max Ambient (C)          | 83.9         |
| Junction Temperature (C) | 26.1         |
| Confidence Level         | Low          |
| Setting File             | ---          |
| Simulation Activity File | ---          |
| Design Nets Matched      | NA           |
+--------------------------+--------------+
* Specify Design Power Budget using, set_operating_conditions -design_power_budget <value in Watts>


1.1 On-Chip Components
----------------------

+--------------------------+-----------+----------+-----------+-----------------+
| On-Chip                  | Power (W) | Used     | Available | Utilization (%) |
+--------------------------+-----------+----------+-----------+-----------------+
| Clocks                   |     0.012 |       12 |       --- |             --- |
| Slice Logic              |     0.004 |     5775 |       --- |             --- |
|   LUT as Logic           |     0.003 |     1869 |     63400 |            2.95 |
|   LUT as Distributed RAM |    <0.001 |      108 |     19000 |            0.57 |
|   Register               |    <0.001 |     2318 |    126800 |            1.83 |
|   CARRY4                 |    <0.001 |       38 |     15850 |            0.24 |
|   F7/F8 Muxes            |    <0.001 |      109 |     63400 |            0.17 |
|   LUT as Shift Register  |    <0.001 |       74 |     19000 |            0.39 |
|   Others                 |    <0.001 |      661 |       --- |             --- |
| Signals                  |     0.008 |     3842 |       --- |             --- |
| Block RAM                |     0.007 |       32 |       135 |           23.70 |
| MMCM                     |     0.106 |        1 |         6 |           16.67 |
| I/O                      |     0.003 |       12 |       210 |            5.71 |
| Static Power             |     0.099 |          |           |                 |
| Total                    |     0.240 |          |           |                 |
+--------------------------+-----------+----------+-----------+-----------------+


1.2 Power Supply Summary
------------------------

+-----------+-------------+-----------+-------------+------------+-------------+-------------+------------+
| Source    | Voltage (V) | Total (A) | Dynamic (A) | Static (A) | Powerup (A) | Budget (A)  | Margin (A) |
+-----------+-------------+-----------+-------------+------------+-------------+-------------+------------+
| Vccint    |       1.000 |     0.048 |       0.032 |      0.016 |       NA    | Unspecified | NA         |
| Vccaux    |       1.800 |     0.077 |       0.059 |      0.018 |       NA    | Unspecified | NA         |
| Vcco33    |       3.300 |     0.005 |       0.001 |      0.004 |       NA    | Unspecified | NA         |
| Vcco25    |       2.500 |     0.000 |       0.000 |      0.000 |       NA    | Unspecified | NA         |
| Vcco18    |       1.800 |     0.000 |       0.000 |      0.000 |       NA    | Unspecified | NA         |
| Vcco15    |       1.500 |     0.000 |       0.000 |      0.000 |       NA    | Unspecified | NA         |
| Vcco135   |       1.350 |     0.000 |       0.000 |      0.000 |       NA    | Unspecified | NA         |
| Vcco12    |       1.200 |     0.000 |       0.000 |      0.000 |       NA    | Unspecified | NA         |
| Vccaux_io |       1.800 |     0.000 |       0.000 |      0.000 |       NA    | Unspecified | NA         |
| Vccbram   |       1.000 |     0.002 |       0.001 |      0.001 |       NA    | Unspecified | NA         |
| MGTAVcc   |       1.000 |     0.000 |       0.000 |      0.000 |       NA    | Unspecified | NA         |
| MGTAVtt   |       1.200 |     0.000 |       0.000 |      0.000 |       NA    | Unspecified | NA         |
| Vccadc    |       1.800 |     0.020 |       0.000 |      0.020 |       NA    | Unspecified | NA         |
+-----------+-------------+-----------+-------------+------------+-------------+-------------+------------+


1.3 Confidence Level
--------------------

+-----------------------------+------------+--------------------------------------------------------+------------------------------------------------------------------------------------------------------------+
| User Input Data             | Confidence | Details                                                | Action                                                                                                     |
+-----------------------------+------------+--------------------------------------------------------+------------------------------------------------------------------------------------------------------------+
| Design implementation state | High       | Design is routed                                       |                                                                                                            |
| Clock nodes activity        | High       | User specified more than 95% of clocks                 |                                                                                                            |
| I/O nodes activity          | Low        | More than 75% of inputs are missing user specification | Provide missing input activity with simulation results or by editing the "By Resource Type -> I/Os" view   |
| Internal nodes activity     | Medium     | User specified less than 25% of internal nodes         | Provide missing internal nodes activity with simulation results or by editing the "By Resource Type" views |
| Device models               | High       | Device models are Production                           |                                                                                                            |
|                             |            |                                                        |                                                                                                            |
| Overall confidence level    | Low        |                                                        |                                                                                                            |
+-----------------------------+------------+--------------------------------------------------------+------------------------------------------------------------------------------------------------------------+


2. Settings
-----------

2.1 Environment
---------------

+-----------------------+--------------------------+
| Ambient Temp (C)      | 25.0                     |
| ThetaJA (C/W)         | 4.6                      |
| Airflow (LFM)         | 250                      |
| Heat Sink             | medium (Medium Profile)  |
| ThetaSA (C/W)         | 4.6                      |
| Board Selection       | medium (10"x10")         |
| # of Board Layers     | 12to15 (12 to 15 Layers) |
| Board Temperature (C) | 25.0                     |
+-----------------------+--------------------------+


2.2 Clock Constraints
---------------------

+---------------------------------------------------------------------+---------------------------------------------------------------------------+-----------------+
| Clock                                                               | Domain                                                                    | Constraint (ns) |
+---------------------------------------------------------------------+---------------------------------------------------------------------------+-----------------+
| MicroblazeWithALS_i/mdm_1/U0/Use_E2.BSCAN_I/Use_E2.BSCANE2_I/DRCK   | MicroblazeWithALS_i/mdm_1/U0/Use_E2.BSCAN_I/DRCK                          |            33.3 |
| MicroblazeWithALS_i/mdm_1/U0/Use_E2.BSCAN_I/Use_E2.BSCANE2_I/UPDATE | MicroblazeWithALS_i/mdm_1/U0/Use_E2.BSCAN_I/Dbg_Update_0                  |            33.3 |
| clk_out1_MicroblazeWithALS_clk_wiz_1_0                              | MicroblazeWithALS_i/clk_wiz_1/inst/clk_out1_MicroblazeWithALS_clk_wiz_1_0 |            10.0 |
| clk_out1_MicroblazeWithALS_clk_wiz_1_0_1                            | MicroblazeWithALS_i/clk_wiz_1/inst/clk_out1_MicroblazeWithALS_clk_wiz_1_0 |            10.0 |
| clk_out2_MicroblazeWithALS_clk_wiz_1_0                              | MicroblazeWithALS_i/clk_wiz_1/inst/clk_out2_MicroblazeWithALS_clk_wiz_1_0 |            20.0 |
| clk_out2_MicroblazeWithALS_clk_wiz_1_0_1                            | MicroblazeWithALS_i/clk_wiz_1/inst/clk_out2_MicroblazeWithALS_clk_wiz_1_0 |            20.0 |
| clkfbout_MicroblazeWithALS_clk_wiz_1_0                              | MicroblazeWithALS_i/clk_wiz_1/inst/clkfbout_MicroblazeWithALS_clk_wiz_1_0 |            10.0 |
| clkfbout_MicroblazeWithALS_clk_wiz_1_0_1                            | MicroblazeWithALS_i/clk_wiz_1/inst/clkfbout_MicroblazeWithALS_clk_wiz_1_0 |            10.0 |
| sys_clk_pin                                                         | sys_clock                                                                 |            10.0 |
| sys_clock                                                           | sys_clock                                                                 |            10.0 |
+---------------------------------------------------------------------+---------------------------------------------------------------------------+-----------------+


3. Detailed Reports
-------------------

3.1 By Hierarchy
----------------

+-------------------------------+-----------+
| Name                          | Power (W) |
+-------------------------------+-----------+
| MicroblazeWithALS_wrapper     |     0.141 |
|   MicroblazeWithALS_i         |     0.138 |
|     PmodOLEDrgb_0             |     0.005 |
|       inst                    |     0.005 |
|     axi_uartlite_0            |     0.001 |
|       U0                      |     0.001 |
|     clk_wiz_1                 |     0.107 |
|       inst                    |     0.107 |
|     microblaze_0              |     0.014 |
|       U0                      |     0.014 |
|     microblaze_0_axi_intc     |     0.001 |
|       U0                      |     0.001 |
|     microblaze_0_local_memory |     0.008 |
|       lmb_bram                |     0.008 |
+-------------------------------+-----------+


