
*** Running vivado
    with args -log MicroblazeWithALS_wrapper.vdi -applog -m64 -product Vivado -messageDb vivado.pb -mode batch -source MicroblazeWithALS_wrapper.tcl -notrace



****** Vivado v2025.1 (64-bit)
  **** SW Build 6140274 on Thu May 22 00:12:29 MDT 2025
  **** IP Build 6138677 on Thu May 22 03:10:11 MDT 2025
  **** SharedData Build 6139179 on Tue May 20 17:58:58 MDT 2025
  **** Start of session at: Thu Dec 11 17:33:19 2025
    ** Copyright 1986-2022 Xilinx, Inc. All Rights Reserved.
    ** Copyright 2022-2025 Advanced Micro Devices, Inc. All Rights Reserved.

source MicroblazeWithALS_wrapper.tcl -notrace
create_project: Time (s): cpu = 00:00:09 ; elapsed = 00:00:08 . Memory (MB): peak = 494.012 ; gain = 211.934
INFO: [IP_Flow 19-234] Refreshing IP repositories
INFO: [IP_Flow 19-1700] Loaded user IP repository 'd:/Advanced_Hardware_Engineering/vivado-library-zmod-v1-2019.1-2'.
INFO: [IP_Flow 19-2313] Loaded Vivado IP repository 'C:/Xilinx/2025.1/Vivado/data/ip'.
Command: link_design -top MicroblazeWithALS_wrapper -part xc7a100tcsg324-1
Design is defaulting to srcset: sources_1
Design is defaulting to constrset: constrs_1
INFO: [Device 21-403] Loading part xc7a100tcsg324-1
INFO: [Project 1-5699] Read binary netlist with skipMacroContent - 1
INFO: [Project 1-454] Reading design checkpoint 'd:/Advanced_Hardware_Engineering/ALS_IP_Block/ALS_IP_Block.gen/sources_1/bd/MicroblazeWithALS/ip/MicroblazeWithALS_PmodOLEDrgb_0_0/MicroblazeWithALS_PmodOLEDrgb_0_0.dcp' for cell 'MicroblazeWithALS_i/PmodOLEDrgb_0'
INFO: [Project 1-454] Reading design checkpoint 'd:/Advanced_Hardware_Engineering/ALS_IP_Block/ALS_IP_Block.gen/sources_1/bd/MicroblazeWithALS/ip/MicroblazeWithALS_axi_uartlite_0_0/MicroblazeWithALS_axi_uartlite_0_0.dcp' for cell 'MicroblazeWithALS_i/axi_uartlite_0'
INFO: [Project 1-454] Reading design checkpoint 'd:/Advanced_Hardware_Engineering/ALS_IP_Block/ALS_IP_Block.gen/sources_1/bd/MicroblazeWithALS/ip/MicroblazeWithALS_clk_wiz_1_0/MicroblazeWithALS_clk_wiz_1_0.dcp' for cell 'MicroblazeWithALS_i/clk_wiz_1'
INFO: [Project 1-454] Reading design checkpoint 'd:/Advanced_Hardware_Engineering/ALS_IP_Block/ALS_IP_Block.gen/sources_1/bd/MicroblazeWithALS/ip/MicroblazeWithALS_mdm_1_0/MicroblazeWithALS_mdm_1_0.dcp' for cell 'MicroblazeWithALS_i/mdm_1'
INFO: [Project 1-454] Reading design checkpoint 'd:/Advanced_Hardware_Engineering/ALS_IP_Block/ALS_IP_Block.gen/sources_1/bd/MicroblazeWithALS/ip/MicroblazeWithALS_microblaze_0_0/MicroblazeWithALS_microblaze_0_0.dcp' for cell 'MicroblazeWithALS_i/microblaze_0'
INFO: [Project 1-454] Reading design checkpoint 'd:/Advanced_Hardware_Engineering/ALS_IP_Block/ALS_IP_Block.gen/sources_1/bd/MicroblazeWithALS/ip/MicroblazeWithALS_microblaze_0_axi_intc_0/MicroblazeWithALS_microblaze_0_axi_intc_0.dcp' for cell 'MicroblazeWithALS_i/microblaze_0_axi_intc'
INFO: [Project 1-454] Reading design checkpoint 'd:/Advanced_Hardware_Engineering/ALS_IP_Block/ALS_IP_Block.gen/sources_1/bd/MicroblazeWithALS/ip/MicroblazeWithALS_rst_clk_wiz_1_100M_0/MicroblazeWithALS_rst_clk_wiz_1_100M_0.dcp' for cell 'MicroblazeWithALS_i/rst_clk_wiz_1_100M'
INFO: [Project 1-454] Reading design checkpoint 'd:/Advanced_Hardware_Engineering/ALS_IP_Block/ALS_IP_Block.gen/sources_1/bd/MicroblazeWithALS/ip/MicroblazeWithALS_microblaze_0_axi_periph_imp_xbar_0/MicroblazeWithALS_microblaze_0_axi_periph_imp_xbar_0.dcp' for cell 'MicroblazeWithALS_i/microblaze_0_axi_periph/xbar'
INFO: [Project 1-454] Reading design checkpoint 'd:/Advanced_Hardware_Engineering/ALS_IP_Block/ALS_IP_Block.gen/sources_1/bd/MicroblazeWithALS/ip/MicroblazeWithALS_dlmb_bram_if_cntlr_0/MicroblazeWithALS_dlmb_bram_if_cntlr_0.dcp' for cell 'MicroblazeWithALS_i/microblaze_0_local_memory/dlmb_bram_if_cntlr'
INFO: [Project 1-454] Reading design checkpoint 'd:/Advanced_Hardware_Engineering/ALS_IP_Block/ALS_IP_Block.gen/sources_1/bd/MicroblazeWithALS/ip/MicroblazeWithALS_dlmb_v10_0/MicroblazeWithALS_dlmb_v10_0.dcp' for cell 'MicroblazeWithALS_i/microblaze_0_local_memory/dlmb_v10'
INFO: [Project 1-454] Reading design checkpoint 'd:/Advanced_Hardware_Engineering/ALS_IP_Block/ALS_IP_Block.gen/sources_1/bd/MicroblazeWithALS/ip/MicroblazeWithALS_ilmb_bram_if_cntlr_0/MicroblazeWithALS_ilmb_bram_if_cntlr_0.dcp' for cell 'MicroblazeWithALS_i/microblaze_0_local_memory/ilmb_bram_if_cntlr'
INFO: [Project 1-454] Reading design checkpoint 'd:/Advanced_Hardware_Engineering/ALS_IP_Block/ALS_IP_Block.gen/sources_1/bd/MicroblazeWithALS/ip/MicroblazeWithALS_ilmb_v10_0/MicroblazeWithALS_ilmb_v10_0.dcp' for cell 'MicroblazeWithALS_i/microblaze_0_local_memory/ilmb_v10'
INFO: [Project 1-454] Reading design checkpoint 'd:/Advanced_Hardware_Engineering/ALS_IP_Block/ALS_IP_Block.gen/sources_1/bd/MicroblazeWithALS/ip/MicroblazeWithALS_lmb_bram_0/MicroblazeWithALS_lmb_bram_0.dcp' for cell 'MicroblazeWithALS_i/microblaze_0_local_memory/lmb_bram'
Netlist sorting complete. Time (s): cpu = 00:00:00 ; elapsed = 00:00:00.294 . Memory (MB): peak = 810.664 ; gain = 0.000
INFO: [Netlist 29-17] Analyzing 322 Unisim elements for replacement
INFO: [Netlist 29-28] Unisim Transformation completed in 0 CPU seconds
INFO: [Project 1-479] Netlist was created with Vivado 2025.1
INFO: [Project 1-570] Preparing netlist for logic optimization
Parsing XDC File [d:/Advanced_Hardware_Engineering/ALS_IP_Block/ALS_IP_Block.gen/sources_1/bd/MicroblazeWithALS/ip/MicroblazeWithALS_microblaze_0_0/MicroblazeWithALS_microblaze_0_0.xdc] for cell 'MicroblazeWithALS_i/microblaze_0/U0'
WARNING: [Vivado_Tcl 4-921] Waiver ID 'CDC-26' -to list should not be empty. [d:/Advanced_Hardware_Engineering/ALS_IP_Block/ALS_IP_Block.gen/sources_1/bd/MicroblazeWithALS/ip/MicroblazeWithALS_microblaze_0_0/MicroblazeWithALS_microblaze_0_0.xdc:2]
WARNING: [Vivado_Tcl 4-921] Waiver ID 'CDC-26' -to list should not be empty. [d:/Advanced_Hardware_Engineering/ALS_IP_Block/ALS_IP_Block.gen/sources_1/bd/MicroblazeWithALS/ip/MicroblazeWithALS_microblaze_0_0/MicroblazeWithALS_microblaze_0_0.xdc:4]
WARNING: [Vivado_Tcl 4-921] Waiver ID 'CDC-1' -to list should not be empty. [d:/Advanced_Hardware_Engineering/ALS_IP_Block/ALS_IP_Block.gen/sources_1/bd/MicroblazeWithALS/ip/MicroblazeWithALS_microblaze_0_0/MicroblazeWithALS_microblaze_0_0.xdc:26]
WARNING: [Vivado_Tcl 4-921] Waiver ID 'CDC-1' -to list should not be empty. [d:/Advanced_Hardware_Engineering/ALS_IP_Block/ALS_IP_Block.gen/sources_1/bd/MicroblazeWithALS/ip/MicroblazeWithALS_microblaze_0_0/MicroblazeWithALS_microblaze_0_0.xdc:36]
WARNING: [Vivado_Tcl 4-921] Waiver ID 'CDC-1' -to list should not be empty. [d:/Advanced_Hardware_Engineering/ALS_IP_Block/ALS_IP_Block.gen/sources_1/bd/MicroblazeWithALS/ip/MicroblazeWithALS_microblaze_0_0/MicroblazeWithALS_microblaze_0_0.xdc:60]
WARNING: [Vivado_Tcl 4-921] Waiver ID 'CDC-1' -to list should not be empty. [d:/Advanced_Hardware_Engineering/ALS_IP_Block/ALS_IP_Block.gen/sources_1/bd/MicroblazeWithALS/ip/MicroblazeWithALS_microblaze_0_0/MicroblazeWithALS_microblaze_0_0.xdc:68]
WARNING: [Vivado_Tcl 4-921] Waiver ID 'CDC-1' -to list should not be empty. [d:/Advanced_Hardware_Engineering/ALS_IP_Block/ALS_IP_Block.gen/sources_1/bd/MicroblazeWithALS/ip/MicroblazeWithALS_microblaze_0_0/MicroblazeWithALS_microblaze_0_0.xdc:76]
WARNING: [Vivado_Tcl 4-921] Waiver ID 'CDC-7' -to list should not be empty. [d:/Advanced_Hardware_Engineering/ALS_IP_Block/ALS_IP_Block.gen/sources_1/bd/MicroblazeWithALS/ip/MicroblazeWithALS_microblaze_0_0/MicroblazeWithALS_microblaze_0_0.xdc:94]
WARNING: [Vivado_Tcl 4-919] Waiver ID 'CDC-11' -from list should not be empty. [d:/Advanced_Hardware_Engineering/ALS_IP_Block/ALS_IP_Block.gen/sources_1/bd/MicroblazeWithALS/ip/MicroblazeWithALS_microblaze_0_0/MicroblazeWithALS_microblaze_0_0.xdc:102]
WARNING: [Vivado_Tcl 4-921] Waiver ID 'CDC-15' -to list should not be empty. [d:/Advanced_Hardware_Engineering/ALS_IP_Block/ALS_IP_Block.gen/sources_1/bd/MicroblazeWithALS/ip/MicroblazeWithALS_microblaze_0_0/MicroblazeWithALS_microblaze_0_0.xdc:112]
WARNING: [Vivado_Tcl 4-921] Waiver ID 'CDC-15' -to list should not be empty. [d:/Advanced_Hardware_Engineering/ALS_IP_Block/ALS_IP_Block.gen/sources_1/bd/MicroblazeWithALS/ip/MicroblazeWithALS_microblaze_0_0/MicroblazeWithALS_microblaze_0_0.xdc:137]
WARNING: [Vivado_Tcl 4-921] Waiver ID 'CDC-15' -to list should not be empty. [d:/Advanced_Hardware_Engineering/ALS_IP_Block/ALS_IP_Block.gen/sources_1/bd/MicroblazeWithALS/ip/MicroblazeWithALS_microblaze_0_0/MicroblazeWithALS_microblaze_0_0.xdc:139]
WARNING: [Vivado_Tcl 4-919] Waiver ID 'CDC-1' -from list should not be empty. [d:/Advanced_Hardware_Engineering/ALS_IP_Block/ALS_IP_Block.gen/sources_1/bd/MicroblazeWithALS/ip/MicroblazeWithALS_microblaze_0_0/MicroblazeWithALS_microblaze_0_0.xdc:145]
Finished Parsing XDC File [d:/Advanced_Hardware_Engineering/ALS_IP_Block/ALS_IP_Block.gen/sources_1/bd/MicroblazeWithALS/ip/MicroblazeWithALS_microblaze_0_0/MicroblazeWithALS_microblaze_0_0.xdc] for cell 'MicroblazeWithALS_i/microblaze_0/U0'
Parsing XDC File [d:/Advanced_Hardware_Engineering/ALS_IP_Block/ALS_IP_Block.gen/sources_1/bd/MicroblazeWithALS/ip/MicroblazeWithALS_microblaze_0_axi_intc_0/MicroblazeWithALS_microblaze_0_axi_intc_0.xdc] for cell 'MicroblazeWithALS_i/microblaze_0_axi_intc/U0'
Finished Parsing XDC File [d:/Advanced_Hardware_Engineering/ALS_IP_Block/ALS_IP_Block.gen/sources_1/bd/MicroblazeWithALS/ip/MicroblazeWithALS_microblaze_0_axi_intc_0/MicroblazeWithALS_microblaze_0_axi_intc_0.xdc] for cell 'MicroblazeWithALS_i/microblaze_0_axi_intc/U0'
Parsing XDC File [d:/Advanced_Hardware_Engineering/ALS_IP_Block/ALS_IP_Block.gen/sources_1/bd/MicroblazeWithALS/ip/MicroblazeWithALS_clk_wiz_1_0/MicroblazeWithALS_clk_wiz_1_0_board.xdc] for cell 'MicroblazeWithALS_i/clk_wiz_1/inst'
Finished Parsing XDC File [d:/Advanced_Hardware_Engineering/ALS_IP_Block/ALS_IP_Block.gen/sources_1/bd/MicroblazeWithALS/ip/MicroblazeWithALS_clk_wiz_1_0/MicroblazeWithALS_clk_wiz_1_0_board.xdc] for cell 'MicroblazeWithALS_i/clk_wiz_1/inst'
Parsing XDC File [d:/Advanced_Hardware_Engineering/ALS_IP_Block/ALS_IP_Block.gen/sources_1/bd/MicroblazeWithALS/ip/MicroblazeWithALS_clk_wiz_1_0/MicroblazeWithALS_clk_wiz_1_0.xdc] for cell 'MicroblazeWithALS_i/clk_wiz_1/inst'
INFO: [Timing 38-35] Done setting XDC timing constraints. [d:/Advanced_Hardware_Engineering/ALS_IP_Block/ALS_IP_Block.gen/sources_1/bd/MicroblazeWithALS/ip/MicroblazeWithALS_clk_wiz_1_0/MicroblazeWithALS_clk_wiz_1_0.xdc:54]
INFO: [Timing 38-2] Deriving generated clocks [d:/Advanced_Hardware_Engineering/ALS_IP_Block/ALS_IP_Block.gen/sources_1/bd/MicroblazeWithALS/ip/MicroblazeWithALS_clk_wiz_1_0/MicroblazeWithALS_clk_wiz_1_0.xdc:54]
get_clocks: Time (s): cpu = 00:00:08 ; elapsed = 00:00:08 . Memory (MB): peak = 1535.492 ; gain = 583.484
Finished Parsing XDC File [d:/Advanced_Hardware_Engineering/ALS_IP_Block/ALS_IP_Block.gen/sources_1/bd/MicroblazeWithALS/ip/MicroblazeWithALS_clk_wiz_1_0/MicroblazeWithALS_clk_wiz_1_0.xdc] for cell 'MicroblazeWithALS_i/clk_wiz_1/inst'
Parsing XDC File [d:/Advanced_Hardware_Engineering/ALS_IP_Block/ALS_IP_Block.gen/sources_1/bd/MicroblazeWithALS/ip/MicroblazeWithALS_rst_clk_wiz_1_100M_0/MicroblazeWithALS_rst_clk_wiz_1_100M_0_board.xdc] for cell 'MicroblazeWithALS_i/rst_clk_wiz_1_100M/U0'
Finished Parsing XDC File [d:/Advanced_Hardware_Engineering/ALS_IP_Block/ALS_IP_Block.gen/sources_1/bd/MicroblazeWithALS/ip/MicroblazeWithALS_rst_clk_wiz_1_100M_0/MicroblazeWithALS_rst_clk_wiz_1_100M_0_board.xdc] for cell 'MicroblazeWithALS_i/rst_clk_wiz_1_100M/U0'
Parsing XDC File [d:/Advanced_Hardware_Engineering/ALS_IP_Block/ALS_IP_Block.gen/sources_1/bd/MicroblazeWithALS/ip/MicroblazeWithALS_axi_uartlite_0_0/MicroblazeWithALS_axi_uartlite_0_0_board.xdc] for cell 'MicroblazeWithALS_i/axi_uartlite_0/U0'
Finished Parsing XDC File [d:/Advanced_Hardware_Engineering/ALS_IP_Block/ALS_IP_Block.gen/sources_1/bd/MicroblazeWithALS/ip/MicroblazeWithALS_axi_uartlite_0_0/MicroblazeWithALS_axi_uartlite_0_0_board.xdc] for cell 'MicroblazeWithALS_i/axi_uartlite_0/U0'
Parsing XDC File [d:/Advanced_Hardware_Engineering/ALS_IP_Block/ALS_IP_Block.gen/sources_1/bd/MicroblazeWithALS/ip/MicroblazeWithALS_PmodOLEDrgb_0_0/ip/PmodOLEDrgb_pmod_bridge_0_0/PmodOLEDrgb_pmod_bridge_0_0_board.xdc] for cell 'MicroblazeWithALS_i/PmodOLEDrgb_0/inst/pmod_bridge_0/inst'
Finished Parsing XDC File [d:/Advanced_Hardware_Engineering/ALS_IP_Block/ALS_IP_Block.gen/sources_1/bd/MicroblazeWithALS/ip/MicroblazeWithALS_PmodOLEDrgb_0_0/ip/PmodOLEDrgb_pmod_bridge_0_0/PmodOLEDrgb_pmod_bridge_0_0_board.xdc] for cell 'MicroblazeWithALS_i/PmodOLEDrgb_0/inst/pmod_bridge_0/inst'
Parsing XDC File [d:/Advanced_Hardware_Engineering/ALS_IP_Block/ALS_IP_Block.gen/sources_1/bd/MicroblazeWithALS/ip/MicroblazeWithALS_PmodOLEDrgb_0_0/ip/PmodOLEDrgb_axi_gpio_0_1/PmodOLEDrgb_axi_gpio_0_1_board.xdc] for cell 'MicroblazeWithALS_i/PmodOLEDrgb_0/inst/axi_gpio_0/U0'
Finished Parsing XDC File [d:/Advanced_Hardware_Engineering/ALS_IP_Block/ALS_IP_Block.gen/sources_1/bd/MicroblazeWithALS/ip/MicroblazeWithALS_PmodOLEDrgb_0_0/ip/PmodOLEDrgb_axi_gpio_0_1/PmodOLEDrgb_axi_gpio_0_1_board.xdc] for cell 'MicroblazeWithALS_i/PmodOLEDrgb_0/inst/axi_gpio_0/U0'
Parsing XDC File [d:/Advanced_Hardware_Engineering/ALS_IP_Block/ALS_IP_Block.gen/sources_1/bd/MicroblazeWithALS/ip/MicroblazeWithALS_PmodOLEDrgb_0_0/ip/PmodOLEDrgb_axi_quad_spi_0_0/PmodOLEDrgb_axi_quad_spi_0_0_board.xdc] for cell 'MicroblazeWithALS_i/PmodOLEDrgb_0/inst/axi_quad_spi_0/U0'
Finished Parsing XDC File [d:/Advanced_Hardware_Engineering/ALS_IP_Block/ALS_IP_Block.gen/sources_1/bd/MicroblazeWithALS/ip/MicroblazeWithALS_PmodOLEDrgb_0_0/ip/PmodOLEDrgb_axi_quad_spi_0_0/PmodOLEDrgb_axi_quad_spi_0_0_board.xdc] for cell 'MicroblazeWithALS_i/PmodOLEDrgb_0/inst/axi_quad_spi_0/U0'
Parsing XDC File [d:/Advanced_Hardware_Engineering/ALS_IP_Block/ALS_IP_Block.gen/sources_1/bd/MicroblazeWithALS/ip/MicroblazeWithALS_PmodOLEDrgb_0_0/ip/PmodOLEDrgb_axi_quad_spi_0_0/PmodOLEDrgb_axi_quad_spi_0_0.xdc] for cell 'MicroblazeWithALS_i/PmodOLEDrgb_0/inst/axi_quad_spi_0/U0'
Finished Parsing XDC File [d:/Advanced_Hardware_Engineering/ALS_IP_Block/ALS_IP_Block.gen/sources_1/bd/MicroblazeWithALS/ip/MicroblazeWithALS_PmodOLEDrgb_0_0/ip/PmodOLEDrgb_axi_quad_spi_0_0/PmodOLEDrgb_axi_quad_spi_0_0.xdc] for cell 'MicroblazeWithALS_i/PmodOLEDrgb_0/inst/axi_quad_spi_0/U0'
Parsing XDC File [d:/Advanced_Hardware_Engineering/ALS_IP_Block/ALS_IP_Block.gen/sources_1/bd/MicroblazeWithALS/ip/MicroblazeWithALS_PmodOLEDrgb_0_0/MicroblazeWithALS_PmodOLEDrgb_0_0_board.xdc] for cell 'MicroblazeWithALS_i/PmodOLEDrgb_0/inst'
Finished Parsing XDC File [d:/Advanced_Hardware_Engineering/ALS_IP_Block/ALS_IP_Block.gen/sources_1/bd/MicroblazeWithALS/ip/MicroblazeWithALS_PmodOLEDrgb_0_0/MicroblazeWithALS_PmodOLEDrgb_0_0_board.xdc] for cell 'MicroblazeWithALS_i/PmodOLEDrgb_0/inst'
Parsing XDC File [D:/Advanced_Hardware_Engineering/Nexys-A7-100T-Master.xdc]
Finished Parsing XDC File [D:/Advanced_Hardware_Engineering/Nexys-A7-100T-Master.xdc]
Parsing XDC File [d:/Advanced_Hardware_Engineering/ALS_IP_Block/ALS_IP_Block.gen/sources_1/bd/MicroblazeWithALS/ip/MicroblazeWithALS_microblaze_0_axi_intc_0/MicroblazeWithALS_microblaze_0_axi_intc_0_clocks.xdc] for cell 'MicroblazeWithALS_i/microblaze_0_axi_intc/U0'
Finished Parsing XDC File [d:/Advanced_Hardware_Engineering/ALS_IP_Block/ALS_IP_Block.gen/sources_1/bd/MicroblazeWithALS/ip/MicroblazeWithALS_microblaze_0_axi_intc_0/MicroblazeWithALS_microblaze_0_axi_intc_0_clocks.xdc] for cell 'MicroblazeWithALS_i/microblaze_0_axi_intc/U0'
Parsing XDC File [d:/Advanced_Hardware_Engineering/ALS_IP_Block/ALS_IP_Block.gen/sources_1/bd/MicroblazeWithALS/ip/MicroblazeWithALS_mdm_1_0/MicroblazeWithALS_mdm_1_0.xdc] for cell 'MicroblazeWithALS_i/mdm_1/U0'
INFO: [Timing 38-2] Deriving generated clocks [d:/Advanced_Hardware_Engineering/ALS_IP_Block/ALS_IP_Block.gen/sources_1/bd/MicroblazeWithALS/ip/MicroblazeWithALS_mdm_1_0/MicroblazeWithALS_mdm_1_0.xdc:4]
WARNING: [Vivado_Tcl 4-921] Waiver ID 'CDC-1' -to list should not be empty. [d:/Advanced_Hardware_Engineering/ALS_IP_Block/ALS_IP_Block.gen/sources_1/bd/MicroblazeWithALS/ip/MicroblazeWithALS_mdm_1_0/MicroblazeWithALS_mdm_1_0.xdc:26]
WARNING: [Vivado_Tcl 4-921] Waiver ID 'CDC-1' -to list should not be empty. [d:/Advanced_Hardware_Engineering/ALS_IP_Block/ALS_IP_Block.gen/sources_1/bd/MicroblazeWithALS/ip/MicroblazeWithALS_mdm_1_0/MicroblazeWithALS_mdm_1_0.xdc:36]
WARNING: [Vivado_Tcl 4-921] Waiver ID 'CDC-1' -to list should not be empty. [d:/Advanced_Hardware_Engineering/ALS_IP_Block/ALS_IP_Block.gen/sources_1/bd/MicroblazeWithALS/ip/MicroblazeWithALS_mdm_1_0/MicroblazeWithALS_mdm_1_0.xdc:62]
WARNING: [Vivado_Tcl 4-921] Waiver ID 'CDC-1' -to list should not be empty. [d:/Advanced_Hardware_Engineering/ALS_IP_Block/ALS_IP_Block.gen/sources_1/bd/MicroblazeWithALS/ip/MicroblazeWithALS_mdm_1_0/MicroblazeWithALS_mdm_1_0.xdc:64]
WARNING: [Vivado_Tcl 4-935] Waiver ID 'CDC-1' is a duplicate and will not be added again. [d:/Advanced_Hardware_Engineering/ALS_IP_Block/ALS_IP_Block.gen/sources_1/bd/MicroblazeWithALS/ip/MicroblazeWithALS_mdm_1_0/MicroblazeWithALS_mdm_1_0.xdc:68]
WARNING: [Vivado_Tcl 4-921] Waiver ID 'CDC-1' -to list should not be empty. [d:/Advanced_Hardware_Engineering/ALS_IP_Block/ALS_IP_Block.gen/sources_1/bd/MicroblazeWithALS/ip/MicroblazeWithALS_mdm_1_0/MicroblazeWithALS_mdm_1_0.xdc:82]
WARNING: [Vivado_Tcl 4-921] Waiver ID 'CDC-7' -to list should not be empty. [d:/Advanced_Hardware_Engineering/ALS_IP_Block/ALS_IP_Block.gen/sources_1/bd/MicroblazeWithALS/ip/MicroblazeWithALS_mdm_1_0/MicroblazeWithALS_mdm_1_0.xdc:98]
WARNING: [Vivado_Tcl 4-919] Waiver ID 'CDC-13' -from list should not be empty. [d:/Advanced_Hardware_Engineering/ALS_IP_Block/ALS_IP_Block.gen/sources_1/bd/MicroblazeWithALS/ip/MicroblazeWithALS_mdm_1_0/MicroblazeWithALS_mdm_1_0.xdc:116]
WARNING: [Vivado_Tcl 4-921] Waiver ID 'CDC-15' -to list should not be empty. [d:/Advanced_Hardware_Engineering/ALS_IP_Block/ALS_IP_Block.gen/sources_1/bd/MicroblazeWithALS/ip/MicroblazeWithALS_mdm_1_0/MicroblazeWithALS_mdm_1_0.xdc:130]
WARNING: [Vivado_Tcl 4-921] Waiver ID 'CDC-15' -to list should not be empty. [d:/Advanced_Hardware_Engineering/ALS_IP_Block/ALS_IP_Block.gen/sources_1/bd/MicroblazeWithALS/ip/MicroblazeWithALS_mdm_1_0/MicroblazeWithALS_mdm_1_0.xdc:132]
WARNING: [Vivado_Tcl 4-921] Waiver ID 'CDC-15' -to list should not be empty. [d:/Advanced_Hardware_Engineering/ALS_IP_Block/ALS_IP_Block.gen/sources_1/bd/MicroblazeWithALS/ip/MicroblazeWithALS_mdm_1_0/MicroblazeWithALS_mdm_1_0.xdc:138]
Finished Parsing XDC File [d:/Advanced_Hardware_Engineering/ALS_IP_Block/ALS_IP_Block.gen/sources_1/bd/MicroblazeWithALS/ip/MicroblazeWithALS_mdm_1_0/MicroblazeWithALS_mdm_1_0.xdc] for cell 'MicroblazeWithALS_i/mdm_1/U0'
Parsing XDC File [d:/Advanced_Hardware_Engineering/ALS_IP_Block/ALS_IP_Block.gen/sources_1/bd/MicroblazeWithALS/ip/MicroblazeWithALS_PmodOLEDrgb_0_0/ip/PmodOLEDrgb_axi_quad_spi_0_0/PmodOLEDrgb_axi_quad_spi_0_0_clocks.xdc] for cell 'MicroblazeWithALS_i/PmodOLEDrgb_0/inst/axi_quad_spi_0/U0'
Finished Parsing XDC File [d:/Advanced_Hardware_Engineering/ALS_IP_Block/ALS_IP_Block.gen/sources_1/bd/MicroblazeWithALS/ip/MicroblazeWithALS_PmodOLEDrgb_0_0/ip/PmodOLEDrgb_axi_quad_spi_0_0/PmodOLEDrgb_axi_quad_spi_0_0_clocks.xdc] for cell 'MicroblazeWithALS_i/PmodOLEDrgb_0/inst/axi_quad_spi_0/U0'
INFO: [Project 1-1714] 49 XPM XDC files have been applied to the design.
INFO: [Opt 31-138] Pushed 0 inverter(s) to 0 load pin(s).
Generating merged BMM file for the design top 'MicroblazeWithALS_wrapper'...
INFO: [Memdata 28-144] Successfully populated the BRAM INIT strings from the following elf files: d:/Advanced_Hardware_Engineering/ALS_IP_Block/ALS_IP_Block.gen/sources_1/bd/MicroblazeWithALS/ip/MicroblazeWithALS_microblaze_0_0/data/mb_bootloop_le.elf 
Netlist sorting complete. Time (s): cpu = 00:00:00 ; elapsed = 00:00:00.015 . Memory (MB): peak = 1535.492 ; gain = 0.000
INFO: [Project 1-111] Unisim Transformation Summary:
  A total of 142 instances were transformed.
  IOBUF => IOBUF (IBUF, OBUFT): 8 instances
  LUT6_2 => LUT6_2 (LUT5, LUT6): 80 instances
  RAM16X1D => RAM32X1D (RAMD32(x2)): 32 instances
  RAM32M => RAM32M (RAMD32(x6), RAMS32(x2)): 18 instances
  RAM32X1D => RAM32X1D (RAMD32(x2)): 4 instances

29 Infos, 24 Warnings, 0 Critical Warnings and 0 Errors encountered.
link_design completed successfully
link_design: Time (s): cpu = 00:00:17 ; elapsed = 00:00:22 . Memory (MB): peak = 1535.492 ; gain = 975.652
Command: opt_design
Attempting to get a license for feature 'Implementation' and/or device 'xc7a100t'
INFO: [Common 17-349] Got license for feature 'Implementation' and/or device 'xc7a100t'
Running DRC as a precondition to command opt_design

Starting DRC Task
INFO: [DRC 23-27] Running DRC with 2 threads
INFO: [Project 1-461] DRC finished with 0 Errors
INFO: [Project 1-462] Please refer to the DRC report (report_drc) for more information.

Time (s): cpu = 00:00:03 ; elapsed = 00:00:02 . Memory (MB): peak = 1535.492 ; gain = 0.000

Starting Cache Timing Information Task
INFO: [Timing 38-35] Done setting XDC timing constraints.
Ending Cache Timing Information Task | Checksum: 20306d88c

Time (s): cpu = 00:00:01 ; elapsed = 00:00:00.297 . Memory (MB): peak = 1535.492 ; gain = 0.000

Starting Logic Optimization Task

Phase 1 Initialization

Phase 1.1 Core Generation And Design Setup
Phase 1.1 Core Generation And Design Setup | Checksum: 20306d88c

Time (s): cpu = 00:00:00 ; elapsed = 00:00:00.013 . Memory (MB): peak = 1945.980 ; gain = 0.000

Phase 1.2 Setup Constraints And Sort Netlist
Phase 1.2 Setup Constraints And Sort Netlist | Checksum: 20306d88c

Time (s): cpu = 00:00:00 ; elapsed = 00:00:00.029 . Memory (MB): peak = 1945.980 ; gain = 0.000
Phase 1 Initialization | Checksum: 20306d88c

Time (s): cpu = 00:00:00 ; elapsed = 00:00:00.030 . Memory (MB): peak = 1945.980 ; gain = 0.000

Phase 2 Timer Update And Timing Data Collection

Phase 2.1 Timer Update
Phase 2.1 Timer Update | Checksum: 20306d88c

Time (s): cpu = 00:00:00 ; elapsed = 00:00:00.253 . Memory (MB): peak = 1945.980 ; gain = 0.000

Phase 2.2 Timing Data Collection
Phase 2.2 Timing Data Collection | Checksum: 20306d88c

Time (s): cpu = 00:00:00 ; elapsed = 00:00:00.278 . Memory (MB): peak = 1945.980 ; gain = 0.000
Phase 2 Timer Update And Timing Data Collection | Checksum: 20306d88c

Time (s): cpu = 00:00:00 ; elapsed = 00:00:00.279 . Memory (MB): peak = 1945.980 ; gain = 0.000

Phase 3 Retarget
INFO: [Opt 31-1851] Number of loadless carry chains removed were: 0
INFO: [Opt 31-1834] Total Chains To Be Transformed Were: 0 AND Number of Transformed insts Created are: 0
INFO: [Opt 31-1566] Pulled 4 inverters resulting in an inversion of 21 pins
INFO: [Opt 31-138] Pushed 2 inverter(s) to 2 load pin(s).
INFO: [Opt 31-49] Retargeted 0 cell(s).
Phase 3 Retarget | Checksum: 16712ca89

Time (s): cpu = 00:00:00 ; elapsed = 00:00:00.482 . Memory (MB): peak = 1945.980 ; gain = 0.000
Retarget | Checksum: 16712ca89
INFO: [Opt 31-389] Phase Retarget created 97 cells and removed 163 cells
INFO: [Opt 31-1021] In phase Retarget, 7 netlist objects are constrained preventing optimization. Please run opt_design with -debug_log to get more detail. 

Phase 4 Constant propagation
INFO: [Opt 31-138] Pushed 0 inverter(s) to 0 load pin(s).
Phase 4 Constant propagation | Checksum: 1eb754811

Time (s): cpu = 00:00:00 ; elapsed = 00:00:00.538 . Memory (MB): peak = 1945.980 ; gain = 0.000
Constant propagation | Checksum: 1eb754811
INFO: [Opt 31-389] Phase Constant propagation created 6 cells and removed 34 cells
INFO: [Opt 31-1021] In phase Constant propagation, 1 netlist objects are constrained preventing optimization. Please run opt_design with -debug_log to get more detail. 

Phase 5 Sweep
INFO: [Constraints 18-11670] Building netlist checker database with flags, 0x8
Done building netlist checker database: Time (s): cpu = 00:00:00 ; elapsed = 00:00:00.003 . Memory (MB): peak = 1945.980 ; gain = 0.000
INFO: [Constraints 18-11670] Building netlist checker database with flags, 0x8
Done building netlist checker database: Time (s): cpu = 00:00:00 ; elapsed = 00:00:00.003 . Memory (MB): peak = 1945.980 ; gain = 0.000
Phase 5 Sweep | Checksum: 13a50c699

Time (s): cpu = 00:00:01 ; elapsed = 00:00:00.908 . Memory (MB): peak = 1945.980 ; gain = 0.000
Sweep | Checksum: 13a50c699
INFO: [Opt 31-389] Phase Sweep created 0 cells and removed 100 cells
INFO: [Opt 31-1021] In phase Sweep, 6 netlist objects are constrained preventing optimization. Please run opt_design with -debug_log to get more detail. 

Phase 6 BUFG optimization
INFO: [Opt 31-194] Inserted BUFG MicroblazeWithALS_i/mdm_1/U0/Use_E2.BSCAN_I/Dbg_Update_0_BUFG_inst to drive 40 load(s) on clock net MicroblazeWithALS_i/mdm_1/U0/Use_E2.BSCAN_I/Dbg_Update_0_BUFG
INFO: [Opt 31-193] Inserted 1 BUFG(s) on clock nets
Phase 6 BUFG optimization | Checksum: 12c6095ce

Time (s): cpu = 00:00:01 ; elapsed = 00:00:00.979 . Memory (MB): peak = 1945.980 ; gain = 0.000
BUFG optimization | Checksum: 12c6095ce
INFO: [Opt 31-662] Phase BUFG optimization created 1 cells of which 1 are BUFGs and removed 0 cells.

Phase 7 Shift Register Optimization
INFO: [Opt 31-1064] SRL Remap converted 0 SRLs to 0 registers and converted 0 registers of register chains to 0 SRLs
Phase 7 Shift Register Optimization | Checksum: 12c6095ce

Time (s): cpu = 00:00:01 ; elapsed = 00:00:00.994 . Memory (MB): peak = 1945.980 ; gain = 0.000
Shift Register Optimization | Checksum: 12c6095ce
INFO: [Opt 31-389] Phase Shift Register Optimization created 0 cells and removed 0 cells

Phase 8 Post Processing Netlist
Phase 8 Post Processing Netlist | Checksum: 137425729

Time (s): cpu = 00:00:01 ; elapsed = 00:00:01 . Memory (MB): peak = 1945.980 ; gain = 0.000
Post Processing Netlist | Checksum: 137425729
INFO: [Opt 31-389] Phase Post Processing Netlist created 0 cells and removed 0 cells
INFO: [Opt 31-1021] In phase Post Processing Netlist, 1 netlist objects are constrained preventing optimization. Please run opt_design with -debug_log to get more detail. 

Phase 9 Finalization

Phase 9.1 Finalizing Design Cores and Updating Shapes
Phase 9.1 Finalizing Design Cores and Updating Shapes | Checksum: 267e28023

Time (s): cpu = 00:00:01 ; elapsed = 00:00:01 . Memory (MB): peak = 1945.980 ; gain = 0.000

Phase 9.2 Verifying Netlist Connectivity

Starting Connectivity Check Task

Time (s): cpu = 00:00:00 ; elapsed = 00:00:00.029 . Memory (MB): peak = 1945.980 ; gain = 0.000
Phase 9.2 Verifying Netlist Connectivity | Checksum: 267e28023

Time (s): cpu = 00:00:01 ; elapsed = 00:00:01 . Memory (MB): peak = 1945.980 ; gain = 0.000
Phase 9 Finalization | Checksum: 267e28023

Time (s): cpu = 00:00:01 ; elapsed = 00:00:01 . Memory (MB): peak = 1945.980 ; gain = 0.000
Opt_design Change Summary
=========================


-------------------------------------------------------------------------------------------------------------------------
|  Phase                        |  #Cells created  |  #Cells Removed  |  #Constrained objects preventing optimizations  |
-------------------------------------------------------------------------------------------------------------------------
|  Retarget                     |              97  |             163  |                                              7  |
|  Constant propagation         |               6  |              34  |                                              1  |
|  Sweep                        |               0  |             100  |                                              6  |
|  BUFG optimization            |               1  |               0  |                                              0  |
|  Shift Register Optimization  |               0  |               0  |                                              0  |
|  Post Processing Netlist      |               0  |               0  |                                              1  |
-------------------------------------------------------------------------------------------------------------------------


Ending Logic Optimization Task | Checksum: 267e28023

Time (s): cpu = 00:00:01 ; elapsed = 00:00:01 . Memory (MB): peak = 1945.980 ; gain = 0.000

Starting Power Optimization Task
INFO: [Pwropt 34-132] Skipping clock gating for clocks with a period < 2.00 ns.
INFO: [Timing 38-35] Done setting XDC timing constraints.
Running Vector-less Activity Propagation...

Finished Running Vector-less Activity Propagation
INFO: [Pwropt 34-9] Applying IDT optimizations ...
INFO: [Pwropt 34-10] Applying ODC optimizations ...


Starting PowerOpt Patch Enables Task
INFO: [Pwropt 34-162] WRITE_MODE attribute of 0 BRAM(s) out of a total of 32 has been updated to save power. Run report_power_opt to get a complete listing of the BRAMs updated.
INFO: [Pwropt 34-201] Structural ODC has moved 0 WE to EN ports
Number of BRAM Ports augmented: 0 newly gated: 0 Total Ports: 64
Ending PowerOpt Patch Enables Task | Checksum: 267e28023

Time (s): cpu = 00:00:00 ; elapsed = 00:00:00.144 . Memory (MB): peak = 2082.512 ; gain = 0.000
Ending Power Optimization Task | Checksum: 267e28023

Time (s): cpu = 00:00:05 ; elapsed = 00:00:04 . Memory (MB): peak = 2082.512 ; gain = 136.531

Starting Final Cleanup Task
Ending Final Cleanup Task | Checksum: 267e28023

Time (s): cpu = 00:00:00 ; elapsed = 00:00:00.002 . Memory (MB): peak = 2082.512 ; gain = 0.000

Starting Netlist Obfuscation Task
Netlist sorting complete. Time (s): cpu = 00:00:00 ; elapsed = 00:00:00.010 . Memory (MB): peak = 2082.512 ; gain = 0.000
Ending Netlist Obfuscation Task | Checksum: 267e28023

Time (s): cpu = 00:00:00 ; elapsed = 00:00:00.011 . Memory (MB): peak = 2082.512 ; gain = 0.000
INFO: [Common 17-83] Releasing license: Implementation
62 Infos, 24 Warnings, 0 Critical Warnings and 0 Errors encountered.
opt_design completed successfully
opt_design: Time (s): cpu = 00:00:14 ; elapsed = 00:00:11 . Memory (MB): peak = 2082.512 ; gain = 547.020
INFO: [Vivado 12-24828] Executing command : report_drc -file MicroblazeWithALS_wrapper_drc_opted.rpt -pb MicroblazeWithALS_wrapper_drc_opted.pb -rpx MicroblazeWithALS_wrapper_drc_opted.rpx
Command: report_drc -file MicroblazeWithALS_wrapper_drc_opted.rpt -pb MicroblazeWithALS_wrapper_drc_opted.pb -rpx MicroblazeWithALS_wrapper_drc_opted.rpx
INFO: [IP_Flow 19-1839] IP Catalog is up to date.
INFO: [DRC 23-27] Running DRC with 2 threads
INFO: [Vivado_Tcl 2-168] The results of DRC are in file D:/Advanced_Hardware_Engineering/ALS_IP_Block/ALS_IP_Block.runs/impl_1/MicroblazeWithALS_wrapper_drc_opted.rpt.
report_drc completed successfully
INFO: [Timing 38-35] Done setting XDC timing constraints.
INFO: [Timing 38-480] Writing timing data to binary archive.
Wrote PlaceDB: Time (s): cpu = 00:00:00 ; elapsed = 00:00:00.003 . Memory (MB): peak = 2082.512 ; gain = 0.000
Wrote PulsedLatchDB: Time (s): cpu = 00:00:00 ; elapsed = 00:00:00 . Memory (MB): peak = 2082.512 ; gain = 0.000
Writing XDEF routing.
Write ShapeDB Complete: Time (s): cpu = 00:00:00 ; elapsed = 00:00:00.019 . Memory (MB): peak = 2082.512 ; gain = 0.000
Writing XDEF routing logical nets.
Writing XDEF routing special nets.
Wrote RouteStorage: Time (s): cpu = 00:00:01 ; elapsed = 00:00:00.025 . Memory (MB): peak = 2082.512 ; gain = 0.000
Wrote Netlist Cache: Time (s): cpu = 00:00:00 ; elapsed = 00:00:00 . Memory (MB): peak = 2082.512 ; gain = 0.000
Wrote Device Cache: Time (s): cpu = 00:00:00 ; elapsed = 00:00:00.007 . Memory (MB): peak = 2082.512 ; gain = 0.000
Write Physdb Complete: Time (s): cpu = 00:00:01 ; elapsed = 00:00:00.053 . Memory (MB): peak = 2082.512 ; gain = 0.000
INFO: [Common 17-1381] The checkpoint 'D:/Advanced_Hardware_Engineering/ALS_IP_Block/ALS_IP_Block.runs/impl_1/MicroblazeWithALS_wrapper_opt.dcp' has been generated.
Command: place_design
Attempting to get a license for feature 'Implementation' and/or device 'xc7a100t'
INFO: [Common 17-349] Got license for feature 'Implementation' and/or device 'xc7a100t'
INFO: [Common 17-83] Releasing license: Implementation
INFO: [DRC 23-27] Running DRC with 2 threads
INFO: [Vivado_Tcl 4-198] DRC finished with 0 Errors
INFO: [Vivado_Tcl 4-199] Please refer to the DRC report (report_drc) for more information.
Running DRC as a precondition to command place_design
INFO: [DRC 23-27] Running DRC with 2 threads
INFO: [Vivado_Tcl 4-198] DRC finished with 0 Errors
INFO: [Vivado_Tcl 4-199] Please refer to the DRC report (report_drc) for more information.
INFO: [Place 30-611] Multithreading enabled for place_design using a maximum of 2 CPUs

Starting Placer Task

Phase 1 Placer Initialization

Phase 1.1 Placer Initialization Netlist Sorting
Netlist sorting complete. Time (s): cpu = 00:00:00 ; elapsed = 00:00:00.010 . Memory (MB): peak = 2082.512 ; gain = 0.000
Phase 1.1 Placer Initialization Netlist Sorting | Checksum: 19cc868e9

Time (s): cpu = 00:00:00 ; elapsed = 00:00:00.012 . Memory (MB): peak = 2082.512 ; gain = 0.000
Netlist sorting complete. Time (s): cpu = 00:00:00 ; elapsed = 00:00:00.009 . Memory (MB): peak = 2082.512 ; gain = 0.000

Phase 1.2 IO Placement/ Clock Placement/ Build Placer Device
Phase 1.2 IO Placement/ Clock Placement/ Build Placer Device | Checksum: 28fb2c00b

Time (s): cpu = 00:00:00 ; elapsed = 00:00:00.462 . Memory (MB): peak = 2082.512 ; gain = 0.000

Phase 1.3 Build Placer Netlist Model
Phase 1.3 Build Placer Netlist Model | Checksum: 22045e53c

Time (s): cpu = 00:00:03 ; elapsed = 00:00:02 . Memory (MB): peak = 2082.512 ; gain = 0.000

Phase 1.4 Constrain Clocks/Macros
Phase 1.4 Constrain Clocks/Macros | Checksum: 22045e53c

Time (s): cpu = 00:00:03 ; elapsed = 00:00:02 . Memory (MB): peak = 2082.512 ; gain = 0.000
Phase 1 Placer Initialization | Checksum: 22045e53c

Time (s): cpu = 00:00:03 ; elapsed = 00:00:02 . Memory (MB): peak = 2082.512 ; gain = 0.000

Phase 2 Global Placement

Phase 2.1 Floorplanning
Phase 2.1 Floorplanning | Checksum: 1f37f916d

Time (s): cpu = 00:00:03 ; elapsed = 00:00:02 . Memory (MB): peak = 2082.512 ; gain = 0.000

Phase 2.2 Update Timing before SLR Path Opt
Phase 2.2 Update Timing before SLR Path Opt | Checksum: 1cf89af7f

Time (s): cpu = 00:00:04 ; elapsed = 00:00:02 . Memory (MB): peak = 2082.512 ; gain = 0.000

Phase 2.3 Post-Processing in Floorplanning
Phase 2.3 Post-Processing in Floorplanning | Checksum: 1cf89af7f

Time (s): cpu = 00:00:04 ; elapsed = 00:00:02 . Memory (MB): peak = 2082.512 ; gain = 0.000

Phase 2.4 Global Place Phase1
Phase 2.4 Global Place Phase1 | Checksum: 22e9bb008

Time (s): cpu = 00:00:08 ; elapsed = 00:00:05 . Memory (MB): peak = 2082.512 ; gain = 0.000

Phase 2.5 Global Place Phase2

Phase 2.5.1 UpdateTiming Before Physical Synthesis
Phase 2.5.1 UpdateTiming Before Physical Synthesis | Checksum: 1e2fb6482

Time (s): cpu = 00:00:09 ; elapsed = 00:00:05 . Memory (MB): peak = 2082.512 ; gain = 0.000

Phase 2.5.2 Physical Synthesis In Placer
INFO: [Physopt 32-1035] Found 0 LUTNM shape to break, 162 LUT instances to create LUTNM shape
INFO: [Physopt 32-1044] Break lutnm for timing: one critical 0, two critical 0, total 0, new lutff created 0
INFO: [Physopt 32-1138] End 1 Pass. Optimized 69 nets or LUTs. Breaked 0 LUT, combined 69 existing LUTs and moved 0 existing LUT
INFO: [Physopt 32-65] No nets found for high-fanout optimization.
INFO: [Physopt 32-232] Optimized 0 net. Created 0 new instance.
INFO: [Physopt 32-775] End 1 Pass. Optimized 0 net or cell. Created 0 new cell, deleted 0 existing cell and moved 0 existing cell
INFO: [Physopt 32-670] No setup violation found.  DSP Register Optimization was not performed.
INFO: [Physopt 32-670] No setup violation found.  Shift Register to Pipeline Optimization was not performed.
INFO: [Physopt 32-670] No setup violation found.  Shift Register Optimization was not performed.
INFO: [Physopt 32-670] No setup violation found.  BRAM Register Optimization was not performed.
INFO: [Physopt 32-670] No setup violation found.  URAM Register Optimization was not performed.
INFO: [Physopt 32-949] No candidate nets found for dynamic/static region interface net replication
INFO: [Physopt 32-775] End 1 Pass. Optimized 0 net or cell. Created 0 new cell, deleted 0 existing cell and moved 0 existing cell
Netlist sorting complete. Time (s): cpu = 00:00:00 ; elapsed = 00:00:00.009 . Memory (MB): peak = 2082.512 ; gain = 0.000

Summary of Physical Synthesis Optimizations
============================================


-----------------------------------------------------------------------------------------------------------------------------------------------------------
|  Optimization                                     |  Added Cells  |  Removed Cells  |  Optimized Cells/Nets  |  Dont Touch  |  Iterations  |  Elapsed   |
-----------------------------------------------------------------------------------------------------------------------------------------------------------
|  LUT Combining                                    |            0  |             69  |                    69  |           0  |           1  |  00:00:00  |
|  Retime                                           |            0  |              0  |                     0  |           0  |           1  |  00:00:00  |
|  Very High Fanout                                 |            0  |              0  |                     0  |           0  |           1  |  00:00:00  |
|  DSP Register                                     |            0  |              0  |                     0  |           0  |           0  |  00:00:00  |
|  Shift Register to Pipeline                       |            0  |              0  |                     0  |           0  |           0  |  00:00:00  |
|  Shift Register                                   |            0  |              0  |                     0  |           0  |           0  |  00:00:00  |
|  BRAM Register                                    |            0  |              0  |                     0  |           0  |           0  |  00:00:00  |
|  URAM Register                                    |            0  |              0  |                     0  |           0  |           0  |  00:00:00  |
|  Dynamic/Static Region Interface Net Replication  |            0  |              0  |                     0  |           0  |           1  |  00:00:00  |
|  Total                                            |            0  |             69  |                    69  |           0  |           4  |  00:00:00  |
-----------------------------------------------------------------------------------------------------------------------------------------------------------


Phase 2.5.2 Physical Synthesis In Placer | Checksum: 1efda2c86

Time (s): cpu = 00:00:10 ; elapsed = 00:00:06 . Memory (MB): peak = 2082.512 ; gain = 0.000
Phase 2.5 Global Place Phase2 | Checksum: 2af20f38e

Time (s): cpu = 00:00:11 ; elapsed = 00:00:06 . Memory (MB): peak = 2082.512 ; gain = 0.000
Phase 2 Global Placement | Checksum: 2af20f38e

Time (s): cpu = 00:00:11 ; elapsed = 00:00:06 . Memory (MB): peak = 2082.512 ; gain = 0.000

Phase 3 Detail Placement

Phase 3.1 Commit Multi Column Macros
Phase 3.1 Commit Multi Column Macros | Checksum: 240321355

Time (s): cpu = 00:00:11 ; elapsed = 00:00:07 . Memory (MB): peak = 2082.512 ; gain = 0.000

Phase 3.2 Commit Most Macros & LUTRAMs
Phase 3.2 Commit Most Macros & LUTRAMs | Checksum: 22d1b16ec

Time (s): cpu = 00:00:12 ; elapsed = 00:00:07 . Memory (MB): peak = 2082.512 ; gain = 0.000

Phase 3.3 Area Swap Optimization
Phase 3.3 Area Swap Optimization | Checksum: 19784535a

Time (s): cpu = 00:00:13 ; elapsed = 00:00:07 . Memory (MB): peak = 2082.512 ; gain = 0.000

Phase 3.4 Pipeline Register Optimization
Phase 3.4 Pipeline Register Optimization | Checksum: 1bda39d0c

Time (s): cpu = 00:00:13 ; elapsed = 00:00:07 . Memory (MB): peak = 2082.512 ; gain = 0.000

Phase 3.5 Small Shape Detail Placement
Phase 3.5 Small Shape Detail Placement | Checksum: 2a2c2ad06

Time (s): cpu = 00:00:14 ; elapsed = 00:00:09 . Memory (MB): peak = 2082.512 ; gain = 0.000

Phase 3.6 Re-assign LUT pins
Phase 3.6 Re-assign LUT pins | Checksum: 2b85d54ec

Time (s): cpu = 00:00:15 ; elapsed = 00:00:09 . Memory (MB): peak = 2082.512 ; gain = 0.000

Phase 3.7 Pipeline Register Optimization
Phase 3.7 Pipeline Register Optimization | Checksum: 21a2a4458

Time (s): cpu = 00:00:15 ; elapsed = 00:00:09 . Memory (MB): peak = 2082.512 ; gain = 0.000
Phase 3 Detail Placement | Checksum: 21a2a4458

Time (s): cpu = 00:00:15 ; elapsed = 00:00:09 . Memory (MB): peak = 2082.512 ; gain = 0.000

Phase 4 Post Placement Optimization and Clean-Up

Phase 4.1 Post Commit Optimization
INFO: [Timing 38-35] Done setting XDC timing constraints.

Phase 4.1.1 Post Placement Optimization
Post Placement Optimization Initialization | Checksum: 2fb483350

Phase 4.1.1.1 BUFG Insertion

Starting Physical Synthesis Task

Phase 1 Physical Synthesis Initialization
INFO: [Physopt 32-721] Multithreading enabled for phys_opt_design using a maximum of 2 CPUs
INFO: [Physopt 32-619] Estimated Timing Summary | WNS=2.192 | TNS=0.000 |
Phase 1 Physical Synthesis Initialization | Checksum: 225ed7782

Time (s): cpu = 00:00:00 ; elapsed = 00:00:00.200 . Memory (MB): peak = 2082.512 ; gain = 0.000
INFO: [Place 46-56] BUFG insertion identified 0 candidate nets. Inserted BUFG: 0, Replicated BUFG Driver: 0, Skipped due to Placement/Routing Conflicts: 0, Skipped due to Timing Degradation: 0, Skipped due to netlist editing failed: 0.
Ending Physical Synthesis Task | Checksum: 2e4e85181

Time (s): cpu = 00:00:00 ; elapsed = 00:00:00.234 . Memory (MB): peak = 2082.512 ; gain = 0.000
Phase 4.1.1.1 BUFG Insertion | Checksum: 2fb483350

Time (s): cpu = 00:00:17 ; elapsed = 00:00:11 . Memory (MB): peak = 2082.512 ; gain = 0.000

Phase 4.1.1.2 Post Placement Timing Optimization
INFO: [Place 30-746] Post Placement Timing Summary WNS=2.192. For the most accurate timing information please run report_timing.
Phase 4.1.1.2 Post Placement Timing Optimization | Checksum: 30b619368

Time (s): cpu = 00:00:17 ; elapsed = 00:00:11 . Memory (MB): peak = 2082.512 ; gain = 0.000

Time (s): cpu = 00:00:17 ; elapsed = 00:00:11 . Memory (MB): peak = 2082.512 ; gain = 0.000
Phase 4.1 Post Commit Optimization | Checksum: 30b619368

Time (s): cpu = 00:00:17 ; elapsed = 00:00:11 . Memory (MB): peak = 2082.512 ; gain = 0.000

Phase 4.2 Post Placement Cleanup
Phase 4.2 Post Placement Cleanup | Checksum: 30b619368

Time (s): cpu = 00:00:18 ; elapsed = 00:00:11 . Memory (MB): peak = 2082.512 ; gain = 0.000

Phase 4.3 Placer Reporting

Phase 4.3.1 Print Estimated Congestion
INFO: [Place 30-612] Post-Placement Estimated Congestion 
 ____________________________________________________
|           | Global Congestion | Short Congestion  |
| Direction | Region Size       | Region Size       |
|___________|___________________|___________________|
|      North|                1x1|                1x1|
|___________|___________________|___________________|
|      South|                1x1|                1x1|
|___________|___________________|___________________|
|       East|                1x1|                1x1|
|___________|___________________|___________________|
|       West|                1x1|                1x1|
|___________|___________________|___________________|

Phase 4.3.1 Print Estimated Congestion | Checksum: 30b619368

Time (s): cpu = 00:00:18 ; elapsed = 00:00:11 . Memory (MB): peak = 2082.512 ; gain = 0.000
Phase 4.3 Placer Reporting | Checksum: 30b619368

Time (s): cpu = 00:00:18 ; elapsed = 00:00:11 . Memory (MB): peak = 2082.512 ; gain = 0.000

Phase 4.4 Final Placement Cleanup
Netlist sorting complete. Time (s): cpu = 00:00:00 ; elapsed = 00:00:00.011 . Memory (MB): peak = 2082.512 ; gain = 0.000

Time (s): cpu = 00:00:18 ; elapsed = 00:00:11 . Memory (MB): peak = 2082.512 ; gain = 0.000
Phase 4 Post Placement Optimization and Clean-Up | Checksum: 361addf1e

Time (s): cpu = 00:00:18 ; elapsed = 00:00:11 . Memory (MB): peak = 2082.512 ; gain = 0.000
Ending Placer Task | Checksum: 2701a85fd

Time (s): cpu = 00:00:18 ; elapsed = 00:00:11 . Memory (MB): peak = 2082.512 ; gain = 0.000
97 Infos, 24 Warnings, 0 Critical Warnings and 0 Errors encountered.
place_design completed successfully
place_design: Time (s): cpu = 00:00:22 ; elapsed = 00:00:13 . Memory (MB): peak = 2082.512 ; gain = 0.000
INFO: [Vivado 12-24838] Running report commands "report_control_sets, report_io, report_utilization" in parallel.
Running report generation with 2 threads.
INFO: [Vivado 12-24828] Executing command : report_io -file MicroblazeWithALS_wrapper_io_placed.rpt
report_io: Time (s): cpu = 00:00:00 ; elapsed = 00:00:00.049 . Memory (MB): peak = 2082.512 ; gain = 0.000
INFO: [Vivado 12-24828] Executing command : report_control_sets -verbose -file MicroblazeWithALS_wrapper_control_sets_placed.rpt
report_control_sets: Time (s): cpu = 00:00:00 ; elapsed = 00:00:00.021 . Memory (MB): peak = 2082.512 ; gain = 0.000
INFO: [Vivado 12-24828] Executing command : report_utilization -file MicroblazeWithALS_wrapper_utilization_placed.rpt -pb MicroblazeWithALS_wrapper_utilization_placed.pb
INFO: [Timing 38-480] Writing timing data to binary archive.
Write ShapeDB Complete: Time (s): cpu = 00:00:00 ; elapsed = 00:00:00.020 . Memory (MB): peak = 2082.512 ; gain = 0.000
Wrote PlaceDB: Time (s): cpu = 00:00:01 ; elapsed = 00:00:00.361 . Memory (MB): peak = 2082.512 ; gain = 0.000
Wrote PulsedLatchDB: Time (s): cpu = 00:00:00 ; elapsed = 00:00:00 . Memory (MB): peak = 2082.512 ; gain = 0.000
Writing XDEF routing.
Writing XDEF routing logical nets.
Writing XDEF routing special nets.
Wrote RouteStorage: Time (s): cpu = 00:00:00 ; elapsed = 00:00:00.020 . Memory (MB): peak = 2082.512 ; gain = 0.000
Wrote Netlist Cache: Time (s): cpu = 00:00:00 ; elapsed = 00:00:00.008 . Memory (MB): peak = 2082.512 ; gain = 0.000
Wrote Device Cache: Time (s): cpu = 00:00:00 ; elapsed = 00:00:00.007 . Memory (MB): peak = 2082.512 ; gain = 0.000
Write Physdb Complete: Time (s): cpu = 00:00:01 ; elapsed = 00:00:00.450 . Memory (MB): peak = 2082.512 ; gain = 0.000
INFO: [Common 17-1381] The checkpoint 'D:/Advanced_Hardware_Engineering/ALS_IP_Block/ALS_IP_Block.runs/impl_1/MicroblazeWithALS_wrapper_placed.dcp' has been generated.
Command: phys_opt_design
Attempting to get a license for feature 'Implementation' and/or device 'xc7a100t'
INFO: [Common 17-349] Got license for feature 'Implementation' and/or device 'xc7a100t'

Starting Initial Update Timing Task

Time (s): cpu = 00:00:02 ; elapsed = 00:00:00.935 . Memory (MB): peak = 2082.512 ; gain = 0.000
INFO: [Vivado_Tcl 4-2279] Estimated Timing Summary | WNS= 2.192 | TNS= 0.000 | 
INFO: [Vivado_Tcl 4-383] Design worst setup slack (WNS) is greater than or equal to 0.000 ns. All physical synthesis setup optimizations will be skipped.
INFO: [Vivado_Tcl 4-232] No setup violation found. The netlist was not modified.
INFO: [Common 17-83] Releasing license: Implementation
108 Infos, 24 Warnings, 0 Critical Warnings and 0 Errors encountered.
phys_opt_design completed successfully
INFO: [Timing 38-480] Writing timing data to binary archive.
Write ShapeDB Complete: Time (s): cpu = 00:00:00 ; elapsed = 00:00:00.022 . Memory (MB): peak = 2082.512 ; gain = 0.000
Wrote PlaceDB: Time (s): cpu = 00:00:01 ; elapsed = 00:00:00.378 . Memory (MB): peak = 2082.512 ; gain = 0.000
Wrote PulsedLatchDB: Time (s): cpu = 00:00:00 ; elapsed = 00:00:00 . Memory (MB): peak = 2082.512 ; gain = 0.000
Writing XDEF routing.
Writing XDEF routing logical nets.
Writing XDEF routing special nets.
Wrote RouteStorage: Time (s): cpu = 00:00:00 ; elapsed = 00:00:00.021 . Memory (MB): peak = 2082.512 ; gain = 0.000
Wrote Netlist Cache: Time (s): cpu = 00:00:00 ; elapsed = 00:00:00.008 . Memory (MB): peak = 2082.512 ; gain = 0.000
Wrote Device Cache: Time (s): cpu = 00:00:00 ; elapsed = 00:00:00.006 . Memory (MB): peak = 2082.512 ; gain = 0.000
Write Physdb Complete: Time (s): cpu = 00:00:01 ; elapsed = 00:00:00.458 . Memory (MB): peak = 2082.512 ; gain = 0.000
INFO: [Common 17-1381] The checkpoint 'D:/Advanced_Hardware_Engineering/ALS_IP_Block/ALS_IP_Block.runs/impl_1/MicroblazeWithALS_wrapper_physopt.dcp' has been generated.
Command: route_design
Attempting to get a license for feature 'Implementation' and/or device 'xc7a100t'
INFO: [Common 17-349] Got license for feature 'Implementation' and/or device 'xc7a100t'


Starting Routing Task
INFO: [Route 35-254] Multithreading enabled for route_design using a maximum of 2 CPUs

Phase 1 Build RT Design
Checksum: PlaceDB: eea27372 ConstDB: 0 ShapeSum: cfa5b2f5 RouteDB: b1d25f96
Post Restoration Checksum: NetGraph: 8e9dde5a | NumContArr: 1ac726a5 | Constraints: c2a8fa9d | Timing: c2a8fa9d
Phase 1 Build RT Design | Checksum: 22eb6fa39

Time (s): cpu = 00:00:43 ; elapsed = 00:00:40 . Memory (MB): peak = 2168.750 ; gain = 86.238

Phase 2 Router Initialization

Phase 2.1 Fix Topology Constraints
Phase 2.1 Fix Topology Constraints | Checksum: 22eb6fa39

Time (s): cpu = 00:00:43 ; elapsed = 00:00:40 . Memory (MB): peak = 2168.750 ; gain = 86.238

Phase 2.2 Pre Route Cleanup
Phase 2.2 Pre Route Cleanup | Checksum: 22eb6fa39

Time (s): cpu = 00:00:43 ; elapsed = 00:00:40 . Memory (MB): peak = 2168.750 ; gain = 86.238
 Number of Nodes with overlaps = 0

Phase 2.3 Update Timing
Phase 2.3 Update Timing | Checksum: 13b4c1659

Time (s): cpu = 00:00:47 ; elapsed = 00:00:42 . Memory (MB): peak = 2209.391 ; gain = 126.879
INFO: [Route 35-416] Intermediate Timing Summary | WNS=2.288  | TNS=0.000  | WHS=-0.275 | THS=-203.472|


Phase 2.4 Update Timing for Bus Skew

Phase 2.4.1 Update Timing
Phase 2.4.1 Update Timing | Checksum: 19bfefcf9

Time (s): cpu = 00:00:49 ; elapsed = 00:00:43 . Memory (MB): peak = 2209.391 ; gain = 126.879
INFO: [Route 35-416] Intermediate Timing Summary | WNS=2.288  | TNS=0.000  | WHS=-0.124 | THS=-0.785 |

Phase 2.4 Update Timing for Bus Skew | Checksum: 13edff68e

Time (s): cpu = 00:00:49 ; elapsed = 00:00:43 . Memory (MB): peak = 2209.391 ; gain = 126.879

Phase 2.5 Soft Constraint Pins - Fast Budgeting
Phase 2.5 Soft Constraint Pins - Fast Budgeting | Checksum: 13edff68e

Time (s): cpu = 00:00:49 ; elapsed = 00:00:43 . Memory (MB): peak = 2235.945 ; gain = 153.434

Router Utilization Summary
  Global Vertical Routing Utilization    = 0.00182791 %
  Global Horizontal Routing Utilization  = 0.00206024 %
  Routable Net Status*
  *Does not include unroutable nets such as driverless and loadless.
  Run report_route_status for detailed report.
  Number of Failed Nets               = 3844
    (Failed Nets is the sum of unrouted and partially routed nets)
  Number of Unrouted Nets             = 3844
  Number of Partially Routed Nets     = 0
  Number of Node Overlaps             = 0

Phase 2 Router Initialization | Checksum: 1eb2f05af

Time (s): cpu = 00:00:49 ; elapsed = 00:00:44 . Memory (MB): peak = 2235.945 ; gain = 153.434

Phase 3 Global Routing
Phase 3 Global Routing | Checksum: 1eb2f05af

Time (s): cpu = 00:00:49 ; elapsed = 00:00:44 . Memory (MB): peak = 2235.945 ; gain = 153.434

Phase 4 Initial Routing

Phase 4.1 Initial Net Routing Pass
Phase 4.1 Initial Net Routing Pass | Checksum: 2a746a156

Time (s): cpu = 00:00:57 ; elapsed = 00:00:48 . Memory (MB): peak = 2248.945 ; gain = 166.434
Phase 4 Initial Routing | Checksum: 2a746a156

Time (s): cpu = 00:00:57 ; elapsed = 00:00:48 . Memory (MB): peak = 2248.945 ; gain = 166.434

Phase 5 Rip-up And Reroute

Phase 5.1 Global Iteration 0
 Number of Nodes with overlaps = 383
 Number of Nodes with overlaps = 31
 Number of Nodes with overlaps = 12
 Number of Nodes with overlaps = 4
 Number of Nodes with overlaps = 3
 Number of Nodes with overlaps = 0
INFO: [Route 35-416] Intermediate Timing Summary | WNS=1.838  | TNS=0.000  | WHS=N/A    | THS=N/A    |

Phase 5.1 Global Iteration 0 | Checksum: 255daea09

Time (s): cpu = 00:01:02 ; elapsed = 00:00:52 . Memory (MB): peak = 2248.945 ; gain = 166.434
Phase 5 Rip-up And Reroute | Checksum: 255daea09

Time (s): cpu = 00:01:02 ; elapsed = 00:00:52 . Memory (MB): peak = 2248.945 ; gain = 166.434

Phase 6 Delay and Skew Optimization

Phase 6.1 Delay CleanUp

Phase 6.1.1 Update Timing
Phase 6.1.1 Update Timing | Checksum: 284e61164

Time (s): cpu = 00:01:03 ; elapsed = 00:00:52 . Memory (MB): peak = 2248.945 ; gain = 166.434
INFO: [Route 35-416] Intermediate Timing Summary | WNS=1.845  | TNS=0.000  | WHS=N/A    | THS=N/A    |

Phase 6.1 Delay CleanUp | Checksum: 1ce9caeaf

Time (s): cpu = 00:01:03 ; elapsed = 00:00:52 . Memory (MB): peak = 2248.945 ; gain = 166.434

Phase 6.2 Clock Skew Optimization
Phase 6.2 Clock Skew Optimization | Checksum: 1ce9caeaf

Time (s): cpu = 00:01:03 ; elapsed = 00:00:52 . Memory (MB): peak = 2248.945 ; gain = 166.434
Phase 6 Delay and Skew Optimization | Checksum: 1ce9caeaf

Time (s): cpu = 00:01:03 ; elapsed = 00:00:52 . Memory (MB): peak = 2248.945 ; gain = 166.434

Phase 7 Post Hold Fix

Phase 7.1 Hold Fix Iter
INFO: [Route 35-416] Intermediate Timing Summary | WNS=1.845  | TNS=0.000  | WHS=0.035  | THS=0.000  |

Phase 7.1 Hold Fix Iter | Checksum: 1ecd13192

Time (s): cpu = 00:01:04 ; elapsed = 00:00:52 . Memory (MB): peak = 2248.945 ; gain = 166.434
Phase 7 Post Hold Fix | Checksum: 1ecd13192

Time (s): cpu = 00:01:04 ; elapsed = 00:00:52 . Memory (MB): peak = 2248.945 ; gain = 166.434

Phase 8 Route finalize

Router Utilization Summary
  Global Vertical Routing Utilization    = 0.760543 %
  Global Horizontal Routing Utilization  = 1.04554 %
  Routable Net Status*
  *Does not include unroutable nets such as driverless and loadless.
  Run report_route_status for detailed report.
  Number of Failed Nets               = 0
    (Failed Nets is the sum of unrouted and partially routed nets)
  Number of Unrouted Nets             = 0
  Number of Partially Routed Nets     = 0
  Number of Node Overlaps             = 0

Phase 8 Route finalize | Checksum: 1ecd13192

Time (s): cpu = 00:01:04 ; elapsed = 00:00:52 . Memory (MB): peak = 2248.945 ; gain = 166.434

Phase 9 Verifying routed nets

 Verification completed successfully
Phase 9 Verifying routed nets | Checksum: 1ecd13192

Time (s): cpu = 00:01:04 ; elapsed = 00:00:52 . Memory (MB): peak = 2248.945 ; gain = 166.434

Phase 10 Depositing Routes
Phase 10 Depositing Routes | Checksum: 2d82b8003

Time (s): cpu = 00:01:04 ; elapsed = 00:00:53 . Memory (MB): peak = 2248.945 ; gain = 166.434

Phase 11 Post Process Routing
Phase 11 Post Process Routing | Checksum: 2d82b8003

Time (s): cpu = 00:01:04 ; elapsed = 00:00:53 . Memory (MB): peak = 2248.945 ; gain = 166.434

Phase 12 Post Router Timing
INFO: [Route 35-57] Estimated Timing Summary | WNS=1.845  | TNS=0.000  | WHS=0.035  | THS=0.000  |

INFO: [Route 35-327] The final timing numbers are based on the router estimated timing analysis. For a complete and accurate timing signoff, please run report_timing_summary.
Phase 12 Post Router Timing | Checksum: 2d82b8003

Time (s): cpu = 00:01:04 ; elapsed = 00:00:53 . Memory (MB): peak = 2248.945 ; gain = 166.434
Total Elapsed time in route_design: 52.55 secs

Phase 13 Post-Route Event Processing
Phase 13 Post-Route Event Processing | Checksum: 1c1707adc

Time (s): cpu = 00:01:04 ; elapsed = 00:00:53 . Memory (MB): peak = 2248.945 ; gain = 166.434
INFO: [Route 35-16] Router Completed Successfully
Ending Routing Task | Checksum: 1c1707adc

Time (s): cpu = 00:01:04 ; elapsed = 00:00:53 . Memory (MB): peak = 2248.945 ; gain = 166.434

Routing Is Done.
INFO: [Common 17-83] Releasing license: Implementation
121 Infos, 24 Warnings, 0 Critical Warnings and 0 Errors encountered.
route_design completed successfully
route_design: Time (s): cpu = 00:01:04 ; elapsed = 00:00:53 . Memory (MB): peak = 2248.945 ; gain = 166.434
INFO: [Vivado 12-24828] Executing command : report_drc -file MicroblazeWithALS_wrapper_drc_routed.rpt -pb MicroblazeWithALS_wrapper_drc_routed.pb -rpx MicroblazeWithALS_wrapper_drc_routed.rpx
Command: report_drc -file MicroblazeWithALS_wrapper_drc_routed.rpt -pb MicroblazeWithALS_wrapper_drc_routed.pb -rpx MicroblazeWithALS_wrapper_drc_routed.rpx
INFO: [IP_Flow 19-1839] IP Catalog is up to date.
INFO: [DRC 23-27] Running DRC with 2 threads
INFO: [Vivado_Tcl 2-168] The results of DRC are in file D:/Advanced_Hardware_Engineering/ALS_IP_Block/ALS_IP_Block.runs/impl_1/MicroblazeWithALS_wrapper_drc_routed.rpt.
report_drc completed successfully
INFO: [Vivado 12-24828] Executing command : report_methodology -file MicroblazeWithALS_wrapper_methodology_drc_routed.rpt -pb MicroblazeWithALS_wrapper_methodology_drc_routed.pb -rpx MicroblazeWithALS_wrapper_methodology_drc_routed.rpx
Command: report_methodology -file MicroblazeWithALS_wrapper_methodology_drc_routed.rpt -pb MicroblazeWithALS_wrapper_methodology_drc_routed.pb -rpx MicroblazeWithALS_wrapper_methodology_drc_routed.rpx
INFO: [Timing 38-35] Done setting XDC timing constraints.
INFO: [DRC 23-133] Running Methodology with 2 threads
INFO: [Vivado_Tcl 2-1520] The results of Report Methodology are in file D:/Advanced_Hardware_Engineering/ALS_IP_Block/ALS_IP_Block.runs/impl_1/MicroblazeWithALS_wrapper_methodology_drc_routed.rpt.
report_methodology completed successfully
report_methodology: Time (s): cpu = 00:00:11 ; elapsed = 00:00:06 . Memory (MB): peak = 2260.730 ; gain = 11.785
INFO: [Vivado 12-24828] Executing command : report_timing_summary -max_paths 10 -routable_nets -report_unconstrained -file MicroblazeWithALS_wrapper_timing_summary_routed.rpt -pb MicroblazeWithALS_wrapper_timing_summary_routed.pb -rpx MicroblazeWithALS_wrapper_timing_summary_routed.rpx -warn_on_violation 
INFO: [Timing 38-35] Done setting XDC timing constraints.
INFO: [Timing 38-91] UpdateTimingParams: Speed grade: -1, Delay Type: min_max.
INFO: [Timing 38-191] Multithreading enabled for timing update using a maximum of 2 CPUs
WARNING: [Timing 38-436] There are set_bus_skew constraint(s) in this design. Please run report_bus_skew to ensure that bus skew requirements are met.
INFO: [Vivado 12-24838] Running report commands "report_incremental_reuse, report_route_status" in parallel.
Running report generation with 2 threads.
INFO: [Vivado 12-24828] Executing command : report_incremental_reuse -file MicroblazeWithALS_wrapper_incremental_reuse_routed.rpt
INFO: [Vivado_Tcl 4-1062] Incremental flow is disabled. No incremental reuse Info to report.
INFO: [Vivado 12-24828] Executing command : report_route_status -file MicroblazeWithALS_wrapper_route_status.rpt -pb MicroblazeWithALS_wrapper_route_status.pb
INFO: [Vivado 12-24828] Executing command : report_power -file MicroblazeWithALS_wrapper_power_routed.rpt -pb MicroblazeWithALS_wrapper_power_summary_routed.pb -rpx MicroblazeWithALS_wrapper_power_routed.rpx
Command: report_power -file MicroblazeWithALS_wrapper_power_routed.rpt -pb MicroblazeWithALS_wrapper_power_summary_routed.pb -rpx MicroblazeWithALS_wrapper_power_routed.rpx
Running Vector-less Activity Propagation...

Finished Running Vector-less Activity Propagation
WARNING: [Power 33-332] Found switching activity that implies high-fanout reset nets being asserted for excessive periods of time which may result in inaccurate power analysis.
Resolution: To review and fix problems, please run Power Constraints Advisor in the GUI from Tools > Power Constraints Advisor or run report_power with the -advisory option to generate a text report.
138 Infos, 26 Warnings, 0 Critical Warnings and 0 Errors encountered.
report_power completed successfully
INFO: [Vivado 12-24828] Executing command : report_clock_utilization -file MicroblazeWithALS_wrapper_clock_utilization_routed.rpt
INFO: [Vivado 12-24828] Executing command : report_bus_skew -warn_on_violation -file MicroblazeWithALS_wrapper_bus_skew_routed.rpt -pb MicroblazeWithALS_wrapper_bus_skew_routed.pb -rpx MicroblazeWithALS_wrapper_bus_skew_routed.rpx
INFO: [Timing 38-91] UpdateTimingParams: Speed grade: -1, Delay Type: min_max.
INFO: [Timing 38-191] Multithreading enabled for timing update using a maximum of 2 CPUs
generate_parallel_reports: Time (s): cpu = 00:00:25 ; elapsed = 00:00:15 . Memory (MB): peak = 2268.281 ; gain = 19.336
INFO: [Timing 38-480] Writing timing data to binary archive.
Write ShapeDB Complete: Time (s): cpu = 00:00:00 ; elapsed = 00:00:00.033 . Memory (MB): peak = 2273.789 ; gain = 5.508
Wrote PlaceDB: Time (s): cpu = 00:00:02 ; elapsed = 00:00:00.422 . Memory (MB): peak = 2288.902 ; gain = 20.621
Wrote PulsedLatchDB: Time (s): cpu = 00:00:00 ; elapsed = 00:00:00 . Memory (MB): peak = 2288.902 ; gain = 0.000
Writing XDEF routing.
Writing XDEF routing logical nets.
Writing XDEF routing special nets.
Wrote RouteStorage: Time (s): cpu = 00:00:00 ; elapsed = 00:00:00.076 . Memory (MB): peak = 2288.902 ; gain = 0.000
Wrote Netlist Cache: Time (s): cpu = 00:00:00 ; elapsed = 00:00:00.008 . Memory (MB): peak = 2288.902 ; gain = 0.000
Wrote Device Cache: Time (s): cpu = 00:00:00 ; elapsed = 00:00:00.007 . Memory (MB): peak = 2288.902 ; gain = 0.000
Write Physdb Complete: Time (s): cpu = 00:00:02 ; elapsed = 00:00:00.557 . Memory (MB): peak = 2288.902 ; gain = 20.621
INFO: [Common 17-1381] The checkpoint 'D:/Advanced_Hardware_Engineering/ALS_IP_Block/ALS_IP_Block.runs/impl_1/MicroblazeWithALS_wrapper_routed.dcp' has been generated.
INFO: [Memdata 28-167] Found XPM memory block MicroblazeWithALS_i/PmodOLEDrgb_0/inst/axi_quad_spi_0/U0/NO_DUAL_QUAD_MODE.QSPI_NORMAL/QSPI_LEGACY_MD_GEN.QSPI_CORE_INTERFACE_I/FIFO_EXISTS.TX_FIFO_II/gnuram_async_fifo.xpm_fifo_base_inst/gen_sdpram.xpm_memory_base_inst with a P_MEMORY_PRIMITIVE property set to auto. A value of block is required. You will not be able to use the updatemem program to update the bitstream with new data for the MicroblazeWithALS_i/PmodOLEDrgb_0/inst/axi_quad_spi_0/U0/NO_DUAL_QUAD_MODE.QSPI_NORMAL/QSPI_LEGACY_MD_GEN.QSPI_CORE_INTERFACE_I/FIFO_EXISTS.TX_FIFO_II/gnuram_async_fifo.xpm_fifo_base_inst/gen_sdpram.xpm_memory_base_inst block.
INFO: [Memdata 28-167] Found XPM memory block MicroblazeWithALS_i/PmodOLEDrgb_0/inst/axi_quad_spi_0/U0/NO_DUAL_QUAD_MODE.QSPI_NORMAL/QSPI_LEGACY_MD_GEN.QSPI_CORE_INTERFACE_I/FIFO_EXISTS.RX_FIFO_II/gnuram_async_fifo.xpm_fifo_base_inst/gen_sdpram.xpm_memory_base_inst with a P_MEMORY_PRIMITIVE property set to auto. A value of block is required. You will not be able to use the updatemem program to update the bitstream with new data for the MicroblazeWithALS_i/PmodOLEDrgb_0/inst/axi_quad_spi_0/U0/NO_DUAL_QUAD_MODE.QSPI_NORMAL/QSPI_LEGACY_MD_GEN.QSPI_CORE_INTERFACE_I/FIFO_EXISTS.RX_FIFO_II/gnuram_async_fifo.xpm_fifo_base_inst/gen_sdpram.xpm_memory_base_inst block.
Command: write_bitstream -force MicroblazeWithALS_wrapper.bit
Attempting to get a license for feature 'Implementation' and/or device 'xc7a100t'
INFO: [Common 17-349] Got license for feature 'Implementation' and/or device 'xc7a100t'
Running DRC as a precondition to command write_bitstream
INFO: [IP_Flow 19-1839] IP Catalog is up to date.
INFO: [DRC 23-27] Running DRC with 2 threads
INFO: [Vivado 12-3199] DRC finished with 0 Errors
INFO: [Vivado 12-3200] Please refer to the DRC report (report_drc) for more information.
INFO: [Designutils 20-2272] Running write_bitstream with 2 threads.
Loading data files...
Loading site data...
Loading route data...
Processing options...
Creating bitmap...
Creating bitstream...
Writing bitstream ./MicroblazeWithALS_wrapper.bit...
INFO: [Vivado 12-1842] Bitgen Completed Successfully.
INFO: [Common 17-83] Releasing license: Implementation
154 Infos, 26 Warnings, 0 Critical Warnings and 0 Errors encountered.
write_bitstream completed successfully
write_bitstream: Time (s): cpu = 00:00:26 ; elapsed = 00:00:18 . Memory (MB): peak = 2783.641 ; gain = 494.738
INFO: [Common 17-206] Exiting Vivado at Thu Dec 11 17:36:03 2025...
