22:25:06 **** Build of configuration Debug for project OLED_comp ****
make all 
'Building file: ../src/main.c'
'Invoking: MicroBlaze gcc compiler'
mb-gcc -Wall -O0 -g3 -c -fmessage-length=0 -MT"src/main.o" -IF:/Advanced_Hardware_Engineering/Vivado_2021/Workspace/OLED/OLED_Platform_J/export/OLED_Platform_J/sw/OLED_Platform_J/standalone_domain/bspinclude/include -mlittle-endian -mcpu=v11.0 -mxl-soft-mul -Wl,--no-relax -ffunction-sections -fdata-sections -MMD -MP -MF"src/main.d" -MT"src/main.o" -o "src/main.o" "../src/main.c"
'Finished building: ../src/main.c'
' '
'Building target: OLED_comp.elf'
'Invoking: MicroBlaze gcc linker'
mb-gcc -Wl,-T -Wl,../src/lscript.ld -LF:/Advanced_Hardware_Engineering/Vivado_2021/Workspace/OLED/OLED_Platform_J/export/OLED_Platform_J/sw/OLED_Platform_J/standalone_domain/bsplib/lib -mlittle-endian -mcpu=v11.0 -mxl-soft-mul -Wl,--no-relax -Wl,--gc-sections -o "OLED_comp.elf"  ./src/main.o   -Wl,--start-group,-lxil,-lgcc,-lc,--end-group
'Finished building target: OLED_comp.elf'
' '
'Invoking: MicroBlaze Print Size'
mb-size OLED_comp.elf  |tee "OLED_comp.elf.size"
   text	   data	    bss	    dec	    hex	filename
  21700	    392	   3508	  25600	   6400	OLED_comp.elf
'Finished building: OLED_comp.elf.size'
' '

22:25:06 Build Finished (took 343ms)

