12:41:58 **** Build of configuration Debug for project tmp3_monitor_app ****
make all 
'Building file: ../src/helloworld.c'
'Invoking: MicroBlaze gcc compiler'
mb-gcc -Wall -O0 -g3 -c -fmessage-length=0 -MT"src/helloworld.o" -IC:/Users/User/Documents/GitHub/AHE_Group_G/workspace_TMP3_7.1.26_1/TMP3_Platform/export/TMP3_Platform/sw/TMP3_Platform/standalone_domain/bspinclude/include -mlittle-endian -mcpu=v11.0 -mxl-soft-mul -Wl,--no-relax -ffunction-sections -fdata-sections -MMD -MP -MF"src/helloworld.d" -MT"src/helloworld.o" -o "src/helloworld.o" "../src/helloworld.c"
'Finished building: ../src/helloworld.c'
' '
'Building file: ../src/platform.c'
'Invoking: MicroBlaze gcc compiler'
mb-gcc -Wall -O0 -g3 -c -fmessage-length=0 -MT"src/platform.o" -IC:/Users/User/Documents/GitHub/AHE_Group_G/workspace_TMP3_7.1.26_1/TMP3_Platform/export/TMP3_Platform/sw/TMP3_Platform/standalone_domain/bspinclude/include -mlittle-endian -mcpu=v11.0 -mxl-soft-mul -Wl,--no-relax -ffunction-sections -fdata-sections -MMD -MP -MF"src/platform.d" -MT"src/platform.o" -o "src/platform.o" "../src/platform.c"
'Finished building: ../src/platform.c'
' '
'Building target: tmp3_monitor_app.elf'
'Invoking: MicroBlaze gcc linker'
mb-gcc -Wl,-T -Wl,../src/lscript.ld -LC:/Users/User/Documents/GitHub/AHE_Group_G/workspace_TMP3_7.1.26_1/TMP3_Platform/export/TMP3_Platform/sw/TMP3_Platform/standalone_domain/bsplib/lib -mlittle-endian -mcpu=v11.0 -mxl-soft-mul -Wl,--no-relax -Wl,--gc-sections -o "tmp3_monitor_app.elf"  ./src/helloworld.o ./src/platform.o   -Wl,--start-group,-lxil,-lgcc,-lc,--end-group
'Finished building target: tmp3_monitor_app.elf'
' '
'Invoking: MicroBlaze Print Size'
mb-size tmp3_monitor_app.elf  |tee "tmp3_monitor_app.elf.size"
   text	   data	    bss	    dec	    hex	filename
  16152	    340	   3220	  19712	   4d00	tmp3_monitor_app.elf
'Finished building: tmp3_monitor_app.elf.size'
' '

12:41:59 Build Finished (took 1s.204ms)

