21:57:06 INFO  : Launching XSCT server: xsct.bat -n  -interactive F:\Advanced_Hardware_Engineering\Vivado_2021\Workspace\ALL_PMODS\temp_xsdb_launch_script.tcl
21:57:06 INFO  : Platform repository initialization has completed.
21:57:06 INFO  : Registering command handlers for Vitis TCF services
21:57:08 INFO  : XSCT server has started successfully.
21:57:08 INFO  : Successfully done setting XSCT server connection channel  
21:57:08 INFO  : plnx-install-location is set to ''
21:57:08 INFO  : Successfully done setting workspace for the tool. 
21:57:08 INFO  : Successfully done query RDI_DATADIR 
21:58:19 INFO  : Result from executing command 'getProjects': All_PMods_Platform
21:58:19 INFO  : Result from executing command 'getPlatforms': 
21:58:24 INFO  : Result from executing command 'removePlatformRepo': 
21:58:32 INFO  : Result from executing command 'getProjects': All_PMods_Platform
21:58:32 INFO  : Result from executing command 'getPlatforms': 
21:59:35 INFO  : Connected to target on host '127.0.0.1' and port '3121'.
21:59:35 INFO  : Jtag cable 'Digilent Nexys A7 -100T 210292B61B0FA' is selected.
21:59:35 INFO  : 'jtag frequency' command is executed.
21:59:35 INFO  : 'targets -set -filter {jtag_cable_name =~ "Digilent Nexys A7 -100T 210292B61B0FA" && level==0 && jtag_device_ctx=="jsn-Nexys A7 -100T-210292B61B0FA-13631093-0"}' command is executed.
21:59:37 INFO  : Device configured successfully with "F:/Advanced_Hardware_Engineering/Vivado_2021/Workspace/ALL_PMODS/All_Comps/_ide/bitstream/TEST_J_2021_ALLPMODS_wrapper.bit"
21:59:37 INFO  : Context for processor 'microblaze_0' is selected.
21:59:37 INFO  : Hardware design and registers information is loaded from 'F:/Advanced_Hardware_Engineering/Vivado_2021/Workspace/ALL_PMODS/All_PMods_Platform/export/All_PMods_Platform/hw/TEST_J_2021_ALLPMODS_wrapper.xsa'.
21:59:37 INFO  : 'configparams mdm-detect-bscan-mask 2' command is executed.
21:59:37 INFO  : Context for processor 'microblaze_0' is selected.
21:59:37 INFO  : System reset is completed.
21:59:41 INFO  : 'after 3000' command is executed.
21:59:41 INFO  : ----------------XSDB Script----------------
connect -url tcp:127.0.0.1:3121
targets -set -filter {jtag_cable_name =~ "Digilent Nexys A7 -100T 210292B61B0FA" && level==0 && jtag_device_ctx=="jsn-Nexys A7 -100T-210292B61B0FA-13631093-0"}
fpga -file F:/Advanced_Hardware_Engineering/Vivado_2021/Workspace/ALL_PMODS/All_Comps/_ide/bitstream/TEST_J_2021_ALLPMODS_wrapper.bit
targets -set -nocase -filter {name =~ "*microblaze*#0" && bscan=="USER2" }
loadhw -hw F:/Advanced_Hardware_Engineering/Vivado_2021/Workspace/ALL_PMODS/All_PMods_Platform/export/All_PMods_Platform/hw/TEST_J_2021_ALLPMODS_wrapper.xsa -regs
configparams mdm-detect-bscan-mask 2
targets -set -nocase -filter {name =~ "*microblaze*#0" && bscan=="USER2" }
rst -system
after 3000
----------------End of Script----------------

21:59:41 INFO  : Launch script is exported to file 'F:\Advanced_Hardware_Engineering\Vivado_2021\Workspace\ALL_PMODS\All_Comps_system\_ide\scripts\debugger_all_comps-default.tcl'
22:00:07 INFO  : Result from executing command 'removePlatformRepo': 
22:00:17 INFO  : Result from executing command 'getProjects': All_PMods_Platform
22:00:17 INFO  : Result from executing command 'getPlatforms': 
22:00:17 INFO  : Checking for BSP changes to sync application flags for project 'All_Comps'...
22:00:39 INFO  : Result from executing command 'removePlatformRepo': 
22:00:49 INFO  : Result from executing command 'getProjects': All_PMods_Platform
22:00:49 INFO  : Result from executing command 'getPlatforms': 
22:00:53 INFO  : Checking for BSP changes to sync application flags for project 'All_Comps'...
22:00:58 INFO  : Result from executing command 'removePlatformRepo': 
22:01:09 INFO  : Result from executing command 'getProjects': All_PMods_Platform
22:01:09 INFO  : Result from executing command 'getPlatforms': 
22:01:09 INFO  : Checking for BSP changes to sync application flags for project 'All_Comps'...
22:04:13 INFO  : Result from executing command 'removePlatformRepo': 
22:04:22 INFO  : Result from executing command 'getProjects': All_PMods_Platform
22:04:22 INFO  : Result from executing command 'getPlatforms': 
22:04:23 INFO  : Checking for BSP changes to sync application flags for project 'All_Comps'...
22:04:30 INFO  : Disconnected from the channel tcfchan#3.
22:04:31 INFO  : Connected to target on host '127.0.0.1' and port '3121'.
22:04:40 INFO  : ----------------XSDB Script----------------
connect -url tcp:127.0.0.1:3121
----------------End of Script----------------

22:04:40 ERROR : Could not find FPGA device on the board for connection 'Local'.


Troubleshooting hints:
1. Check whether board is connected to system properly.
2. In case of zynq board, check whether Digilent/Xilinx cable switch settings are correct.
3. If you are using Xilinx Platform Cable USB, ensure that status LED is green.
22:04:46 INFO  : Connected to target on host '127.0.0.1' and port '3121'.
22:04:46 INFO  : Jtag cable 'Digilent Nexys A7 -100T 210292B61B0FA' is selected.
22:04:46 INFO  : 'jtag frequency' command is executed.
22:04:46 INFO  : 'targets -set -filter {jtag_cable_name =~ "Digilent Nexys A7 -100T 210292B61B0FA" && level==0 && jtag_device_ctx=="jsn-Nexys A7 -100T-210292B61B0FA-13631093-0"}' command is executed.
22:04:49 INFO  : Device configured successfully with "F:/Advanced_Hardware_Engineering/Vivado_2021/Workspace/ALL_PMODS/All_Comps/_ide/bitstream/TEST_J_2021_ALLPMODS_wrapper.bit"
22:04:49 INFO  : Context for processor 'microblaze_0' is selected.
22:04:49 INFO  : Hardware design and registers information is loaded from 'F:/Advanced_Hardware_Engineering/Vivado_2021/Workspace/ALL_PMODS/All_PMods_Platform/export/All_PMods_Platform/hw/TEST_J_2021_ALLPMODS_wrapper.xsa'.
22:04:49 INFO  : 'configparams mdm-detect-bscan-mask 2' command is executed.
22:04:49 INFO  : Context for processor 'microblaze_0' is selected.
22:04:49 INFO  : System reset is completed.
22:04:52 INFO  : 'after 3000' command is executed.
22:04:52 INFO  : Context for processor 'microblaze_0' is selected.
22:04:52 INFO  : The application 'F:/Advanced_Hardware_Engineering/Vivado_2021/Workspace/ALL_PMODS/All_Comps/Debug/All_Comps.elf' is downloaded to processor 'microblaze_0'.
22:04:52 INFO  : ----------------XSDB Script----------------
connect -url tcp:127.0.0.1:3121
targets -set -filter {jtag_cable_name =~ "Digilent Nexys A7 -100T 210292B61B0FA" && level==0 && jtag_device_ctx=="jsn-Nexys A7 -100T-210292B61B0FA-13631093-0"}
fpga -file F:/Advanced_Hardware_Engineering/Vivado_2021/Workspace/ALL_PMODS/All_Comps/_ide/bitstream/TEST_J_2021_ALLPMODS_wrapper.bit
targets -set -nocase -filter {name =~ "*microblaze*#0" && bscan=="USER2" }
loadhw -hw F:/Advanced_Hardware_Engineering/Vivado_2021/Workspace/ALL_PMODS/All_PMods_Platform/export/All_PMods_Platform/hw/TEST_J_2021_ALLPMODS_wrapper.xsa -regs
configparams mdm-detect-bscan-mask 2
targets -set -nocase -filter {name =~ "*microblaze*#0" && bscan=="USER2" }
rst -system
after 3000
targets -set -nocase -filter {name =~ "*microblaze*#0" && bscan=="USER2" }
dow F:/Advanced_Hardware_Engineering/Vivado_2021/Workspace/ALL_PMODS/All_Comps/Debug/All_Comps.elf
----------------End of Script----------------

22:04:52 INFO  : Context for processor 'microblaze_0' is selected.
22:04:52 INFO  : 'con' command is executed.
22:04:52 INFO  : ----------------XSDB Script (After Launch)----------------
targets -set -nocase -filter {name =~ "*microblaze*#0" && bscan=="USER2" }
con
----------------End of Script----------------

22:04:52 INFO  : Launch script is exported to file 'F:\Advanced_Hardware_Engineering\Vivado_2021\Workspace\ALL_PMODS\All_Comps_system\_ide\scripts\debugger_all_comps-default.tcl'
22:06:21 INFO  : Disconnected from the channel tcfchan#12.
22:06:22 INFO  : Connected to target on host '127.0.0.1' and port '3121'.
22:06:31 INFO  : ----------------XSDB Script----------------
connect -url tcp:127.0.0.1:3121
----------------End of Script----------------

22:06:31 ERROR : Could not find FPGA device on the board for connection 'Local'.


Troubleshooting hints:
1. Check whether board is connected to system properly.
2. In case of zynq board, check whether Digilent/Xilinx cable switch settings are correct.
3. If you are using Xilinx Platform Cable USB, ensure that status LED is green.
22:06:37 INFO  : Connected to target on host '127.0.0.1' and port '3121'.
22:06:37 INFO  : Jtag cable 'Digilent Nexys A7 -100T 210292B61B0FA' is selected.
22:06:37 INFO  : 'jtag frequency' command is executed.
22:06:37 INFO  : 'targets -set -filter {jtag_cable_name =~ "Digilent Nexys A7 -100T 210292B61B0FA" && level==0 && jtag_device_ctx=="jsn-Nexys A7 -100T-210292B61B0FA-13631093-0"}' command is executed.
22:06:40 INFO  : Device configured successfully with "F:/Advanced_Hardware_Engineering/Vivado_2021/Workspace/ALL_PMODS/All_Comps/_ide/bitstream/TEST_J_2021_ALLPMODS_wrapper.bit"
22:06:40 INFO  : Context for processor 'microblaze_0' is selected.
22:06:40 INFO  : Hardware design and registers information is loaded from 'F:/Advanced_Hardware_Engineering/Vivado_2021/Workspace/ALL_PMODS/All_PMods_Platform/export/All_PMods_Platform/hw/TEST_J_2021_ALLPMODS_wrapper.xsa'.
22:06:40 INFO  : 'configparams mdm-detect-bscan-mask 2' command is executed.
22:06:40 INFO  : Context for processor 'microblaze_0' is selected.
22:06:40 INFO  : System reset is completed.
22:06:43 INFO  : 'after 3000' command is executed.
22:06:43 INFO  : Context for processor 'microblaze_0' is selected.
22:06:43 INFO  : The application 'F:/Advanced_Hardware_Engineering/Vivado_2021/Workspace/ALL_PMODS/All_Comps/Debug/All_Comps.elf' is downloaded to processor 'microblaze_0'.
22:06:43 INFO  : ----------------XSDB Script----------------
connect -url tcp:127.0.0.1:3121
targets -set -filter {jtag_cable_name =~ "Digilent Nexys A7 -100T 210292B61B0FA" && level==0 && jtag_device_ctx=="jsn-Nexys A7 -100T-210292B61B0FA-13631093-0"}
fpga -file F:/Advanced_Hardware_Engineering/Vivado_2021/Workspace/ALL_PMODS/All_Comps/_ide/bitstream/TEST_J_2021_ALLPMODS_wrapper.bit
targets -set -nocase -filter {name =~ "*microblaze*#0" && bscan=="USER2" }
loadhw -hw F:/Advanced_Hardware_Engineering/Vivado_2021/Workspace/ALL_PMODS/All_PMods_Platform/export/All_PMods_Platform/hw/TEST_J_2021_ALLPMODS_wrapper.xsa -regs
configparams mdm-detect-bscan-mask 2
targets -set -nocase -filter {name =~ "*microblaze*#0" && bscan=="USER2" }
rst -system
after 3000
targets -set -nocase -filter {name =~ "*microblaze*#0" && bscan=="USER2" }
dow F:/Advanced_Hardware_Engineering/Vivado_2021/Workspace/ALL_PMODS/All_Comps/Debug/All_Comps.elf
----------------End of Script----------------

22:06:43 INFO  : Context for processor 'microblaze_0' is selected.
22:06:43 INFO  : 'con' command is executed.
22:06:43 INFO  : ----------------XSDB Script (After Launch)----------------
targets -set -nocase -filter {name =~ "*microblaze*#0" && bscan=="USER2" }
con
----------------End of Script----------------

22:06:43 INFO  : Launch script is exported to file 'F:\Advanced_Hardware_Engineering\Vivado_2021\Workspace\ALL_PMODS\All_Comps_system\_ide\scripts\debugger_all_comps-default.tcl'
22:09:12 INFO  : Result from executing command 'removePlatformRepo': 
22:09:20 INFO  : Result from executing command 'getProjects': All_PMods_Platform
22:09:20 INFO  : Result from executing command 'getPlatforms': 
22:09:20 INFO  : Checking for BSP changes to sync application flags for project 'All_Comps'...
22:09:35 INFO  : Disconnected from the channel tcfchan#13.
22:09:36 INFO  : Connected to target on host '127.0.0.1' and port '3121'.
22:09:36 INFO  : Jtag cable 'Digilent Nexys A7 -100T 210292B61B0FA' is selected.
22:09:36 INFO  : 'jtag frequency' command is executed.
22:09:36 INFO  : 'targets -set -filter {jtag_cable_name =~ "Digilent Nexys A7 -100T 210292B61B0FA" && level==0 && jtag_device_ctx=="jsn-Nexys A7 -100T-210292B61B0FA-13631093-0"}' command is executed.
22:09:38 INFO  : Device configured successfully with "F:/Advanced_Hardware_Engineering/Vivado_2021/Workspace/ALL_PMODS/All_Comps/_ide/bitstream/TEST_J_2021_ALLPMODS_wrapper.bit"
22:09:38 INFO  : Context for processor 'microblaze_0' is selected.
22:09:38 INFO  : Hardware design and registers information is loaded from 'F:/Advanced_Hardware_Engineering/Vivado_2021/Workspace/ALL_PMODS/All_PMods_Platform/export/All_PMods_Platform/hw/TEST_J_2021_ALLPMODS_wrapper.xsa'.
22:09:38 INFO  : 'configparams mdm-detect-bscan-mask 2' command is executed.
22:09:38 INFO  : Context for processor 'microblaze_0' is selected.
22:09:38 INFO  : System reset is completed.
22:09:41 INFO  : 'after 3000' command is executed.
22:09:41 INFO  : Context for processor 'microblaze_0' is selected.
22:09:42 INFO  : The application 'F:/Advanced_Hardware_Engineering/Vivado_2021/Workspace/ALL_PMODS/All_Comps/Debug/All_Comps.elf' is downloaded to processor 'microblaze_0'.
22:09:42 INFO  : ----------------XSDB Script----------------
connect -url tcp:127.0.0.1:3121
targets -set -filter {jtag_cable_name =~ "Digilent Nexys A7 -100T 210292B61B0FA" && level==0 && jtag_device_ctx=="jsn-Nexys A7 -100T-210292B61B0FA-13631093-0"}
fpga -file F:/Advanced_Hardware_Engineering/Vivado_2021/Workspace/ALL_PMODS/All_Comps/_ide/bitstream/TEST_J_2021_ALLPMODS_wrapper.bit
targets -set -nocase -filter {name =~ "*microblaze*#0" && bscan=="USER2" }
loadhw -hw F:/Advanced_Hardware_Engineering/Vivado_2021/Workspace/ALL_PMODS/All_PMods_Platform/export/All_PMods_Platform/hw/TEST_J_2021_ALLPMODS_wrapper.xsa -regs
configparams mdm-detect-bscan-mask 2
targets -set -nocase -filter {name =~ "*microblaze*#0" && bscan=="USER2" }
rst -system
after 3000
targets -set -nocase -filter {name =~ "*microblaze*#0" && bscan=="USER2" }
dow F:/Advanced_Hardware_Engineering/Vivado_2021/Workspace/ALL_PMODS/All_Comps/Debug/All_Comps.elf
----------------End of Script----------------

22:09:42 INFO  : Context for processor 'microblaze_0' is selected.
22:09:42 INFO  : 'con' command is executed.
22:09:42 INFO  : ----------------XSDB Script (After Launch)----------------
targets -set -nocase -filter {name =~ "*microblaze*#0" && bscan=="USER2" }
con
----------------End of Script----------------

22:09:42 INFO  : Launch script is exported to file 'F:\Advanced_Hardware_Engineering\Vivado_2021\Workspace\ALL_PMODS\All_Comps_system\_ide\scripts\debugger_all_comps-default.tcl'
22:12:32 INFO  : Disconnected from the channel tcfchan#16.
22:16:48 INFO  : Launching XSCT server: xsct.bat -n  -interactive F:\Advanced_Hardware_Engineering\Vivado_2021\Workspace\ALL_PMODS\temp_xsdb_launch_script.tcl
22:16:50 INFO  : XSCT server has started successfully.
22:16:50 INFO  : Platform repository initialization has completed.
22:16:50 INFO  : plnx-install-location is set to ''
22:16:50 INFO  : Successfully done setting XSCT server connection channel  
22:16:50 INFO  : Successfully done query RDI_DATADIR 
22:16:50 INFO  : Successfully done setting workspace for the tool. 
22:16:50 INFO  : Registering command handlers for Vitis TCF services
