17:32:49 **** Build of configuration Release for project TMP3_comp ****
make all 
'Building file: ../src/main.c'
'Invoking: MicroBlaze gcc compiler'
mb-gcc -Wall -O2 -c -fmessage-length=0 -MT"src/main.o" -IC:/Users/User/Documents/GitHub/AHE_Group_G/Project_Work/Vivado_2021/Workspace/TMP3/TMP3_Platform_J/export/TMP3_Platform_J/sw/TMP3_Platform_J/standalone_domain/bspinclude/include -mlittle-endian -mcpu=v11.0 -mxl-soft-mul -Wl,--no-relax -ffunction-sections -fdata-sections -MMD -MP -MF"src/main.d" -MT"src/main.o" -o "src/main.o" "../src/main.c"
'Finished building: ../src/main.c'
' '
'Building target: TMP3_comp.elf'
'Invoking: MicroBlaze gcc linker'
mb-gcc -Wl,-T -Wl,../src/lscript.ld -LC:/Users/User/Documents/GitHub/AHE_Group_G/Project_Work/Vivado_2021/Workspace/TMP3/TMP3_Platform_J/export/TMP3_Platform_J/sw/TMP3_Platform_J/standalone_domain/bsplib/lib -mlittle-endian -mcpu=v11.0 -mxl-soft-mul -Wl,--no-relax -Wl,--gc-sections -o "TMP3_comp.elf"  ./src/main.o   -Wl,--start-group,-lxil,-lgcc,-lc,--end-group
'Finished building target: TMP3_comp.elf'
' '
'Invoking: MicroBlaze Print Size'
mb-size TMP3_comp.elf  |tee "TMP3_comp.elf.size"
   text	   data	    bss	    dec	    hex	filename
  17052	    348	   3224	  20624	   5090	TMP3_comp.elf
'Finished building: TMP3_comp.elf.size'
' '

17:32:49 Build Finished (took 874ms)

