22:15:55 **** Build of configuration Debug for project TMP3_comp ****
make all 
'Building file: ../src/main.c'
'Invoking: MicroBlaze gcc compiler'
mb-gcc -Wall -O0 -g3 -c -fmessage-length=0 -MT"src/main.o" -IF:/Advanced_Hardware_Engineering/Vivado_2021/Workspace/TMP3/TMP3_Platform_J/export/TMP3_Platform_J/sw/TMP3_Platform_J/standalone_domain/bspinclude/include -mlittle-endian -mcpu=v11.0 -mxl-soft-mul -Wl,--no-relax -ffunction-sections -fdata-sections -MMD -MP -MF"src/main.d" -MT"src/main.o" -o "src/main.o" "../src/main.c"
'Finished building: ../src/main.c'
' '
'Building target: TMP3_comp.elf'
'Invoking: MicroBlaze gcc linker'
mb-gcc -Wl,-T -Wl,../src/lscript.ld -LF:/Advanced_Hardware_Engineering/Vivado_2021/Workspace/TMP3/TMP3_Platform_J/export/TMP3_Platform_J/sw/TMP3_Platform_J/standalone_domain/bsplib/lib -mlittle-endian -mcpu=v11.0 -mxl-soft-mul -Wl,--no-relax -Wl,--gc-sections -o "TMP3_comp.elf"  ./src/main.o   -Wl,--start-group,-lxil,-lgcc,-lc,--end-group
'Finished building target: TMP3_comp.elf'
' '
'Invoking: MicroBlaze Print Size'
mb-size TMP3_comp.elf  |tee "TMP3_comp.elf.size"
   text	   data	    bss	    dec	    hex	filename
  17604	    348	   3224	  21176	   52b8	TMP3_comp.elf
'Finished building: TMP3_comp.elf.size'
' '

22:15:57 Build Finished (took 2s.472ms)

