
*** Running vivado
    with args -log MicroblazeWithALS_dlmb_v10_0.vds -m64 -product Vivado -mode batch -messageDb vivado.pb -notrace -source MicroblazeWithALS_dlmb_v10_0.tcl



****** Vivado v2025.1 (64-bit)
  **** SW Build 6140274 on Thu May 22 00:12:29 MDT 2025
  **** IP Build 6138677 on Thu May 22 03:10:11 MDT 2025
  **** SharedData Build 6139179 on Tue May 20 17:58:58 MDT 2025
  **** Start of session at: Thu Dec 11 14:27:23 2025
    ** Copyright 1986-2022 Xilinx, Inc. All Rights Reserved.
    ** Copyright 2022-2025 Advanced Micro Devices, Inc. All Rights Reserved.

source MicroblazeWithALS_dlmb_v10_0.tcl -notrace
create_project: Time (s): cpu = 00:00:13 ; elapsed = 00:00:14 . Memory (MB): peak = 494.926 ; gain = 211.523
INFO: [IP_Flow 19-234] Refreshing IP repositories
INFO: [IP_Flow 19-1700] Loaded user IP repository 'd:/Advanced_Hardware_Engineering/vivado-library-zmod-v1-2019.1-2'.
INFO: [IP_Flow 19-2313] Loaded Vivado IP repository 'C:/Xilinx/2025.1/Vivado/data/ip'.
Command: synth_design -top MicroblazeWithALS_dlmb_v10_0 -part xc7a100tcsg324-1 -incremental_mode off -mode out_of_context
Starting synth_design
Attempting to get a license for feature 'Synthesis' and/or device 'xc7a100t'
INFO: [Common 17-349] Got license for feature 'Synthesis' and/or device 'xc7a100t'
INFO: [Device 21-403] Loading part xc7a100tcsg324-1
INFO: [Synth 8-7079] Multithreading enabled for synth_design using a maximum of 2 processes.
INFO: [Synth 8-7078] Launching helper process for spawning children vivado processes
INFO: [Synth 8-7075] Helper process launched with PID 10948
---------------------------------------------------------------------------------
Starting RTL Elaboration : Time (s): cpu = 00:00:11 ; elapsed = 00:00:11 . Memory (MB): peak = 1215.250 ; gain = 493.027
---------------------------------------------------------------------------------
INFO: [Synth 8-638] synthesizing module 'MicroblazeWithALS_dlmb_v10_0' [d:/Advanced_Hardware_Engineering/ALS_IP_Block/ALS_IP_Block.gen/sources_1/bd/MicroblazeWithALS/ip/MicroblazeWithALS_dlmb_v10_0/synth/MicroblazeWithALS_dlmb_v10_0.vhd:89]
	Parameter C_LMB_NUM_SLAVES bound to: 1 - type: integer 
	Parameter C_LMB_DWIDTH bound to: 32 - type: integer 
	Parameter C_LMB_AWIDTH bound to: 32 - type: integer 
	Parameter C_LMB_PROTOCOL bound to: 0 - type: integer 
	Parameter C_EXT_RESET_HIGH bound to: 1 - type: integer 
INFO: [Synth 8-3491] module 'lmb_v10' declared at 'd:/Advanced_Hardware_Engineering/ALS_IP_Block/ALS_IP_Block.gen/sources_1/bd/MicroblazeWithALS/ipshared/b1c4/hdl/lmb_v10_v3_0_vh_rfs.vhd:91' bound to instance 'U0' of component 'lmb_v10' [d:/Advanced_Hardware_Engineering/ALS_IP_Block/ALS_IP_Block.gen/sources_1/bd/MicroblazeWithALS/ip/MicroblazeWithALS_dlmb_v10_0/synth/MicroblazeWithALS_dlmb_v10_0.vhd:169]
INFO: [Synth 8-638] synthesizing module 'lmb_v10' [d:/Advanced_Hardware_Engineering/ALS_IP_Block/ALS_IP_Block.gen/sources_1/bd/MicroblazeWithALS/ipshared/b1c4/hdl/lmb_v10_v3_0_vh_rfs.vhd:140]
INFO: [Synth 8-3491] module 'FDS' declared at 'C:/Xilinx/2025.1/Vivado/scripts/rt/data/unisim_comp.v:44354' bound to instance 'POR_FF_I' of component 'FDS' [d:/Advanced_Hardware_Engineering/ALS_IP_Block/ALS_IP_Block.gen/sources_1/bd/MicroblazeWithALS/ipshared/b1c4/hdl/lmb_v10_v3_0_vh_rfs.vhd:170]
INFO: [Synth 8-6157] synthesizing module 'FDS' [C:/Xilinx/2025.1/Vivado/scripts/rt/data/unisim_comp.v:44354]
INFO: [Synth 8-6155] done synthesizing module 'FDS' (0#1) [C:/Xilinx/2025.1/Vivado/scripts/rt/data/unisim_comp.v:44354]
INFO: [Synth 8-256] done synthesizing module 'lmb_v10' (0#1) [d:/Advanced_Hardware_Engineering/ALS_IP_Block/ALS_IP_Block.gen/sources_1/bd/MicroblazeWithALS/ipshared/b1c4/hdl/lmb_v10_v3_0_vh_rfs.vhd:140]
INFO: [Synth 8-256] done synthesizing module 'MicroblazeWithALS_dlmb_v10_0' (0#1) [d:/Advanced_Hardware_Engineering/ALS_IP_Block/ALS_IP_Block.gen/sources_1/bd/MicroblazeWithALS/ip/MicroblazeWithALS_dlmb_v10_0/synth/MicroblazeWithALS_dlmb_v10_0.vhd:89]
---------------------------------------------------------------------------------
Finished RTL Elaboration : Time (s): cpu = 00:00:14 ; elapsed = 00:00:15 . Memory (MB): peak = 1327.234 ; gain = 605.012
---------------------------------------------------------------------------------
---------------------------------------------------------------------------------
Start Handling Custom Attributes
---------------------------------------------------------------------------------
---------------------------------------------------------------------------------
Finished Handling Custom Attributes : Time (s): cpu = 00:00:15 ; elapsed = 00:00:15 . Memory (MB): peak = 1327.234 ; gain = 605.012
---------------------------------------------------------------------------------
---------------------------------------------------------------------------------
Finished RTL Optimization Phase 1 : Time (s): cpu = 00:00:15 ; elapsed = 00:00:15 . Memory (MB): peak = 1327.234 ; gain = 605.012
---------------------------------------------------------------------------------
Netlist sorting complete. Time (s): cpu = 00:00:00 ; elapsed = 00:00:00.008 . Memory (MB): peak = 1327.234 ; gain = 0.000
INFO: [Netlist 29-17] Analyzing 1 Unisim elements for replacement
INFO: [Netlist 29-28] Unisim Transformation completed in 0 CPU seconds
INFO: [Project 1-570] Preparing netlist for logic optimization

Processing XDC Constraints
Initializing timing engine
Parsing XDC File [d:/Advanced_Hardware_Engineering/ALS_IP_Block/ALS_IP_Block.gen/sources_1/bd/MicroblazeWithALS/ip/MicroblazeWithALS_dlmb_v10_0/MicroblazeWithALS_dlmb_v10_0_ooc.xdc] for cell 'U0'
Finished Parsing XDC File [d:/Advanced_Hardware_Engineering/ALS_IP_Block/ALS_IP_Block.gen/sources_1/bd/MicroblazeWithALS/ip/MicroblazeWithALS_dlmb_v10_0/MicroblazeWithALS_dlmb_v10_0_ooc.xdc] for cell 'U0'
Parsing XDC File [D:/Advanced_Hardware_Engineering/ALS_IP_Block/ALS_IP_Block.runs/MicroblazeWithALS_dlmb_v10_0_synth_1/dont_touch.xdc]
Finished Parsing XDC File [D:/Advanced_Hardware_Engineering/ALS_IP_Block/ALS_IP_Block.runs/MicroblazeWithALS_dlmb_v10_0_synth_1/dont_touch.xdc]
Completed Processing XDC Constraints

Netlist sorting complete. Time (s): cpu = 00:00:00 ; elapsed = 00:00:00 . Memory (MB): peak = 1327.234 ; gain = 0.000
INFO: [Project 1-111] Unisim Transformation Summary:
  A total of 1 instances were transformed.
  FDS => FDSE: 1 instance 

Constraint Validation Runtime : Time (s): cpu = 00:00:00 ; elapsed = 00:00:00.049 . Memory (MB): peak = 1327.234 ; gain = 0.000
INFO: [Designutils 20-5008] Incremental synthesis strategy off
---------------------------------------------------------------------------------
Finished Constraint Validation : Time (s): cpu = 00:00:28 ; elapsed = 00:00:30 . Memory (MB): peak = 1327.234 ; gain = 605.012
---------------------------------------------------------------------------------
---------------------------------------------------------------------------------
Start Loading Part and Timing Information
---------------------------------------------------------------------------------
Loading part: xc7a100tcsg324-1
---------------------------------------------------------------------------------
Finished Loading Part and Timing Information : Time (s): cpu = 00:00:28 ; elapsed = 00:00:30 . Memory (MB): peak = 1327.234 ; gain = 605.012
---------------------------------------------------------------------------------
---------------------------------------------------------------------------------
Start Applying 'set_property' XDC Constraints
---------------------------------------------------------------------------------
---------------------------------------------------------------------------------
Finished applying 'set_property' XDC Constraints : Time (s): cpu = 00:00:28 ; elapsed = 00:00:30 . Memory (MB): peak = 1327.234 ; gain = 605.012
---------------------------------------------------------------------------------
---------------------------------------------------------------------------------
Finished RTL Optimization Phase 2 : Time (s): cpu = 00:00:28 ; elapsed = 00:00:30 . Memory (MB): peak = 1327.234 ; gain = 605.012
---------------------------------------------------------------------------------
---------------------------------------------------------------------------------
Start RTL Component Statistics 
---------------------------------------------------------------------------------
Detailed RTL Component Info : 
---------------------------------------------------------------------------------
Finished RTL Component Statistics 
---------------------------------------------------------------------------------
---------------------------------------------------------------------------------
Start Part Resource Summary
---------------------------------------------------------------------------------
Part Resources:
DSPs: 240 (col length:80)
BRAMs: 270 (col length: RAMB18 80 RAMB36 40)
---------------------------------------------------------------------------------
Finished Part Resource Summary
---------------------------------------------------------------------------------
---------------------------------------------------------------------------------
Start Cross Boundary and Area Optimization
---------------------------------------------------------------------------------
WARNING: [Synth 8-7080] Parallel synthesis criteria is not met
---------------------------------------------------------------------------------
Finished Cross Boundary and Area Optimization : Time (s): cpu = 00:00:32 ; elapsed = 00:00:34 . Memory (MB): peak = 1342.367 ; gain = 620.145
---------------------------------------------------------------------------------
---------------------------------------------------------------------------------
Start Applying XDC Timing Constraints
---------------------------------------------------------------------------------
---------------------------------------------------------------------------------
Finished Applying XDC Timing Constraints : Time (s): cpu = 00:00:41 ; elapsed = 00:00:43 . Memory (MB): peak = 1516.430 ; gain = 794.207
---------------------------------------------------------------------------------
---------------------------------------------------------------------------------
Start Timing Optimization
---------------------------------------------------------------------------------
---------------------------------------------------------------------------------
Finished Timing Optimization : Time (s): cpu = 00:00:41 ; elapsed = 00:00:43 . Memory (MB): peak = 1516.691 ; gain = 794.469
---------------------------------------------------------------------------------
---------------------------------------------------------------------------------
Start Technology Mapping
---------------------------------------------------------------------------------
---------------------------------------------------------------------------------
Finished Technology Mapping : Time (s): cpu = 00:00:41 ; elapsed = 00:00:43 . Memory (MB): peak = 1526.215 ; gain = 803.992
---------------------------------------------------------------------------------
---------------------------------------------------------------------------------
Start IO Insertion
---------------------------------------------------------------------------------
---------------------------------------------------------------------------------
Start Flattening Before IO Insertion
---------------------------------------------------------------------------------
---------------------------------------------------------------------------------
Finished Flattening Before IO Insertion
---------------------------------------------------------------------------------
---------------------------------------------------------------------------------
Start Final Netlist Cleanup
---------------------------------------------------------------------------------
---------------------------------------------------------------------------------
Finished Final Netlist Cleanup
---------------------------------------------------------------------------------
---------------------------------------------------------------------------------
Finished IO Insertion : Time (s): cpu = 00:00:48 ; elapsed = 00:00:50 . Memory (MB): peak = 1761.379 ; gain = 1039.156
---------------------------------------------------------------------------------
---------------------------------------------------------------------------------
Start Renaming Generated Instances
---------------------------------------------------------------------------------
---------------------------------------------------------------------------------
Finished Renaming Generated Instances : Time (s): cpu = 00:00:48 ; elapsed = 00:00:50 . Memory (MB): peak = 1761.379 ; gain = 1039.156
---------------------------------------------------------------------------------
---------------------------------------------------------------------------------
Start Rebuilding User Hierarchy
---------------------------------------------------------------------------------
---------------------------------------------------------------------------------
Finished Rebuilding User Hierarchy : Time (s): cpu = 00:00:48 ; elapsed = 00:00:50 . Memory (MB): peak = 1761.379 ; gain = 1039.156
---------------------------------------------------------------------------------
---------------------------------------------------------------------------------
Start Renaming Generated Ports
---------------------------------------------------------------------------------
---------------------------------------------------------------------------------
Finished Renaming Generated Ports : Time (s): cpu = 00:00:48 ; elapsed = 00:00:50 . Memory (MB): peak = 1761.379 ; gain = 1039.156
---------------------------------------------------------------------------------
---------------------------------------------------------------------------------
Start Handling Custom Attributes
---------------------------------------------------------------------------------
---------------------------------------------------------------------------------
Finished Handling Custom Attributes : Time (s): cpu = 00:00:48 ; elapsed = 00:00:50 . Memory (MB): peak = 1761.379 ; gain = 1039.156
---------------------------------------------------------------------------------
---------------------------------------------------------------------------------
Start Renaming Generated Nets
---------------------------------------------------------------------------------
---------------------------------------------------------------------------------
Finished Renaming Generated Nets : Time (s): cpu = 00:00:48 ; elapsed = 00:00:50 . Memory (MB): peak = 1761.379 ; gain = 1039.156
---------------------------------------------------------------------------------
---------------------------------------------------------------------------------
Start Writing Synthesis Report
---------------------------------------------------------------------------------

Report BlackBoxes: 
+-+--------------+----------+
| |BlackBox name |Instances |
+-+--------------+----------+
+-+--------------+----------+

Report Cell Usage: 
+------+-----+------+
|      |Cell |Count |
+------+-----+------+
|1     |FDS  |     1|
+------+-----+------+
---------------------------------------------------------------------------------
Finished Writing Synthesis Report : Time (s): cpu = 00:00:48 ; elapsed = 00:00:50 . Memory (MB): peak = 1761.379 ; gain = 1039.156
---------------------------------------------------------------------------------
Synthesis finished with 0 errors, 0 critical warnings and 1 warnings.
Synthesis Optimization Runtime : Time (s): cpu = 00:00:30 ; elapsed = 00:00:47 . Memory (MB): peak = 1761.379 ; gain = 1039.156
Synthesis Optimization Complete : Time (s): cpu = 00:00:48 ; elapsed = 00:00:51 . Memory (MB): peak = 1761.379 ; gain = 1039.156
INFO: [Project 1-571] Translating synthesized netlist
Netlist sorting complete. Time (s): cpu = 00:00:00 ; elapsed = 00:00:00.005 . Memory (MB): peak = 1761.379 ; gain = 0.000
INFO: [Netlist 29-17] Analyzing 1 Unisim elements for replacement
INFO: [Netlist 29-28] Unisim Transformation completed in 0 CPU seconds
INFO: [Project 1-570] Preparing netlist for logic optimization
INFO: [Opt 31-138] Pushed 0 inverter(s) to 0 load pin(s).
Netlist sorting complete. Time (s): cpu = 00:00:00 ; elapsed = 00:00:00 . Memory (MB): peak = 1765.660 ; gain = 0.000
INFO: [Project 1-111] Unisim Transformation Summary:
  A total of 1 instances were transformed.
  FDS => FDSE: 1 instance 

Synth Design complete | Checksum: 21f375c2
INFO: [Common 17-83] Releasing license: Synthesis
28 Infos, 1 Warnings, 0 Critical Warnings and 0 Errors encountered.
synth_design completed successfully
synth_design: Time (s): cpu = 00:00:54 ; elapsed = 00:01:01 . Memory (MB): peak = 1765.660 ; gain = 1238.520
INFO: [Common 17-1381] The checkpoint 'D:/Advanced_Hardware_Engineering/ALS_IP_Block/ALS_IP_Block.runs/MicroblazeWithALS_dlmb_v10_0_synth_1/MicroblazeWithALS_dlmb_v10_0.dcp' has been generated.
INFO: [Coretcl 2-1648] Added synthesis output to IP cache for IP MicroblazeWithALS_dlmb_v10_0, cache-ID = 74f38e7fbe6fe7b1
INFO: [Common 17-1381] The checkpoint 'D:/Advanced_Hardware_Engineering/ALS_IP_Block/ALS_IP_Block.runs/MicroblazeWithALS_dlmb_v10_0_synth_1/MicroblazeWithALS_dlmb_v10_0.dcp' has been generated.
INFO: [Vivado 12-24828] Executing command : report_utilization -file MicroblazeWithALS_dlmb_v10_0_utilization_synth.rpt -pb MicroblazeWithALS_dlmb_v10_0_utilization_synth.pb
INFO: [Common 17-206] Exiting Vivado at Thu Dec 11 14:28:55 2025...
