#-----------------------------------------------------------
# Vivado v2025.1 (64-bit)
# SW Build 6140274 on Thu May 22 00:12:29 MDT 2025
# IP Build 6138677 on Thu May 22 03:10:11 MDT 2025
# SharedData Build 6139179 on Tue May 20 17:58:58 MDT 2025
# Start of session at: Thu Nov  6 13:42:26 2025
# Process ID         : 16264
# Current directory  : D:/Advanced_Hardware_Engineering/Vivado Projects/Microblaze_IP/Microblaze_IP.runs/Microblaze_task_rst_clk_wiz_1_100M_0_synth_1
# Command line       : vivado.exe -log Microblaze_task_rst_clk_wiz_1_100M_0.vds -product Vivado -mode batch -messageDb vivado.pb -notrace -source Microblaze_task_rst_clk_wiz_1_100M_0.tcl
# Log file           : D:/Advanced_Hardware_Engineering/Vivado Projects/Microblaze_IP/Microblaze_IP.runs/Microblaze_task_rst_clk_wiz_1_100M_0_synth_1/Microblaze_task_rst_clk_wiz_1_100M_0.vds
# Journal file       : D:/Advanced_Hardware_Engineering/Vivado Projects/Microblaze_IP/Microblaze_IP.runs/Microblaze_task_rst_clk_wiz_1_100M_0_synth_1\vivado.jou
# Running On         : LAB50-07
# Platform           : Windows Server 2016 or Windows 10
# Operating System   : 18363
# Processor Detail   : Intel(R) Core(TM) i7-6700 CPU @ 3.40GHz
# CPU Frequency      : 3408 MHz
# CPU Physical cores : 4
# CPU Logical cores  : 8
# Host memory        : 17069 MB
# Swap memory        : 5100 MB
# Total Virtual      : 22170 MB
# Available Virtual  : 11133 MB
#-----------------------------------------------------------
source Microblaze_task_rst_clk_wiz_1_100M_0.tcl -notrace
