TRACE::2026-01-02.22:31:12::SCWPlatform::Trying to open the hw design at F:/Advanced_Hardware_Engineering/Vivado_2021/Workspace/ALS/ALS_Platform_J/hw/test_ALS_wrapper.xsa
TRACE::2026-01-02.22:31:12::SCWPlatform::DSA given F:/Advanced_Hardware_Engineering/Vivado_2021/Workspace/ALS/ALS_Platform_J/hw/test_ALS_wrapper.xsa
TRACE::2026-01-02.22:31:12::SCWPlatform::DSA absoulate path F:/Advanced_Hardware_Engineering/Vivado_2021/Workspace/ALS/ALS_Platform_J/hw/test_ALS_wrapper.xsa
TRACE::2026-01-02.22:31:12::SCWPlatform::DSA directory F:/Advanced_Hardware_Engineering/Vivado_2021/Workspace/ALS/ALS_Platform_J/hw
TRACE::2026-01-02.22:31:12::SCWPlatform:: Platform Path F:/Advanced_Hardware_Engineering/Vivado_2021/Workspace/ALS/ALS_Platform_J/hw/test_ALS_wrapper.xsa
TRACE::2026-01-02.22:31:12::SCWPlatform:: Unique name xilinx:nexys-a7-100t::0.0
TRACE::2026-01-02.22:31:12::SCWPlatform::Do not have an existing db opened. 
TRACE::2026-01-02.22:31:12::SCWPlatform::Opened new HwDB with name test_ALS_wrapper_0
TRACE::2026-01-02.22:31:12::SCWWriter::formatted JSON is {
	"platformName":	"ALS_Platform_J",
	"sprVersion":	"2.0",
	"mode":	"gui",
	"dsaType":	"Fixed",
	"platformDesc":	"ALS_Platform_J",
	"platHandOff":	"F:/Advanced_Hardware_Engineering/Vivado_2021/TEST_J_2021ALS/test_ALS_wrapper.xsa",
	"platIntHandOff":	"<platformDir>/hw/test_ALS_wrapper.xsa",
	"deviceType":	"FPGA",
	"platIsPrebuiltAutogen":	"false",
	"platIsNoBootBsp":	"false",
	"hasFsblMakeHasChanges":	"false",
	"hasPmufwMakeHasChanges":	"false",
	"platPreBuiltFlag":	false,
	"platformSamplesDir":	""
}
TRACE::2026-01-02.22:31:12::SCWWriter::formatted JSON is {
	"platformName":	"ALS_Platform_J",
	"sprVersion":	"2.0",
	"mode":	"gui",
	"dsaType":	"Fixed",
	"platformDesc":	"ALS_Platform_J",
	"platHandOff":	"F:/Advanced_Hardware_Engineering/Vivado_2021/TEST_J_2021ALS/test_ALS_wrapper.xsa",
	"platIntHandOff":	"<platformDir>/hw/test_ALS_wrapper.xsa",
	"deviceType":	"FPGA",
	"platIsPrebuiltAutogen":	"false",
	"platIsNoBootBsp":	"false",
	"hasFsblMakeHasChanges":	"false",
	"hasPmufwMakeHasChanges":	"false",
	"platPreBuiltFlag":	false,
	"platformSamplesDir":	"",
	"platActiveSys":	"ALS_Platform_J",
	"systems":	[{
			"systemName":	"ALS_Platform_J",
			"systemDesc":	"ALS_Platform_J",
			"sysIsBootAutoGen":	"true",
			"systemDispName":	"ALS_Platform_J"
		}]
}
TRACE::2026-01-02.22:31:12::SCWPlatform::Boot application domains not present, creating them
TRACE::2026-01-02.22:31:12::SCWPlatform::Pure FPGA device, no boot application will be created.
TRACE::2026-01-02.22:31:12::SCWWriter::formatted JSON is {
	"platformName":	"ALS_Platform_J",
	"sprVersion":	"2.0",
	"mode":	"gui",
	"dsaType":	"Fixed",
	"platformDesc":	"ALS_Platform_J",
	"platHandOff":	"F:/Advanced_Hardware_Engineering/Vivado_2021/TEST_J_2021ALS/test_ALS_wrapper.xsa",
	"platIntHandOff":	"<platformDir>/hw/test_ALS_wrapper.xsa",
	"deviceType":	"FPGA",
	"platIsPrebuiltAutogen":	"false",
	"platIsNoBootBsp":	"false",
	"hasFsblMakeHasChanges":	"false",
	"hasPmufwMakeHasChanges":	"false",
	"platPreBuiltFlag":	false,
	"platformSamplesDir":	"",
	"platActiveSys":	"ALS_Platform_J",
	"systems":	[{
			"systemName":	"ALS_Platform_J",
			"systemDesc":	"ALS_Platform_J",
			"sysIsBootAutoGen":	"true",
			"systemDispName":	"ALS_Platform_J"
		}]
}
TRACE::2026-01-02.22:31:12::SCWPlatform::Trying to open the hw design at F:/Advanced_Hardware_Engineering/Vivado_2021/Workspace/ALS/ALS_Platform_J/hw/test_ALS_wrapper.xsa
TRACE::2026-01-02.22:31:12::SCWPlatform::DSA given F:/Advanced_Hardware_Engineering/Vivado_2021/Workspace/ALS/ALS_Platform_J/hw/test_ALS_wrapper.xsa
TRACE::2026-01-02.22:31:12::SCWPlatform::DSA absoulate path F:/Advanced_Hardware_Engineering/Vivado_2021/Workspace/ALS/ALS_Platform_J/hw/test_ALS_wrapper.xsa
TRACE::2026-01-02.22:31:12::SCWPlatform::DSA directory F:/Advanced_Hardware_Engineering/Vivado_2021/Workspace/ALS/ALS_Platform_J/hw
TRACE::2026-01-02.22:31:12::SCWPlatform:: Platform Path F:/Advanced_Hardware_Engineering/Vivado_2021/Workspace/ALS/ALS_Platform_J/hw/test_ALS_wrapper.xsa
TRACE::2026-01-02.22:31:12::SCWPlatform:: Unique name xilinx:nexys-a7-100t::0.0
TRACE::2026-01-02.22:31:12::SCWPlatform::Trying to set the existing hwdb with name test_ALS_wrapper_0
TRACE::2026-01-02.22:31:12::SCWPlatform::Opened existing hwdb test_ALS_wrapper_0
TRACE::2026-01-02.22:31:12::SCWPlatform::Found the Hw Db part of the input DSA
TRACE::2026-01-02.22:31:12::SCWPlatform::Trying to open the hw design at F:/Advanced_Hardware_Engineering/Vivado_2021/Workspace/ALS/ALS_Platform_J/hw/test_ALS_wrapper.xsa
TRACE::2026-01-02.22:31:12::SCWPlatform::DSA given F:/Advanced_Hardware_Engineering/Vivado_2021/Workspace/ALS/ALS_Platform_J/hw/test_ALS_wrapper.xsa
TRACE::2026-01-02.22:31:12::SCWPlatform::DSA absoulate path F:/Advanced_Hardware_Engineering/Vivado_2021/Workspace/ALS/ALS_Platform_J/hw/test_ALS_wrapper.xsa
TRACE::2026-01-02.22:31:12::SCWPlatform::DSA directory F:/Advanced_Hardware_Engineering/Vivado_2021/Workspace/ALS/ALS_Platform_J/hw
TRACE::2026-01-02.22:31:12::SCWPlatform:: Platform Path F:/Advanced_Hardware_Engineering/Vivado_2021/Workspace/ALS/ALS_Platform_J/hw/test_ALS_wrapper.xsa
TRACE::2026-01-02.22:31:12::SCWPlatform:: Unique name xilinx:nexys-a7-100t::0.0
TRACE::2026-01-02.22:31:12::SCWPlatform::Trying to set the existing hwdb with name test_ALS_wrapper_0
TRACE::2026-01-02.22:31:12::SCWPlatform::Opened existing hwdb test_ALS_wrapper_0
TRACE::2026-01-02.22:31:12::SCWPlatform::Found the Hw Db part of the input DSA
TRACE::2026-01-02.22:31:12::SCWPlatform::Trying to open the hw design at F:/Advanced_Hardware_Engineering/Vivado_2021/Workspace/ALS/ALS_Platform_J/hw/test_ALS_wrapper.xsa
TRACE::2026-01-02.22:31:12::SCWPlatform::DSA given F:/Advanced_Hardware_Engineering/Vivado_2021/Workspace/ALS/ALS_Platform_J/hw/test_ALS_wrapper.xsa
TRACE::2026-01-02.22:31:12::SCWPlatform::DSA absoulate path F:/Advanced_Hardware_Engineering/Vivado_2021/Workspace/ALS/ALS_Platform_J/hw/test_ALS_wrapper.xsa
TRACE::2026-01-02.22:31:12::SCWPlatform::DSA directory F:/Advanced_Hardware_Engineering/Vivado_2021/Workspace/ALS/ALS_Platform_J/hw
TRACE::2026-01-02.22:31:12::SCWPlatform:: Platform Path F:/Advanced_Hardware_Engineering/Vivado_2021/Workspace/ALS/ALS_Platform_J/hw/test_ALS_wrapper.xsa
TRACE::2026-01-02.22:31:12::SCWPlatform:: Unique name xilinx:nexys-a7-100t::0.0
TRACE::2026-01-02.22:31:12::SCWPlatform::Trying to set the existing hwdb with name test_ALS_wrapper_0
TRACE::2026-01-02.22:31:12::SCWPlatform::Opened existing hwdb test_ALS_wrapper_0
TRACE::2026-01-02.22:31:12::SCWPlatform::Found the Hw Db part of the input DSA
TRACE::2026-01-02.22:31:12::SCWDomain::checking for install qemu data   : 
TRACE::2026-01-02.22:31:12::SCWPlatform::Trying to open the hw design at F:/Advanced_Hardware_Engineering/Vivado_2021/Workspace/ALS/ALS_Platform_J/hw/test_ALS_wrapper.xsa
TRACE::2026-01-02.22:31:12::SCWPlatform::DSA given F:/Advanced_Hardware_Engineering/Vivado_2021/Workspace/ALS/ALS_Platform_J/hw/test_ALS_wrapper.xsa
TRACE::2026-01-02.22:31:12::SCWPlatform::DSA absoulate path F:/Advanced_Hardware_Engineering/Vivado_2021/Workspace/ALS/ALS_Platform_J/hw/test_ALS_wrapper.xsa
TRACE::2026-01-02.22:31:12::SCWPlatform::DSA directory F:/Advanced_Hardware_Engineering/Vivado_2021/Workspace/ALS/ALS_Platform_J/hw
TRACE::2026-01-02.22:31:12::SCWPlatform:: Platform Path F:/Advanced_Hardware_Engineering/Vivado_2021/Workspace/ALS/ALS_Platform_J/hw/test_ALS_wrapper.xsa
TRACE::2026-01-02.22:31:12::SCWPlatform:: Unique name xilinx:nexys-a7-100t::0.0
TRACE::2026-01-02.22:31:12::SCWPlatform::Trying to set the existing hwdb with name test_ALS_wrapper_0
TRACE::2026-01-02.22:31:12::SCWPlatform::Opened existing hwdb test_ALS_wrapper_0
TRACE::2026-01-02.22:31:12::SCWPlatform::Found the Hw Db part of the input DSA
TRACE::2026-01-02.22:31:12::SCWPlatform::Trying to open the hw design at F:/Advanced_Hardware_Engineering/Vivado_2021/Workspace/ALS/ALS_Platform_J/hw/test_ALS_wrapper.xsa
TRACE::2026-01-02.22:31:12::SCWPlatform::DSA given F:/Advanced_Hardware_Engineering/Vivado_2021/Workspace/ALS/ALS_Platform_J/hw/test_ALS_wrapper.xsa
TRACE::2026-01-02.22:31:12::SCWPlatform::DSA absoulate path F:/Advanced_Hardware_Engineering/Vivado_2021/Workspace/ALS/ALS_Platform_J/hw/test_ALS_wrapper.xsa
TRACE::2026-01-02.22:31:12::SCWPlatform::DSA directory F:/Advanced_Hardware_Engineering/Vivado_2021/Workspace/ALS/ALS_Platform_J/hw
TRACE::2026-01-02.22:31:12::SCWPlatform:: Platform Path F:/Advanced_Hardware_Engineering/Vivado_2021/Workspace/ALS/ALS_Platform_J/hw/test_ALS_wrapper.xsa
TRACE::2026-01-02.22:31:12::SCWPlatform:: Unique name xilinx:nexys-a7-100t::0.0
TRACE::2026-01-02.22:31:12::SCWPlatform::Trying to set the existing hwdb with name test_ALS_wrapper_0
TRACE::2026-01-02.22:31:12::SCWPlatform::Opened existing hwdb test_ALS_wrapper_0
TRACE::2026-01-02.22:31:12::SCWPlatform::Found the Hw Db part of the input DSA
TRACE::2026-01-02.22:31:12::SCWPlatform::Trying to open the hw design at F:/Advanced_Hardware_Engineering/Vivado_2021/Workspace/ALS/ALS_Platform_J/hw/test_ALS_wrapper.xsa
TRACE::2026-01-02.22:31:12::SCWPlatform::DSA given F:/Advanced_Hardware_Engineering/Vivado_2021/Workspace/ALS/ALS_Platform_J/hw/test_ALS_wrapper.xsa
TRACE::2026-01-02.22:31:12::SCWPlatform::DSA absoulate path F:/Advanced_Hardware_Engineering/Vivado_2021/Workspace/ALS/ALS_Platform_J/hw/test_ALS_wrapper.xsa
TRACE::2026-01-02.22:31:12::SCWPlatform::DSA directory F:/Advanced_Hardware_Engineering/Vivado_2021/Workspace/ALS/ALS_Platform_J/hw
TRACE::2026-01-02.22:31:12::SCWPlatform:: Platform Path F:/Advanced_Hardware_Engineering/Vivado_2021/Workspace/ALS/ALS_Platform_J/hw/test_ALS_wrapper.xsa
TRACE::2026-01-02.22:31:12::SCWPlatform:: Unique name xilinx:nexys-a7-100t::0.0
TRACE::2026-01-02.22:31:12::SCWPlatform::Trying to set the existing hwdb with name test_ALS_wrapper_0
TRACE::2026-01-02.22:31:12::SCWPlatform::Opened existing hwdb test_ALS_wrapper_0
TRACE::2026-01-02.22:31:12::SCWPlatform::Found the Hw Db part of the input DSA
TRACE::2026-01-02.22:31:12::SCWMssOS::Checking the sw design at  F:/Advanced_Hardware_Engineering/Vivado_2021/Workspace/ALS/ALS_Platform_J/microblaze_0/standalone_domain/bsp/system.mss
TRACE::2026-01-02.22:31:12::SCWMssOS::DEBUG:  swdes dump  
TRACE::2026-01-02.22:31:12::SCWMssOS::No sw design opened at  F:/Advanced_Hardware_Engineering/Vivado_2021/Workspace/ALS/ALS_Platform_J/microblaze_0/standalone_domain/bsp/system.mss
TRACE::2026-01-02.22:31:12::SCWMssOS::mss does not exists at F:/Advanced_Hardware_Engineering/Vivado_2021/Workspace/ALS/ALS_Platform_J/microblaze_0/standalone_domain/bsp/system.mss
TRACE::2026-01-02.22:31:12::SCWMssOS::Creating sw design at  F:/Advanced_Hardware_Engineering/Vivado_2021/Workspace/ALS/ALS_Platform_J/microblaze_0/standalone_domain/bsp/system.mss
TRACE::2026-01-02.22:31:12::SCWMssOS::Adding the swdes entry, created swdb F:/Advanced_Hardware_Engineering/Vivado_2021/Workspace/ALS/ALS_Platform_J/microblaze_0/standalone_domain/bsp/system.mss with des name F:/Advanced_Hardware_Engineering/Vivado_2021/Workspace/ALS/ALS_Platform_J/microblaze_0/standalone_domain/bsp/system.mss
TRACE::2026-01-02.22:31:12::SCWMssOS::updating the scw layer changes to swdes at   F:/Advanced_Hardware_Engineering/Vivado_2021/Workspace/ALS/ALS_Platform_J/microblaze_0/standalone_domain/bsp/system.mss
TRACE::2026-01-02.22:31:12::SCWMssOS::Writing mss at F:/Advanced_Hardware_Engineering/Vivado_2021/Workspace/ALS/ALS_Platform_J/microblaze_0/standalone_domain/bsp/system.mss
TRACE::2026-01-02.22:31:12::SCWMssOS::Completed writing the mss file at F:/Advanced_Hardware_Engineering/Vivado_2021/Workspace/ALS/ALS_Platform_J/microblaze_0/standalone_domain/bsp
TRACE::2026-01-02.22:31:12::SCWMssOS::Picking up changes from newly written mss file into SCW Layer. 
TRACE::2026-01-02.22:31:12::SCWMssOS::Updated the changes from newly written mss file into SCW Layer. 
TRACE::2026-01-02.22:31:12::SCWMssOS::Completed writing the mss file at F:/Advanced_Hardware_Engineering/Vivado_2021/Workspace/ALS/ALS_Platform_J/microblaze_0/standalone_domain/bsp
TRACE::2026-01-02.22:31:12::SCWMssOS::Forcing BSP Sources regeneration.
TRACE::2026-01-02.22:31:13::SCWMssOS::Saving the mss changes F:/Advanced_Hardware_Engineering/Vivado_2021/Workspace/ALS/ALS_Platform_J/microblaze_0/standalone_domain/bsp/system.mss
TRACE::2026-01-02.22:31:13::SCWMssOS::Adding the swdes entry, mss present, able to open swdb F:/Advanced_Hardware_Engineering/Vivado_2021/Workspace/ALS/ALS_Platform_J/microblaze_0/standalone_domain/bsp/system.mss with des name system
TRACE::2026-01-02.22:31:13::SCWMssOS::Writing the mss file completed F:/Advanced_Hardware_Engineering/Vivado_2021/Workspace/ALS/ALS_Platform_J/microblaze_0/standalone_domain/bsp/system.mss
TRACE::2026-01-02.22:31:13::SCWMssOS::Commit changes completed.
TRACE::2026-01-02.22:31:13::SCWPlatform::Trying to open the hw design at F:/Advanced_Hardware_Engineering/Vivado_2021/Workspace/ALS/ALS_Platform_J/hw/test_ALS_wrapper.xsa
TRACE::2026-01-02.22:31:13::SCWPlatform::DSA given F:/Advanced_Hardware_Engineering/Vivado_2021/Workspace/ALS/ALS_Platform_J/hw/test_ALS_wrapper.xsa
TRACE::2026-01-02.22:31:13::SCWPlatform::DSA absoulate path F:/Advanced_Hardware_Engineering/Vivado_2021/Workspace/ALS/ALS_Platform_J/hw/test_ALS_wrapper.xsa
TRACE::2026-01-02.22:31:13::SCWPlatform::DSA directory F:/Advanced_Hardware_Engineering/Vivado_2021/Workspace/ALS/ALS_Platform_J/hw
TRACE::2026-01-02.22:31:13::SCWPlatform:: Platform Path F:/Advanced_Hardware_Engineering/Vivado_2021/Workspace/ALS/ALS_Platform_J/hw/test_ALS_wrapper.xsa
TRACE::2026-01-02.22:31:13::SCWPlatform:: Unique name xilinx:nexys-a7-100t::0.0
TRACE::2026-01-02.22:31:13::SCWPlatform::Trying to set the existing hwdb with name test_ALS_wrapper_0
TRACE::2026-01-02.22:31:13::SCWPlatform::Opened existing hwdb test_ALS_wrapper_0
TRACE::2026-01-02.22:31:13::SCWPlatform::Found the Hw Db part of the input DSA
TRACE::2026-01-02.22:31:13::SCWMssOS::Checking the sw design at  F:/Advanced_Hardware_Engineering/Vivado_2021/Workspace/ALS/ALS_Platform_J/microblaze_0/standalone_domain/bsp/system.mss
TRACE::2026-01-02.22:31:13::SCWMssOS::DEBUG:  swdes dump  F:/Advanced_Hardware_Engineering/Vivado_2021/Workspace/ALS/ALS_Platform_J/microblaze_0/standalone_domain/bsp/system.mss|system||

TRACE::2026-01-02.22:31:13::SCWMssOS::Sw design exists and opened at  F:/Advanced_Hardware_Engineering/Vivado_2021/Workspace/ALS/ALS_Platform_J/microblaze_0/standalone_domain/bsp/system.mss
TRACE::2026-01-02.22:31:13::SCWPlatform::Trying to open the hw design at F:/Advanced_Hardware_Engineering/Vivado_2021/Workspace/ALS/ALS_Platform_J/hw/test_ALS_wrapper.xsa
TRACE::2026-01-02.22:31:13::SCWPlatform::DSA given F:/Advanced_Hardware_Engineering/Vivado_2021/Workspace/ALS/ALS_Platform_J/hw/test_ALS_wrapper.xsa
TRACE::2026-01-02.22:31:13::SCWPlatform::DSA absoulate path F:/Advanced_Hardware_Engineering/Vivado_2021/Workspace/ALS/ALS_Platform_J/hw/test_ALS_wrapper.xsa
TRACE::2026-01-02.22:31:13::SCWPlatform::DSA directory F:/Advanced_Hardware_Engineering/Vivado_2021/Workspace/ALS/ALS_Platform_J/hw
TRACE::2026-01-02.22:31:13::SCWPlatform:: Platform Path F:/Advanced_Hardware_Engineering/Vivado_2021/Workspace/ALS/ALS_Platform_J/hw/test_ALS_wrapper.xsa
TRACE::2026-01-02.22:31:13::SCWPlatform:: Unique name xilinx:nexys-a7-100t::0.0
TRACE::2026-01-02.22:31:13::SCWPlatform::Trying to set the existing hwdb with name test_ALS_wrapper_0
TRACE::2026-01-02.22:31:13::SCWPlatform::Opened existing hwdb test_ALS_wrapper_0
TRACE::2026-01-02.22:31:13::SCWPlatform::Found the Hw Db part of the input DSA
TRACE::2026-01-02.22:31:13::SCWMssOS::Checking the sw design at  F:/Advanced_Hardware_Engineering/Vivado_2021/Workspace/ALS/ALS_Platform_J/microblaze_0/standalone_domain/bsp/system.mss
TRACE::2026-01-02.22:31:13::SCWMssOS::DEBUG:  swdes dump  F:/Advanced_Hardware_Engineering/Vivado_2021/Workspace/ALS/ALS_Platform_J/microblaze_0/standalone_domain/bsp/system.mss|system||

TRACE::2026-01-02.22:31:13::SCWMssOS::Sw design exists and opened at  F:/Advanced_Hardware_Engineering/Vivado_2021/Workspace/ALS/ALS_Platform_J/microblaze_0/standalone_domain/bsp/system.mss
TRACE::2026-01-02.22:31:13::SCWPlatform::Trying to open the hw design at F:/Advanced_Hardware_Engineering/Vivado_2021/Workspace/ALS/ALS_Platform_J/hw/test_ALS_wrapper.xsa
TRACE::2026-01-02.22:31:13::SCWPlatform::DSA given F:/Advanced_Hardware_Engineering/Vivado_2021/Workspace/ALS/ALS_Platform_J/hw/test_ALS_wrapper.xsa
TRACE::2026-01-02.22:31:13::SCWPlatform::DSA absoulate path F:/Advanced_Hardware_Engineering/Vivado_2021/Workspace/ALS/ALS_Platform_J/hw/test_ALS_wrapper.xsa
TRACE::2026-01-02.22:31:13::SCWPlatform::DSA directory F:/Advanced_Hardware_Engineering/Vivado_2021/Workspace/ALS/ALS_Platform_J/hw
TRACE::2026-01-02.22:31:13::SCWPlatform:: Platform Path F:/Advanced_Hardware_Engineering/Vivado_2021/Workspace/ALS/ALS_Platform_J/hw/test_ALS_wrapper.xsa
TRACE::2026-01-02.22:31:13::SCWPlatform:: Unique name xilinx:nexys-a7-100t::0.0
TRACE::2026-01-02.22:31:13::SCWPlatform::Trying to set the existing hwdb with name test_ALS_wrapper_0
TRACE::2026-01-02.22:31:13::SCWPlatform::Opened existing hwdb test_ALS_wrapper_0
TRACE::2026-01-02.22:31:13::SCWPlatform::Found the Hw Db part of the input DSA
TRACE::2026-01-02.22:31:13::SCWMssOS::Checking the sw design at  F:/Advanced_Hardware_Engineering/Vivado_2021/Workspace/ALS/ALS_Platform_J/microblaze_0/standalone_domain/bsp/system.mss
TRACE::2026-01-02.22:31:13::SCWMssOS::DEBUG:  swdes dump  F:/Advanced_Hardware_Engineering/Vivado_2021/Workspace/ALS/ALS_Platform_J/microblaze_0/standalone_domain/bsp/system.mss|system||

TRACE::2026-01-02.22:31:13::SCWMssOS::Sw design exists and opened at  F:/Advanced_Hardware_Engineering/Vivado_2021/Workspace/ALS/ALS_Platform_J/microblaze_0/standalone_domain/bsp/system.mss
TRACE::2026-01-02.22:31:13::SCWWriter::formatted JSON is {
	"platformName":	"ALS_Platform_J",
	"sprVersion":	"2.0",
	"mode":	"gui",
	"dsaType":	"Fixed",
	"platformDesc":	"ALS_Platform_J",
	"platHandOff":	"F:/Advanced_Hardware_Engineering/Vivado_2021/TEST_J_2021ALS/test_ALS_wrapper.xsa",
	"platIntHandOff":	"<platformDir>/hw/test_ALS_wrapper.xsa",
	"deviceType":	"FPGA",
	"platIsPrebuiltAutogen":	"false",
	"platIsNoBootBsp":	"false",
	"hasFsblMakeHasChanges":	"false",
	"hasPmufwMakeHasChanges":	"false",
	"platPreBuiltFlag":	false,
	"platformSamplesDir":	"",
	"platActiveSys":	"ALS_Platform_J",
	"systems":	[{
			"systemName":	"ALS_Platform_J",
			"systemDesc":	"ALS_Platform_J",
			"sysIsBootAutoGen":	"true",
			"systemDispName":	"ALS_Platform_J",
			"sysActiveDom":	"standalone_domain",
			"sysDefaultDom":	"standalone_domain",
			"domains":	[{
					"domainName":	"standalone_domain",
					"domainDispName":	"standalone_domain",
					"domainDesc":	"standalone_domain",
					"processors":	"microblaze_0",
					"os":	"standalone",
					"sdxOs":	"standalone",
					"debugEnable":	"False",
					"domRuntimes":	["cpp"],
					"swRepo":	"",
					"mssOsVer":	"7.6",
					"mssFile":	"",
					"md5Digest":	"e5adec6415953a84392bddb4c5443f46",
					"compatibleApp":	"",
					"domType":	"mssDomain",
					"arch":	"32-bit",
					"appSettings":	{
						"appCompilerFlags":	"",
						"appLinkerFlags":	""
					},
					"addedLibs":	[],
					"libOptions":	{
						"libsContainingOptions":	[]
					},
					"prebuiltLibs":	{
						"prebuiltIncPath":	[],
						"prebuiltLibPath":	[]
					},
					"isolation":	{
					}
				}]
		}]
}
LOG::2026-01-02.22:31:13::SCWPlatform::Started generating the artifacts platform ALS_Platform_J
TRACE::2026-01-02.22:31:13::SCWPlatform::Sanity checking of platform is completed
LOG::2026-01-02.22:31:13::SCWPlatform::Started generating the artifacts for system configuration ALS_Platform_J
LOG::2026-01-02.22:31:13::SCWSystem::Checking the domain standalone_domain
LOG::2026-01-02.22:31:13::SCWSystem::Not a boot domain 
LOG::2026-01-02.22:31:13::SCWSystem::Started Processing the domain standalone_domain
TRACE::2026-01-02.22:31:13::SCWDomain::Generating domain artifcats
TRACE::2026-01-02.22:31:13::SCWMssOS::Generating standalone artifcats
TRACE::2026-01-02.22:31:13::SCWMssOS:: Copying the user libraries. 
TRACE::2026-01-02.22:31:13::SCWPlatform::Trying to open the hw design at F:/Advanced_Hardware_Engineering/Vivado_2021/Workspace/ALS/ALS_Platform_J/hw/test_ALS_wrapper.xsa
TRACE::2026-01-02.22:31:13::SCWPlatform::DSA given F:/Advanced_Hardware_Engineering/Vivado_2021/Workspace/ALS/ALS_Platform_J/hw/test_ALS_wrapper.xsa
TRACE::2026-01-02.22:31:13::SCWPlatform::DSA absoulate path F:/Advanced_Hardware_Engineering/Vivado_2021/Workspace/ALS/ALS_Platform_J/hw/test_ALS_wrapper.xsa
TRACE::2026-01-02.22:31:13::SCWPlatform::DSA directory F:/Advanced_Hardware_Engineering/Vivado_2021/Workspace/ALS/ALS_Platform_J/hw
TRACE::2026-01-02.22:31:13::SCWPlatform:: Platform Path F:/Advanced_Hardware_Engineering/Vivado_2021/Workspace/ALS/ALS_Platform_J/hw/test_ALS_wrapper.xsa
TRACE::2026-01-02.22:31:13::SCWPlatform:: Unique name xilinx:nexys-a7-100t::0.0
TRACE::2026-01-02.22:31:13::SCWPlatform::Trying to set the existing hwdb with name test_ALS_wrapper_0
TRACE::2026-01-02.22:31:13::SCWPlatform::Opened existing hwdb test_ALS_wrapper_0
TRACE::2026-01-02.22:31:13::SCWPlatform::Found the Hw Db part of the input DSA
TRACE::2026-01-02.22:31:13::SCWMssOS::Checking the sw design at  F:/Advanced_Hardware_Engineering/Vivado_2021/Workspace/ALS/ALS_Platform_J/microblaze_0/standalone_domain/bsp/system.mss
TRACE::2026-01-02.22:31:13::SCWMssOS::DEBUG:  swdes dump  F:/Advanced_Hardware_Engineering/Vivado_2021/Workspace/ALS/ALS_Platform_J/microblaze_0/standalone_domain/bsp/system.mss|system||

TRACE::2026-01-02.22:31:13::SCWMssOS::Sw design exists and opened at  F:/Advanced_Hardware_Engineering/Vivado_2021/Workspace/ALS/ALS_Platform_J/microblaze_0/standalone_domain/bsp/system.mss
TRACE::2026-01-02.22:31:13::SCWMssOS::Completed writing the mss file at F:/Advanced_Hardware_Engineering/Vivado_2021/Workspace/ALS/ALS_Platform_J/microblaze_0/standalone_domain/bsp
TRACE::2026-01-02.22:31:13::SCWMssOS::Mss edits present, copying mssfile into export location F:/Advanced_Hardware_Engineering/Vivado_2021/Workspace/ALS/ALS_Platform_J/microblaze_0/standalone_domain/bsp/system.mss
TRACE::2026-01-02.22:31:13::SCWMssOS::bsp generated is upto date with the mss file. Skipping bsp generation.
TRACE::2026-01-02.22:31:13::SCWMssOS::BSP is already built. skipping the bsp build ... 
TRACE::2026-01-02.22:31:13::SCWDomain::Skipping the build for domain :  standalone_domain
TRACE::2026-01-02.22:31:13::SCWMssOS::skipping the bsp build ... 
TRACE::2026-01-02.22:31:13::SCWMssOS::Copying to export directory.
TRACE::2026-01-02.22:31:13::SCWMssOS:: Checking if to create the Supporting Applications
TRACE::2026-01-02.22:31:13::SCWMssOS:: No Linux domain exists, trying to generate FSBL 
LOG::2026-01-02.22:31:13::SCWSystem::Completed Processing the domain standalone_domain
LOG::2026-01-02.22:31:13::SCWSystem::Completed Processing the sysconfig ALS_Platform_J
LOG::2026-01-02.22:31:13::SCWPlatform::Completed generating the artifacts for system configuration ALS_Platform_J
TRACE::2026-01-02.22:31:13::SCWPlatform::Started preparing the platform 
TRACE::2026-01-02.22:31:13::SCWSystem::Writing the bif file for system config ALS_Platform_J
TRACE::2026-01-02.22:31:13::SCWSystem::dir created 
TRACE::2026-01-02.22:31:13::SCWSystem::Writing the bif 
TRACE::2026-01-02.22:31:13::SCWPlatform::Started writing the spfm file 
TRACE::2026-01-02.22:31:13::SCWPlatform::Started writing the xpfm file 
TRACE::2026-01-02.22:31:13::SCWPlatform::Completed generating the platform
TRACE::2026-01-02.22:31:13::SCWMssOS::Saving the mss changes F:/Advanced_Hardware_Engineering/Vivado_2021/Workspace/ALS/ALS_Platform_J/microblaze_0/standalone_domain/bsp/system.mss
TRACE::2026-01-02.22:31:13::SCWMssOS::Found a swdesign opened with the mssfile.
TRACE::2026-01-02.22:31:14::SCWMssOS::Completed writemss as part of save.
TRACE::2026-01-02.22:31:14::SCWMssOS::Commit changes completed.
TRACE::2026-01-02.22:31:14::SCWPlatform::Trying to open the hw design at F:/Advanced_Hardware_Engineering/Vivado_2021/Workspace/ALS/ALS_Platform_J/hw/test_ALS_wrapper.xsa
TRACE::2026-01-02.22:31:14::SCWPlatform::DSA given F:/Advanced_Hardware_Engineering/Vivado_2021/Workspace/ALS/ALS_Platform_J/hw/test_ALS_wrapper.xsa
TRACE::2026-01-02.22:31:14::SCWPlatform::DSA absoulate path F:/Advanced_Hardware_Engineering/Vivado_2021/Workspace/ALS/ALS_Platform_J/hw/test_ALS_wrapper.xsa
TRACE::2026-01-02.22:31:14::SCWPlatform::DSA directory F:/Advanced_Hardware_Engineering/Vivado_2021/Workspace/ALS/ALS_Platform_J/hw
TRACE::2026-01-02.22:31:14::SCWPlatform:: Platform Path F:/Advanced_Hardware_Engineering/Vivado_2021/Workspace/ALS/ALS_Platform_J/hw/test_ALS_wrapper.xsa
TRACE::2026-01-02.22:31:14::SCWPlatform:: Unique name xilinx:nexys-a7-100t::0.0
TRACE::2026-01-02.22:31:14::SCWPlatform::Trying to set the existing hwdb with name test_ALS_wrapper_0
TRACE::2026-01-02.22:31:14::SCWPlatform::Opened existing hwdb test_ALS_wrapper_0
TRACE::2026-01-02.22:31:14::SCWPlatform::Found the Hw Db part of the input DSA
TRACE::2026-01-02.22:31:14::SCWMssOS::Checking the sw design at  F:/Advanced_Hardware_Engineering/Vivado_2021/Workspace/ALS/ALS_Platform_J/microblaze_0/standalone_domain/bsp/system.mss
TRACE::2026-01-02.22:31:14::SCWMssOS::DEBUG:  swdes dump  F:/Advanced_Hardware_Engineering/Vivado_2021/Workspace/ALS/ALS_Platform_J/microblaze_0/standalone_domain/bsp/system.mss|system||

TRACE::2026-01-02.22:31:14::SCWMssOS::Sw design exists and opened at  F:/Advanced_Hardware_Engineering/Vivado_2021/Workspace/ALS/ALS_Platform_J/microblaze_0/standalone_domain/bsp/system.mss
TRACE::2026-01-02.22:31:14::SCWPlatform::Trying to open the hw design at F:/Advanced_Hardware_Engineering/Vivado_2021/Workspace/ALS/ALS_Platform_J/hw/test_ALS_wrapper.xsa
TRACE::2026-01-02.22:31:14::SCWPlatform::DSA given F:/Advanced_Hardware_Engineering/Vivado_2021/Workspace/ALS/ALS_Platform_J/hw/test_ALS_wrapper.xsa
TRACE::2026-01-02.22:31:14::SCWPlatform::DSA absoulate path F:/Advanced_Hardware_Engineering/Vivado_2021/Workspace/ALS/ALS_Platform_J/hw/test_ALS_wrapper.xsa
TRACE::2026-01-02.22:31:14::SCWPlatform::DSA directory F:/Advanced_Hardware_Engineering/Vivado_2021/Workspace/ALS/ALS_Platform_J/hw
TRACE::2026-01-02.22:31:14::SCWPlatform:: Platform Path F:/Advanced_Hardware_Engineering/Vivado_2021/Workspace/ALS/ALS_Platform_J/hw/test_ALS_wrapper.xsa
TRACE::2026-01-02.22:31:14::SCWPlatform:: Unique name xilinx:nexys-a7-100t::0.0
TRACE::2026-01-02.22:31:14::SCWPlatform::Trying to set the existing hwdb with name test_ALS_wrapper_0
TRACE::2026-01-02.22:31:14::SCWPlatform::Opened existing hwdb test_ALS_wrapper_0
TRACE::2026-01-02.22:31:14::SCWPlatform::Found the Hw Db part of the input DSA
TRACE::2026-01-02.22:31:14::SCWMssOS::Checking the sw design at  F:/Advanced_Hardware_Engineering/Vivado_2021/Workspace/ALS/ALS_Platform_J/microblaze_0/standalone_domain/bsp/system.mss
TRACE::2026-01-02.22:31:14::SCWMssOS::DEBUG:  swdes dump  F:/Advanced_Hardware_Engineering/Vivado_2021/Workspace/ALS/ALS_Platform_J/microblaze_0/standalone_domain/bsp/system.mss|system||

TRACE::2026-01-02.22:31:14::SCWMssOS::Sw design exists and opened at  F:/Advanced_Hardware_Engineering/Vivado_2021/Workspace/ALS/ALS_Platform_J/microblaze_0/standalone_domain/bsp/system.mss
TRACE::2026-01-02.22:31:14::SCWPlatform::Trying to open the hw design at F:/Advanced_Hardware_Engineering/Vivado_2021/Workspace/ALS/ALS_Platform_J/hw/test_ALS_wrapper.xsa
TRACE::2026-01-02.22:31:14::SCWPlatform::DSA given F:/Advanced_Hardware_Engineering/Vivado_2021/Workspace/ALS/ALS_Platform_J/hw/test_ALS_wrapper.xsa
TRACE::2026-01-02.22:31:14::SCWPlatform::DSA absoulate path F:/Advanced_Hardware_Engineering/Vivado_2021/Workspace/ALS/ALS_Platform_J/hw/test_ALS_wrapper.xsa
TRACE::2026-01-02.22:31:14::SCWPlatform::DSA directory F:/Advanced_Hardware_Engineering/Vivado_2021/Workspace/ALS/ALS_Platform_J/hw
TRACE::2026-01-02.22:31:14::SCWPlatform:: Platform Path F:/Advanced_Hardware_Engineering/Vivado_2021/Workspace/ALS/ALS_Platform_J/hw/test_ALS_wrapper.xsa
TRACE::2026-01-02.22:31:14::SCWPlatform:: Unique name xilinx:nexys-a7-100t::0.0
TRACE::2026-01-02.22:31:14::SCWPlatform::Trying to set the existing hwdb with name test_ALS_wrapper_0
TRACE::2026-01-02.22:31:14::SCWPlatform::Opened existing hwdb test_ALS_wrapper_0
TRACE::2026-01-02.22:31:14::SCWPlatform::Found the Hw Db part of the input DSA
TRACE::2026-01-02.22:31:14::SCWMssOS::Checking the sw design at  F:/Advanced_Hardware_Engineering/Vivado_2021/Workspace/ALS/ALS_Platform_J/microblaze_0/standalone_domain/bsp/system.mss
TRACE::2026-01-02.22:31:14::SCWMssOS::DEBUG:  swdes dump  F:/Advanced_Hardware_Engineering/Vivado_2021/Workspace/ALS/ALS_Platform_J/microblaze_0/standalone_domain/bsp/system.mss|system||

TRACE::2026-01-02.22:31:14::SCWMssOS::Sw design exists and opened at  F:/Advanced_Hardware_Engineering/Vivado_2021/Workspace/ALS/ALS_Platform_J/microblaze_0/standalone_domain/bsp/system.mss
TRACE::2026-01-02.22:31:14::SCWWriter::formatted JSON is {
	"platformName":	"ALS_Platform_J",
	"sprVersion":	"2.0",
	"mode":	"gui",
	"dsaType":	"Fixed",
	"platformDesc":	"ALS_Platform_J",
	"platHandOff":	"F:/Advanced_Hardware_Engineering/Vivado_2021/TEST_J_2021ALS/test_ALS_wrapper.xsa",
	"platIntHandOff":	"<platformDir>/hw/test_ALS_wrapper.xsa",
	"deviceType":	"FPGA",
	"platIsPrebuiltAutogen":	"false",
	"platIsNoBootBsp":	"false",
	"hasFsblMakeHasChanges":	"false",
	"hasPmufwMakeHasChanges":	"false",
	"platPreBuiltFlag":	false,
	"platformSamplesDir":	"",
	"platActiveSys":	"ALS_Platform_J",
	"systems":	[{
			"systemName":	"ALS_Platform_J",
			"systemDesc":	"ALS_Platform_J",
			"sysIsBootAutoGen":	"true",
			"systemDispName":	"ALS_Platform_J",
			"sysActiveDom":	"standalone_domain",
			"sysDefaultDom":	"standalone_domain",
			"domains":	[{
					"domainName":	"standalone_domain",
					"domainDispName":	"standalone_domain",
					"domainDesc":	"standalone_domain",
					"processors":	"microblaze_0",
					"os":	"standalone",
					"sdxOs":	"standalone",
					"debugEnable":	"False",
					"domRuntimes":	["cpp"],
					"swRepo":	"",
					"mssOsVer":	"7.6",
					"mssFile":	"",
					"md5Digest":	"e5adec6415953a84392bddb4c5443f46",
					"compatibleApp":	"",
					"domType":	"mssDomain",
					"arch":	"32-bit",
					"appSettings":	{
						"appCompilerFlags":	"",
						"appLinkerFlags":	""
					},
					"addedLibs":	[],
					"libOptions":	{
						"libsContainingOptions":	[]
					},
					"prebuiltLibs":	{
						"prebuiltIncPath":	[],
						"prebuiltLibPath":	[]
					},
					"isolation":	{
					}
				}]
		}]
}
KEYINFO::2026-01-02.22:31:14::SCWPlatform::updated the xpfm file.
TRACE::2026-01-02.22:31:14::SCWPlatform::Trying to open the hw design at F:/Advanced_Hardware_Engineering/Vivado_2021/Workspace/ALS/ALS_Platform_J/hw/test_ALS_wrapper.xsa
TRACE::2026-01-02.22:31:14::SCWPlatform::DSA given F:/Advanced_Hardware_Engineering/Vivado_2021/Workspace/ALS/ALS_Platform_J/hw/test_ALS_wrapper.xsa
TRACE::2026-01-02.22:31:14::SCWPlatform::DSA absoulate path F:/Advanced_Hardware_Engineering/Vivado_2021/Workspace/ALS/ALS_Platform_J/hw/test_ALS_wrapper.xsa
TRACE::2026-01-02.22:31:14::SCWPlatform::DSA directory F:/Advanced_Hardware_Engineering/Vivado_2021/Workspace/ALS/ALS_Platform_J/hw
TRACE::2026-01-02.22:31:14::SCWPlatform:: Platform Path F:/Advanced_Hardware_Engineering/Vivado_2021/Workspace/ALS/ALS_Platform_J/hw/test_ALS_wrapper.xsa
TRACE::2026-01-02.22:31:14::SCWPlatform:: Unique name xilinx:nexys-a7-100t::0.0
TRACE::2026-01-02.22:31:14::SCWPlatform::Trying to set the existing hwdb with name test_ALS_wrapper_0
TRACE::2026-01-02.22:31:14::SCWPlatform::Opened existing hwdb test_ALS_wrapper_0
TRACE::2026-01-02.22:31:14::SCWPlatform::Found the Hw Db part of the input DSA
TRACE::2026-01-02.22:31:14::SCWMssOS::Checking the sw design at  F:/Advanced_Hardware_Engineering/Vivado_2021/Workspace/ALS/ALS_Platform_J/microblaze_0/standalone_domain/bsp/system.mss
TRACE::2026-01-02.22:31:14::SCWMssOS::DEBUG:  swdes dump  F:/Advanced_Hardware_Engineering/Vivado_2021/Workspace/ALS/ALS_Platform_J/microblaze_0/standalone_domain/bsp/system.mss|system||

TRACE::2026-01-02.22:31:14::SCWMssOS::Sw design exists and opened at  F:/Advanced_Hardware_Engineering/Vivado_2021/Workspace/ALS/ALS_Platform_J/microblaze_0/standalone_domain/bsp/system.mss
TRACE::2026-01-02.22:31:14::SCWMssOS::Saving the mss changes F:/Advanced_Hardware_Engineering/Vivado_2021/Workspace/ALS/ALS_Platform_J/microblaze_0/standalone_domain/bsp/system.mss
TRACE::2026-01-02.22:31:14::SCWMssOS::Found a swdesign opened with the mssfile.
TRACE::2026-01-02.22:31:14::SCWMssOS::Completed writemss as part of save.
TRACE::2026-01-02.22:31:14::SCWMssOS::Commit changes completed.
TRACE::2026-01-02.22:31:14::SCWPlatform::Trying to open the hw design at F:/Advanced_Hardware_Engineering/Vivado_2021/Workspace/ALS/ALS_Platform_J/hw/test_ALS_wrapper.xsa
TRACE::2026-01-02.22:31:14::SCWPlatform::DSA given F:/Advanced_Hardware_Engineering/Vivado_2021/Workspace/ALS/ALS_Platform_J/hw/test_ALS_wrapper.xsa
TRACE::2026-01-02.22:31:14::SCWPlatform::DSA absoulate path F:/Advanced_Hardware_Engineering/Vivado_2021/Workspace/ALS/ALS_Platform_J/hw/test_ALS_wrapper.xsa
TRACE::2026-01-02.22:31:14::SCWPlatform::DSA directory F:/Advanced_Hardware_Engineering/Vivado_2021/Workspace/ALS/ALS_Platform_J/hw
TRACE::2026-01-02.22:31:14::SCWPlatform:: Platform Path F:/Advanced_Hardware_Engineering/Vivado_2021/Workspace/ALS/ALS_Platform_J/hw/test_ALS_wrapper.xsa
TRACE::2026-01-02.22:31:14::SCWPlatform:: Unique name xilinx:nexys-a7-100t::0.0
TRACE::2026-01-02.22:31:14::SCWPlatform::Trying to set the existing hwdb with name test_ALS_wrapper_0
TRACE::2026-01-02.22:31:14::SCWPlatform::Opened existing hwdb test_ALS_wrapper_0
TRACE::2026-01-02.22:31:14::SCWPlatform::Found the Hw Db part of the input DSA
TRACE::2026-01-02.22:31:14::SCWMssOS::Checking the sw design at  F:/Advanced_Hardware_Engineering/Vivado_2021/Workspace/ALS/ALS_Platform_J/microblaze_0/standalone_domain/bsp/system.mss
TRACE::2026-01-02.22:31:14::SCWMssOS::DEBUG:  swdes dump  F:/Advanced_Hardware_Engineering/Vivado_2021/Workspace/ALS/ALS_Platform_J/microblaze_0/standalone_domain/bsp/system.mss|system||

TRACE::2026-01-02.22:31:14::SCWMssOS::Sw design exists and opened at  F:/Advanced_Hardware_Engineering/Vivado_2021/Workspace/ALS/ALS_Platform_J/microblaze_0/standalone_domain/bsp/system.mss
TRACE::2026-01-02.22:31:14::SCWPlatform::Trying to open the hw design at F:/Advanced_Hardware_Engineering/Vivado_2021/Workspace/ALS/ALS_Platform_J/hw/test_ALS_wrapper.xsa
TRACE::2026-01-02.22:31:14::SCWPlatform::DSA given F:/Advanced_Hardware_Engineering/Vivado_2021/Workspace/ALS/ALS_Platform_J/hw/test_ALS_wrapper.xsa
TRACE::2026-01-02.22:31:14::SCWPlatform::DSA absoulate path F:/Advanced_Hardware_Engineering/Vivado_2021/Workspace/ALS/ALS_Platform_J/hw/test_ALS_wrapper.xsa
TRACE::2026-01-02.22:31:14::SCWPlatform::DSA directory F:/Advanced_Hardware_Engineering/Vivado_2021/Workspace/ALS/ALS_Platform_J/hw
TRACE::2026-01-02.22:31:14::SCWPlatform:: Platform Path F:/Advanced_Hardware_Engineering/Vivado_2021/Workspace/ALS/ALS_Platform_J/hw/test_ALS_wrapper.xsa
TRACE::2026-01-02.22:31:14::SCWPlatform:: Unique name xilinx:nexys-a7-100t::0.0
TRACE::2026-01-02.22:31:14::SCWPlatform::Trying to set the existing hwdb with name test_ALS_wrapper_0
TRACE::2026-01-02.22:31:14::SCWPlatform::Opened existing hwdb test_ALS_wrapper_0
TRACE::2026-01-02.22:31:14::SCWPlatform::Found the Hw Db part of the input DSA
TRACE::2026-01-02.22:31:14::SCWMssOS::Checking the sw design at  F:/Advanced_Hardware_Engineering/Vivado_2021/Workspace/ALS/ALS_Platform_J/microblaze_0/standalone_domain/bsp/system.mss
TRACE::2026-01-02.22:31:14::SCWMssOS::DEBUG:  swdes dump  F:/Advanced_Hardware_Engineering/Vivado_2021/Workspace/ALS/ALS_Platform_J/microblaze_0/standalone_domain/bsp/system.mss|system||

TRACE::2026-01-02.22:31:14::SCWMssOS::Sw design exists and opened at  F:/Advanced_Hardware_Engineering/Vivado_2021/Workspace/ALS/ALS_Platform_J/microblaze_0/standalone_domain/bsp/system.mss
TRACE::2026-01-02.22:31:14::SCWPlatform::Trying to open the hw design at F:/Advanced_Hardware_Engineering/Vivado_2021/Workspace/ALS/ALS_Platform_J/hw/test_ALS_wrapper.xsa
TRACE::2026-01-02.22:31:14::SCWPlatform::DSA given F:/Advanced_Hardware_Engineering/Vivado_2021/Workspace/ALS/ALS_Platform_J/hw/test_ALS_wrapper.xsa
TRACE::2026-01-02.22:31:14::SCWPlatform::DSA absoulate path F:/Advanced_Hardware_Engineering/Vivado_2021/Workspace/ALS/ALS_Platform_J/hw/test_ALS_wrapper.xsa
TRACE::2026-01-02.22:31:14::SCWPlatform::DSA directory F:/Advanced_Hardware_Engineering/Vivado_2021/Workspace/ALS/ALS_Platform_J/hw
TRACE::2026-01-02.22:31:14::SCWPlatform:: Platform Path F:/Advanced_Hardware_Engineering/Vivado_2021/Workspace/ALS/ALS_Platform_J/hw/test_ALS_wrapper.xsa
TRACE::2026-01-02.22:31:14::SCWPlatform:: Unique name xilinx:nexys-a7-100t::0.0
TRACE::2026-01-02.22:31:14::SCWPlatform::Trying to set the existing hwdb with name test_ALS_wrapper_0
TRACE::2026-01-02.22:31:14::SCWPlatform::Opened existing hwdb test_ALS_wrapper_0
TRACE::2026-01-02.22:31:14::SCWPlatform::Found the Hw Db part of the input DSA
TRACE::2026-01-02.22:31:14::SCWMssOS::Checking the sw design at  F:/Advanced_Hardware_Engineering/Vivado_2021/Workspace/ALS/ALS_Platform_J/microblaze_0/standalone_domain/bsp/system.mss
TRACE::2026-01-02.22:31:14::SCWMssOS::DEBUG:  swdes dump  F:/Advanced_Hardware_Engineering/Vivado_2021/Workspace/ALS/ALS_Platform_J/microblaze_0/standalone_domain/bsp/system.mss|system||

TRACE::2026-01-02.22:31:14::SCWMssOS::Sw design exists and opened at  F:/Advanced_Hardware_Engineering/Vivado_2021/Workspace/ALS/ALS_Platform_J/microblaze_0/standalone_domain/bsp/system.mss
TRACE::2026-01-02.22:31:14::SCWWriter::formatted JSON is {
	"platformName":	"ALS_Platform_J",
	"sprVersion":	"2.0",
	"mode":	"gui",
	"dsaType":	"Fixed",
	"platformDesc":	"ALS_Platform_J",
	"platHandOff":	"F:/Advanced_Hardware_Engineering/Vivado_2021/TEST_J_2021ALS/test_ALS_wrapper.xsa",
	"platIntHandOff":	"<platformDir>/hw/test_ALS_wrapper.xsa",
	"deviceType":	"FPGA",
	"platIsPrebuiltAutogen":	"false",
	"platIsNoBootBsp":	"false",
	"hasFsblMakeHasChanges":	"false",
	"hasPmufwMakeHasChanges":	"false",
	"platPreBuiltFlag":	false,
	"platformSamplesDir":	"",
	"platActiveSys":	"ALS_Platform_J",
	"systems":	[{
			"systemName":	"ALS_Platform_J",
			"systemDesc":	"ALS_Platform_J",
			"sysIsBootAutoGen":	"true",
			"systemDispName":	"ALS_Platform_J",
			"sysActiveDom":	"standalone_domain",
			"sysDefaultDom":	"standalone_domain",
			"domains":	[{
					"domainName":	"standalone_domain",
					"domainDispName":	"standalone_domain",
					"domainDesc":	"standalone_domain",
					"processors":	"microblaze_0",
					"os":	"standalone",
					"sdxOs":	"standalone",
					"debugEnable":	"False",
					"domRuntimes":	["cpp"],
					"swRepo":	"",
					"mssOsVer":	"7.6",
					"mssFile":	"",
					"md5Digest":	"e5adec6415953a84392bddb4c5443f46",
					"compatibleApp":	"",
					"domType":	"mssDomain",
					"arch":	"32-bit",
					"appSettings":	{
						"appCompilerFlags":	"",
						"appLinkerFlags":	""
					},
					"addedLibs":	[],
					"libOptions":	{
						"libsContainingOptions":	[]
					},
					"prebuiltLibs":	{
						"prebuiltIncPath":	[],
						"prebuiltLibPath":	[]
					},
					"isolation":	{
					}
				}]
		}]
}
TRACE::2026-01-02.22:31:14::SCWPlatform::Trying to open the hw design at F:/Advanced_Hardware_Engineering/Vivado_2021/Workspace/ALS/ALS_Platform_J/hw/test_ALS_wrapper.xsa
TRACE::2026-01-02.22:31:14::SCWPlatform::DSA given F:/Advanced_Hardware_Engineering/Vivado_2021/Workspace/ALS/ALS_Platform_J/hw/test_ALS_wrapper.xsa
TRACE::2026-01-02.22:31:14::SCWPlatform::DSA absoulate path F:/Advanced_Hardware_Engineering/Vivado_2021/Workspace/ALS/ALS_Platform_J/hw/test_ALS_wrapper.xsa
TRACE::2026-01-02.22:31:14::SCWPlatform::DSA directory F:/Advanced_Hardware_Engineering/Vivado_2021/Workspace/ALS/ALS_Platform_J/hw
TRACE::2026-01-02.22:31:14::SCWPlatform:: Platform Path F:/Advanced_Hardware_Engineering/Vivado_2021/Workspace/ALS/ALS_Platform_J/hw/test_ALS_wrapper.xsa
TRACE::2026-01-02.22:31:14::SCWPlatform:: Unique name xilinx:nexys-a7-100t::0.0
TRACE::2026-01-02.22:31:14::SCWPlatform::Trying to set the existing hwdb with name test_ALS_wrapper_0
TRACE::2026-01-02.22:31:14::SCWPlatform::Opened existing hwdb test_ALS_wrapper_0
TRACE::2026-01-02.22:31:14::SCWPlatform::Found the Hw Db part of the input DSA
TRACE::2026-01-02.22:31:14::SCWMssOS::Checking the sw design at  F:/Advanced_Hardware_Engineering/Vivado_2021/Workspace/ALS/ALS_Platform_J/microblaze_0/standalone_domain/bsp/system.mss
TRACE::2026-01-02.22:31:14::SCWMssOS::DEBUG:  swdes dump  F:/Advanced_Hardware_Engineering/Vivado_2021/Workspace/ALS/ALS_Platform_J/microblaze_0/standalone_domain/bsp/system.mss|system||

TRACE::2026-01-02.22:31:14::SCWMssOS::Sw design exists and opened at  F:/Advanced_Hardware_Engineering/Vivado_2021/Workspace/ALS/ALS_Platform_J/microblaze_0/standalone_domain/bsp/system.mss
TRACE::2026-01-02.22:31:14::SCWPlatform::Trying to open the hw design at F:/Advanced_Hardware_Engineering/Vivado_2021/Workspace/ALS/ALS_Platform_J/hw/test_ALS_wrapper.xsa
TRACE::2026-01-02.22:31:14::SCWPlatform::DSA given F:/Advanced_Hardware_Engineering/Vivado_2021/Workspace/ALS/ALS_Platform_J/hw/test_ALS_wrapper.xsa
TRACE::2026-01-02.22:31:14::SCWPlatform::DSA absoulate path F:/Advanced_Hardware_Engineering/Vivado_2021/Workspace/ALS/ALS_Platform_J/hw/test_ALS_wrapper.xsa
TRACE::2026-01-02.22:31:14::SCWPlatform::DSA directory F:/Advanced_Hardware_Engineering/Vivado_2021/Workspace/ALS/ALS_Platform_J/hw
TRACE::2026-01-02.22:31:14::SCWPlatform:: Platform Path F:/Advanced_Hardware_Engineering/Vivado_2021/Workspace/ALS/ALS_Platform_J/hw/test_ALS_wrapper.xsa
TRACE::2026-01-02.22:31:14::SCWPlatform:: Unique name xilinx:nexys-a7-100t::0.0
TRACE::2026-01-02.22:31:14::SCWPlatform::Trying to set the existing hwdb with name test_ALS_wrapper_0
TRACE::2026-01-02.22:31:14::SCWPlatform::Opened existing hwdb test_ALS_wrapper_0
TRACE::2026-01-02.22:31:14::SCWPlatform::Found the Hw Db part of the input DSA
TRACE::2026-01-02.22:31:14::SCWMssOS::Checking the sw design at  F:/Advanced_Hardware_Engineering/Vivado_2021/Workspace/ALS/ALS_Platform_J/microblaze_0/standalone_domain/bsp/system.mss
TRACE::2026-01-02.22:31:14::SCWMssOS::DEBUG:  swdes dump  F:/Advanced_Hardware_Engineering/Vivado_2021/Workspace/ALS/ALS_Platform_J/microblaze_0/standalone_domain/bsp/system.mss|system||

TRACE::2026-01-02.22:31:14::SCWMssOS::Sw design exists and opened at  F:/Advanced_Hardware_Engineering/Vivado_2021/Workspace/ALS/ALS_Platform_J/microblaze_0/standalone_domain/bsp/system.mss
TRACE::2026-01-02.22:31:14::SCWPlatform::Trying to open the hw design at F:/Advanced_Hardware_Engineering/Vivado_2021/Workspace/ALS/ALS_Platform_J/hw/test_ALS_wrapper.xsa
TRACE::2026-01-02.22:31:14::SCWPlatform::DSA given F:/Advanced_Hardware_Engineering/Vivado_2021/Workspace/ALS/ALS_Platform_J/hw/test_ALS_wrapper.xsa
TRACE::2026-01-02.22:31:14::SCWPlatform::DSA absoulate path F:/Advanced_Hardware_Engineering/Vivado_2021/Workspace/ALS/ALS_Platform_J/hw/test_ALS_wrapper.xsa
TRACE::2026-01-02.22:31:14::SCWPlatform::DSA directory F:/Advanced_Hardware_Engineering/Vivado_2021/Workspace/ALS/ALS_Platform_J/hw
TRACE::2026-01-02.22:31:14::SCWPlatform:: Platform Path F:/Advanced_Hardware_Engineering/Vivado_2021/Workspace/ALS/ALS_Platform_J/hw/test_ALS_wrapper.xsa
TRACE::2026-01-02.22:31:14::SCWPlatform:: Unique name xilinx:nexys-a7-100t::0.0
TRACE::2026-01-02.22:31:14::SCWPlatform::Trying to set the existing hwdb with name test_ALS_wrapper_0
TRACE::2026-01-02.22:31:14::SCWPlatform::Opened existing hwdb test_ALS_wrapper_0
TRACE::2026-01-02.22:31:14::SCWPlatform::Found the Hw Db part of the input DSA
TRACE::2026-01-02.22:31:14::SCWMssOS::Checking the sw design at  F:/Advanced_Hardware_Engineering/Vivado_2021/Workspace/ALS/ALS_Platform_J/microblaze_0/standalone_domain/bsp/system.mss
TRACE::2026-01-02.22:31:14::SCWMssOS::DEBUG:  swdes dump  F:/Advanced_Hardware_Engineering/Vivado_2021/Workspace/ALS/ALS_Platform_J/microblaze_0/standalone_domain/bsp/system.mss|system||

TRACE::2026-01-02.22:31:14::SCWMssOS::Sw design exists and opened at  F:/Advanced_Hardware_Engineering/Vivado_2021/Workspace/ALS/ALS_Platform_J/microblaze_0/standalone_domain/bsp/system.mss
TRACE::2026-01-02.22:31:14::SCWMssOS::Saving the mss changes F:/Advanced_Hardware_Engineering/Vivado_2021/Workspace/ALS/ALS_Platform_J/microblaze_0/standalone_domain/bsp/system.mss
TRACE::2026-01-02.22:31:14::SCWMssOS::Found a swdesign opened with the mssfile.
TRACE::2026-01-02.22:31:14::SCWMssOS::Completed writemss as part of save.
TRACE::2026-01-02.22:31:14::SCWMssOS::Commit changes completed.
TRACE::2026-01-02.22:31:14::SCWPlatform::Trying to open the hw design at F:/Advanced_Hardware_Engineering/Vivado_2021/Workspace/ALS/ALS_Platform_J/hw/test_ALS_wrapper.xsa
TRACE::2026-01-02.22:31:14::SCWPlatform::DSA given F:/Advanced_Hardware_Engineering/Vivado_2021/Workspace/ALS/ALS_Platform_J/hw/test_ALS_wrapper.xsa
TRACE::2026-01-02.22:31:14::SCWPlatform::DSA absoulate path F:/Advanced_Hardware_Engineering/Vivado_2021/Workspace/ALS/ALS_Platform_J/hw/test_ALS_wrapper.xsa
TRACE::2026-01-02.22:31:14::SCWPlatform::DSA directory F:/Advanced_Hardware_Engineering/Vivado_2021/Workspace/ALS/ALS_Platform_J/hw
TRACE::2026-01-02.22:31:14::SCWPlatform:: Platform Path F:/Advanced_Hardware_Engineering/Vivado_2021/Workspace/ALS/ALS_Platform_J/hw/test_ALS_wrapper.xsa
TRACE::2026-01-02.22:31:14::SCWPlatform:: Unique name xilinx:nexys-a7-100t::0.0
TRACE::2026-01-02.22:31:14::SCWPlatform::Trying to set the existing hwdb with name test_ALS_wrapper_0
TRACE::2026-01-02.22:31:14::SCWPlatform::Opened existing hwdb test_ALS_wrapper_0
TRACE::2026-01-02.22:31:14::SCWPlatform::Found the Hw Db part of the input DSA
TRACE::2026-01-02.22:31:14::SCWMssOS::Checking the sw design at  F:/Advanced_Hardware_Engineering/Vivado_2021/Workspace/ALS/ALS_Platform_J/microblaze_0/standalone_domain/bsp/system.mss
TRACE::2026-01-02.22:31:14::SCWMssOS::DEBUG:  swdes dump  F:/Advanced_Hardware_Engineering/Vivado_2021/Workspace/ALS/ALS_Platform_J/microblaze_0/standalone_domain/bsp/system.mss|system||

TRACE::2026-01-02.22:31:14::SCWMssOS::Sw design exists and opened at  F:/Advanced_Hardware_Engineering/Vivado_2021/Workspace/ALS/ALS_Platform_J/microblaze_0/standalone_domain/bsp/system.mss
TRACE::2026-01-02.22:31:14::SCWPlatform::Trying to open the hw design at F:/Advanced_Hardware_Engineering/Vivado_2021/Workspace/ALS/ALS_Platform_J/hw/test_ALS_wrapper.xsa
TRACE::2026-01-02.22:31:14::SCWPlatform::DSA given F:/Advanced_Hardware_Engineering/Vivado_2021/Workspace/ALS/ALS_Platform_J/hw/test_ALS_wrapper.xsa
TRACE::2026-01-02.22:31:14::SCWPlatform::DSA absoulate path F:/Advanced_Hardware_Engineering/Vivado_2021/Workspace/ALS/ALS_Platform_J/hw/test_ALS_wrapper.xsa
TRACE::2026-01-02.22:31:14::SCWPlatform::DSA directory F:/Advanced_Hardware_Engineering/Vivado_2021/Workspace/ALS/ALS_Platform_J/hw
TRACE::2026-01-02.22:31:14::SCWPlatform:: Platform Path F:/Advanced_Hardware_Engineering/Vivado_2021/Workspace/ALS/ALS_Platform_J/hw/test_ALS_wrapper.xsa
TRACE::2026-01-02.22:31:14::SCWPlatform:: Unique name xilinx:nexys-a7-100t::0.0
TRACE::2026-01-02.22:31:14::SCWPlatform::Trying to set the existing hwdb with name test_ALS_wrapper_0
TRACE::2026-01-02.22:31:14::SCWPlatform::Opened existing hwdb test_ALS_wrapper_0
TRACE::2026-01-02.22:31:14::SCWPlatform::Found the Hw Db part of the input DSA
TRACE::2026-01-02.22:31:14::SCWMssOS::Checking the sw design at  F:/Advanced_Hardware_Engineering/Vivado_2021/Workspace/ALS/ALS_Platform_J/microblaze_0/standalone_domain/bsp/system.mss
TRACE::2026-01-02.22:31:14::SCWMssOS::DEBUG:  swdes dump  F:/Advanced_Hardware_Engineering/Vivado_2021/Workspace/ALS/ALS_Platform_J/microblaze_0/standalone_domain/bsp/system.mss|system||

TRACE::2026-01-02.22:31:14::SCWMssOS::Sw design exists and opened at  F:/Advanced_Hardware_Engineering/Vivado_2021/Workspace/ALS/ALS_Platform_J/microblaze_0/standalone_domain/bsp/system.mss
TRACE::2026-01-02.22:31:14::SCWPlatform::Trying to open the hw design at F:/Advanced_Hardware_Engineering/Vivado_2021/Workspace/ALS/ALS_Platform_J/hw/test_ALS_wrapper.xsa
TRACE::2026-01-02.22:31:14::SCWPlatform::DSA given F:/Advanced_Hardware_Engineering/Vivado_2021/Workspace/ALS/ALS_Platform_J/hw/test_ALS_wrapper.xsa
TRACE::2026-01-02.22:31:14::SCWPlatform::DSA absoulate path F:/Advanced_Hardware_Engineering/Vivado_2021/Workspace/ALS/ALS_Platform_J/hw/test_ALS_wrapper.xsa
TRACE::2026-01-02.22:31:14::SCWPlatform::DSA directory F:/Advanced_Hardware_Engineering/Vivado_2021/Workspace/ALS/ALS_Platform_J/hw
TRACE::2026-01-02.22:31:14::SCWPlatform:: Platform Path F:/Advanced_Hardware_Engineering/Vivado_2021/Workspace/ALS/ALS_Platform_J/hw/test_ALS_wrapper.xsa
TRACE::2026-01-02.22:31:14::SCWPlatform:: Unique name xilinx:nexys-a7-100t::0.0
TRACE::2026-01-02.22:31:14::SCWPlatform::Trying to set the existing hwdb with name test_ALS_wrapper_0
TRACE::2026-01-02.22:31:14::SCWPlatform::Opened existing hwdb test_ALS_wrapper_0
TRACE::2026-01-02.22:31:14::SCWPlatform::Found the Hw Db part of the input DSA
TRACE::2026-01-02.22:31:14::SCWMssOS::Checking the sw design at  F:/Advanced_Hardware_Engineering/Vivado_2021/Workspace/ALS/ALS_Platform_J/microblaze_0/standalone_domain/bsp/system.mss
TRACE::2026-01-02.22:31:14::SCWMssOS::DEBUG:  swdes dump  F:/Advanced_Hardware_Engineering/Vivado_2021/Workspace/ALS/ALS_Platform_J/microblaze_0/standalone_domain/bsp/system.mss|system||

TRACE::2026-01-02.22:31:14::SCWMssOS::Sw design exists and opened at  F:/Advanced_Hardware_Engineering/Vivado_2021/Workspace/ALS/ALS_Platform_J/microblaze_0/standalone_domain/bsp/system.mss
TRACE::2026-01-02.22:31:14::SCWWriter::formatted JSON is {
	"platformName":	"ALS_Platform_J",
	"sprVersion":	"2.0",
	"mode":	"gui",
	"dsaType":	"Fixed",
	"platformDesc":	"ALS_Platform_J",
	"platHandOff":	"F:/Advanced_Hardware_Engineering/Vivado_2021/TEST_J_2021ALS/test_ALS_wrapper.xsa",
	"platIntHandOff":	"<platformDir>/hw/test_ALS_wrapper.xsa",
	"deviceType":	"FPGA",
	"platIsPrebuiltAutogen":	"false",
	"platIsNoBootBsp":	"false",
	"hasFsblMakeHasChanges":	"false",
	"hasPmufwMakeHasChanges":	"false",
	"platPreBuiltFlag":	false,
	"platformSamplesDir":	"",
	"platActiveSys":	"ALS_Platform_J",
	"systems":	[{
			"systemName":	"ALS_Platform_J",
			"systemDesc":	"ALS_Platform_J",
			"sysIsBootAutoGen":	"true",
			"systemDispName":	"ALS_Platform_J",
			"sysActiveDom":	"standalone_domain",
			"sysDefaultDom":	"standalone_domain",
			"domains":	[{
					"domainName":	"standalone_domain",
					"domainDispName":	"standalone on microblaze_0",
					"domainDesc":	"standalone_domain",
					"processors":	"microblaze_0",
					"os":	"standalone",
					"sdxOs":	"standalone",
					"debugEnable":	"False",
					"domRuntimes":	["cpp"],
					"swRepo":	"",
					"mssOsVer":	"7.6",
					"mssFile":	"",
					"md5Digest":	"e5adec6415953a84392bddb4c5443f46",
					"compatibleApp":	"",
					"domType":	"mssDomain",
					"arch":	"32-bit",
					"appSettings":	{
						"appCompilerFlags":	"",
						"appLinkerFlags":	""
					},
					"addedLibs":	[],
					"libOptions":	{
						"libsContainingOptions":	[]
					},
					"prebuiltLibs":	{
						"prebuiltIncPath":	[],
						"prebuiltLibPath":	[]
					},
					"isolation":	{
					}
				}]
		}]
}
TRACE::2026-01-02.22:31:14::SCWMssOS::Saving the mss changes F:/Advanced_Hardware_Engineering/Vivado_2021/Workspace/ALS/ALS_Platform_J/microblaze_0/standalone_domain/bsp/system.mss
TRACE::2026-01-02.22:31:14::SCWMssOS::Found a swdesign opened with the mssfile.
TRACE::2026-01-02.22:31:14::SCWMssOS::Completed writemss as part of save.
TRACE::2026-01-02.22:31:14::SCWMssOS::Commit changes completed.
TRACE::2026-01-02.22:31:14::SCWPlatform::Trying to open the hw design at F:/Advanced_Hardware_Engineering/Vivado_2021/Workspace/ALS/ALS_Platform_J/hw/test_ALS_wrapper.xsa
TRACE::2026-01-02.22:31:14::SCWPlatform::DSA given F:/Advanced_Hardware_Engineering/Vivado_2021/Workspace/ALS/ALS_Platform_J/hw/test_ALS_wrapper.xsa
TRACE::2026-01-02.22:31:14::SCWPlatform::DSA absoulate path F:/Advanced_Hardware_Engineering/Vivado_2021/Workspace/ALS/ALS_Platform_J/hw/test_ALS_wrapper.xsa
TRACE::2026-01-02.22:31:14::SCWPlatform::DSA directory F:/Advanced_Hardware_Engineering/Vivado_2021/Workspace/ALS/ALS_Platform_J/hw
TRACE::2026-01-02.22:31:14::SCWPlatform:: Platform Path F:/Advanced_Hardware_Engineering/Vivado_2021/Workspace/ALS/ALS_Platform_J/hw/test_ALS_wrapper.xsa
TRACE::2026-01-02.22:31:14::SCWPlatform:: Unique name xilinx:nexys-a7-100t::0.0
TRACE::2026-01-02.22:31:14::SCWPlatform::Trying to set the existing hwdb with name test_ALS_wrapper_0
TRACE::2026-01-02.22:31:14::SCWPlatform::Opened existing hwdb test_ALS_wrapper_0
TRACE::2026-01-02.22:31:14::SCWPlatform::Found the Hw Db part of the input DSA
TRACE::2026-01-02.22:31:14::SCWMssOS::Checking the sw design at  F:/Advanced_Hardware_Engineering/Vivado_2021/Workspace/ALS/ALS_Platform_J/microblaze_0/standalone_domain/bsp/system.mss
TRACE::2026-01-02.22:31:14::SCWMssOS::DEBUG:  swdes dump  F:/Advanced_Hardware_Engineering/Vivado_2021/Workspace/ALS/ALS_Platform_J/microblaze_0/standalone_domain/bsp/system.mss|system||

TRACE::2026-01-02.22:31:14::SCWMssOS::Sw design exists and opened at  F:/Advanced_Hardware_Engineering/Vivado_2021/Workspace/ALS/ALS_Platform_J/microblaze_0/standalone_domain/bsp/system.mss
TRACE::2026-01-02.22:31:14::SCWPlatform::Trying to open the hw design at F:/Advanced_Hardware_Engineering/Vivado_2021/Workspace/ALS/ALS_Platform_J/hw/test_ALS_wrapper.xsa
TRACE::2026-01-02.22:31:14::SCWPlatform::DSA given F:/Advanced_Hardware_Engineering/Vivado_2021/Workspace/ALS/ALS_Platform_J/hw/test_ALS_wrapper.xsa
TRACE::2026-01-02.22:31:14::SCWPlatform::DSA absoulate path F:/Advanced_Hardware_Engineering/Vivado_2021/Workspace/ALS/ALS_Platform_J/hw/test_ALS_wrapper.xsa
TRACE::2026-01-02.22:31:14::SCWPlatform::DSA directory F:/Advanced_Hardware_Engineering/Vivado_2021/Workspace/ALS/ALS_Platform_J/hw
TRACE::2026-01-02.22:31:14::SCWPlatform:: Platform Path F:/Advanced_Hardware_Engineering/Vivado_2021/Workspace/ALS/ALS_Platform_J/hw/test_ALS_wrapper.xsa
TRACE::2026-01-02.22:31:14::SCWPlatform:: Unique name xilinx:nexys-a7-100t::0.0
TRACE::2026-01-02.22:31:14::SCWPlatform::Trying to set the existing hwdb with name test_ALS_wrapper_0
TRACE::2026-01-02.22:31:14::SCWPlatform::Opened existing hwdb test_ALS_wrapper_0
TRACE::2026-01-02.22:31:14::SCWPlatform::Found the Hw Db part of the input DSA
TRACE::2026-01-02.22:31:14::SCWMssOS::Checking the sw design at  F:/Advanced_Hardware_Engineering/Vivado_2021/Workspace/ALS/ALS_Platform_J/microblaze_0/standalone_domain/bsp/system.mss
TRACE::2026-01-02.22:31:14::SCWMssOS::DEBUG:  swdes dump  F:/Advanced_Hardware_Engineering/Vivado_2021/Workspace/ALS/ALS_Platform_J/microblaze_0/standalone_domain/bsp/system.mss|system||

TRACE::2026-01-02.22:31:14::SCWMssOS::Sw design exists and opened at  F:/Advanced_Hardware_Engineering/Vivado_2021/Workspace/ALS/ALS_Platform_J/microblaze_0/standalone_domain/bsp/system.mss
TRACE::2026-01-02.22:31:14::SCWPlatform::Trying to open the hw design at F:/Advanced_Hardware_Engineering/Vivado_2021/Workspace/ALS/ALS_Platform_J/hw/test_ALS_wrapper.xsa
TRACE::2026-01-02.22:31:14::SCWPlatform::DSA given F:/Advanced_Hardware_Engineering/Vivado_2021/Workspace/ALS/ALS_Platform_J/hw/test_ALS_wrapper.xsa
TRACE::2026-01-02.22:31:14::SCWPlatform::DSA absoulate path F:/Advanced_Hardware_Engineering/Vivado_2021/Workspace/ALS/ALS_Platform_J/hw/test_ALS_wrapper.xsa
TRACE::2026-01-02.22:31:14::SCWPlatform::DSA directory F:/Advanced_Hardware_Engineering/Vivado_2021/Workspace/ALS/ALS_Platform_J/hw
TRACE::2026-01-02.22:31:14::SCWPlatform:: Platform Path F:/Advanced_Hardware_Engineering/Vivado_2021/Workspace/ALS/ALS_Platform_J/hw/test_ALS_wrapper.xsa
TRACE::2026-01-02.22:31:14::SCWPlatform:: Unique name xilinx:nexys-a7-100t::0.0
TRACE::2026-01-02.22:31:14::SCWPlatform::Trying to set the existing hwdb with name test_ALS_wrapper_0
TRACE::2026-01-02.22:31:14::SCWPlatform::Opened existing hwdb test_ALS_wrapper_0
TRACE::2026-01-02.22:31:14::SCWPlatform::Found the Hw Db part of the input DSA
TRACE::2026-01-02.22:31:14::SCWMssOS::Checking the sw design at  F:/Advanced_Hardware_Engineering/Vivado_2021/Workspace/ALS/ALS_Platform_J/microblaze_0/standalone_domain/bsp/system.mss
TRACE::2026-01-02.22:31:14::SCWMssOS::DEBUG:  swdes dump  F:/Advanced_Hardware_Engineering/Vivado_2021/Workspace/ALS/ALS_Platform_J/microblaze_0/standalone_domain/bsp/system.mss|system||

TRACE::2026-01-02.22:31:14::SCWMssOS::Sw design exists and opened at  F:/Advanced_Hardware_Engineering/Vivado_2021/Workspace/ALS/ALS_Platform_J/microblaze_0/standalone_domain/bsp/system.mss
TRACE::2026-01-02.22:31:14::SCWWriter::formatted JSON is {
	"platformName":	"ALS_Platform_J",
	"sprVersion":	"2.0",
	"mode":	"gui",
	"dsaType":	"Fixed",
	"platformDesc":	"ALS_Platform_J",
	"platHandOff":	"F:/Advanced_Hardware_Engineering/Vivado_2021/TEST_J_2021ALS/test_ALS_wrapper.xsa",
	"platIntHandOff":	"<platformDir>/hw/test_ALS_wrapper.xsa",
	"deviceType":	"FPGA",
	"platIsPrebuiltAutogen":	"false",
	"platIsNoBootBsp":	"false",
	"hasFsblMakeHasChanges":	"false",
	"hasPmufwMakeHasChanges":	"false",
	"platPreBuiltFlag":	false,
	"platformSamplesDir":	"",
	"platActiveSys":	"ALS_Platform_J",
	"systems":	[{
			"systemName":	"ALS_Platform_J",
			"systemDesc":	"ALS_Platform_J",
			"sysIsBootAutoGen":	"true",
			"systemDispName":	"ALS_Platform_J",
			"sysActiveDom":	"standalone_domain",
			"sysDefaultDom":	"standalone_domain",
			"domains":	[{
					"domainName":	"standalone_domain",
					"domainDispName":	"standalone on microblaze_0",
					"domainDesc":	"standalone_domain",
					"processors":	"microblaze_0",
					"os":	"standalone",
					"sdxOs":	"standalone",
					"debugEnable":	"False",
					"domRuntimes":	["cpp"],
					"swRepo":	"",
					"mssOsVer":	"7.6",
					"mssFile":	"",
					"md5Digest":	"e5adec6415953a84392bddb4c5443f46",
					"compatibleApp":	"",
					"domType":	"mssDomain",
					"arch":	"32-bit",
					"appSettings":	{
						"appCompilerFlags":	"",
						"appLinkerFlags":	""
					},
					"addedLibs":	[],
					"libOptions":	{
						"libsContainingOptions":	[]
					},
					"prebuiltLibs":	{
						"prebuiltIncPath":	[],
						"prebuiltLibPath":	[]
					},
					"isolation":	{
					}
				}]
		}]
}
TRACE::2026-01-02.22:31:14::SCWPlatform::Clearing the existing platform
TRACE::2026-01-02.22:31:14::SCWSystem::Clearing the existing sysconfig
TRACE::2026-01-02.22:31:14::SCWMssOS::Removing the swdes entry for  F:/Advanced_Hardware_Engineering/Vivado_2021/Workspace/ALS/ALS_Platform_J/microblaze_0/standalone_domain/bsp/system.mss
TRACE::2026-01-02.22:31:14::SCWSystem::Clearing the domains completed.
TRACE::2026-01-02.22:31:14::SCWPlatform::Clearing the opened hw db.
TRACE::2026-01-02.22:31:14::SCWPlatform::DSA given F:/Advanced_Hardware_Engineering/Vivado_2021/Workspace/ALS/ALS_Platform_J/hw/test_ALS_wrapper.xsa
TRACE::2026-01-02.22:31:14::SCWPlatform::DSA absoulate path F:/Advanced_Hardware_Engineering/Vivado_2021/Workspace/ALS/ALS_Platform_J/hw/test_ALS_wrapper.xsa
TRACE::2026-01-02.22:31:14::SCWPlatform:: Platform location is F:/Advanced_Hardware_Engineering/Vivado_2021/Workspace/ALS/ALS_Platform_J/hw
TRACE::2026-01-02.22:31:14::SCWPlatform:: Platform Path F:/Advanced_Hardware_Engineering/Vivado_2021/Workspace/ALS/ALS_Platform_J/hw/test_ALS_wrapper.xsa
TRACE::2026-01-02.22:31:14::SCWPlatform:: Unique name xilinx:nexys-a7-100t::0.0
TRACE::2026-01-02.22:31:14::SCWPlatform::Removing the HwDB with name F:/Advanced_Hardware_Engineering/Vivado_2021/Workspace/ALS/ALS_Platform_J/hw/test_ALS_wrapper.xsa
TRACE::2026-01-02.22:31:14::SCWPlatform::Trying to open the hw design at F:/Advanced_Hardware_Engineering/Vivado_2021/Workspace/ALS/ALS_Platform_J/hw/test_ALS_wrapper.xsa
TRACE::2026-01-02.22:31:14::SCWPlatform::DSA given F:/Advanced_Hardware_Engineering/Vivado_2021/Workspace/ALS/ALS_Platform_J/hw/test_ALS_wrapper.xsa
TRACE::2026-01-02.22:31:14::SCWPlatform::DSA absoulate path F:/Advanced_Hardware_Engineering/Vivado_2021/Workspace/ALS/ALS_Platform_J/hw/test_ALS_wrapper.xsa
TRACE::2026-01-02.22:31:14::SCWPlatform::DSA directory F:/Advanced_Hardware_Engineering/Vivado_2021/Workspace/ALS/ALS_Platform_J/hw
TRACE::2026-01-02.22:31:14::SCWPlatform:: Platform Path F:/Advanced_Hardware_Engineering/Vivado_2021/Workspace/ALS/ALS_Platform_J/hw/test_ALS_wrapper.xsa
TRACE::2026-01-02.22:31:14::SCWPlatform:: Unique name xilinx:nexys-a7-100t::0.0
TRACE::2026-01-02.22:31:14::SCWPlatform::Do not have an existing db opened. 
TRACE::2026-01-02.22:31:14::SCWPlatform::Opened new HwDB with name test_ALS_wrapper_1
TRACE::2026-01-02.22:31:14::SCWReader::Active system found as  ALS_Platform_J
TRACE::2026-01-02.22:31:14::SCWReader::Handling sysconfig ALS_Platform_J
TRACE::2026-01-02.22:31:14::SCWDomain::checking for install qemu data   : 
TRACE::2026-01-02.22:31:14::SCWPlatform::Trying to open the hw design at F:/Advanced_Hardware_Engineering/Vivado_2021/Workspace/ALS/ALS_Platform_J/hw/test_ALS_wrapper.xsa
TRACE::2026-01-02.22:31:14::SCWPlatform::DSA given F:/Advanced_Hardware_Engineering/Vivado_2021/Workspace/ALS/ALS_Platform_J/hw/test_ALS_wrapper.xsa
TRACE::2026-01-02.22:31:14::SCWPlatform::DSA absoulate path F:/Advanced_Hardware_Engineering/Vivado_2021/Workspace/ALS/ALS_Platform_J/hw/test_ALS_wrapper.xsa
TRACE::2026-01-02.22:31:14::SCWPlatform::DSA directory F:/Advanced_Hardware_Engineering/Vivado_2021/Workspace/ALS/ALS_Platform_J/hw
TRACE::2026-01-02.22:31:14::SCWPlatform:: Platform Path F:/Advanced_Hardware_Engineering/Vivado_2021/Workspace/ALS/ALS_Platform_J/hw/test_ALS_wrapper.xsa
TRACE::2026-01-02.22:31:14::SCWPlatform:: Unique name xilinx:nexys-a7-100t::0.0
TRACE::2026-01-02.22:31:14::SCWPlatform::Trying to set the existing hwdb with name test_ALS_wrapper_1
TRACE::2026-01-02.22:31:14::SCWPlatform::Opened existing hwdb test_ALS_wrapper_1
TRACE::2026-01-02.22:31:14::SCWPlatform::Found the Hw Db part of the input DSA
TRACE::2026-01-02.22:31:14::SCWPlatform::Trying to open the hw design at F:/Advanced_Hardware_Engineering/Vivado_2021/Workspace/ALS/ALS_Platform_J/hw/test_ALS_wrapper.xsa
TRACE::2026-01-02.22:31:14::SCWPlatform::DSA given F:/Advanced_Hardware_Engineering/Vivado_2021/Workspace/ALS/ALS_Platform_J/hw/test_ALS_wrapper.xsa
TRACE::2026-01-02.22:31:14::SCWPlatform::DSA absoulate path F:/Advanced_Hardware_Engineering/Vivado_2021/Workspace/ALS/ALS_Platform_J/hw/test_ALS_wrapper.xsa
TRACE::2026-01-02.22:31:14::SCWPlatform::DSA directory F:/Advanced_Hardware_Engineering/Vivado_2021/Workspace/ALS/ALS_Platform_J/hw
TRACE::2026-01-02.22:31:14::SCWPlatform:: Platform Path F:/Advanced_Hardware_Engineering/Vivado_2021/Workspace/ALS/ALS_Platform_J/hw/test_ALS_wrapper.xsa
TRACE::2026-01-02.22:31:14::SCWPlatform:: Unique name xilinx:nexys-a7-100t::0.0
TRACE::2026-01-02.22:31:14::SCWPlatform::Trying to set the existing hwdb with name test_ALS_wrapper_1
TRACE::2026-01-02.22:31:14::SCWPlatform::Opened existing hwdb test_ALS_wrapper_1
TRACE::2026-01-02.22:31:14::SCWPlatform::Found the Hw Db part of the input DSA
TRACE::2026-01-02.22:31:14::SCWPlatform::Trying to open the hw design at F:/Advanced_Hardware_Engineering/Vivado_2021/Workspace/ALS/ALS_Platform_J/hw/test_ALS_wrapper.xsa
TRACE::2026-01-02.22:31:14::SCWPlatform::DSA given F:/Advanced_Hardware_Engineering/Vivado_2021/Workspace/ALS/ALS_Platform_J/hw/test_ALS_wrapper.xsa
TRACE::2026-01-02.22:31:14::SCWPlatform::DSA absoulate path F:/Advanced_Hardware_Engineering/Vivado_2021/Workspace/ALS/ALS_Platform_J/hw/test_ALS_wrapper.xsa
TRACE::2026-01-02.22:31:14::SCWPlatform::DSA directory F:/Advanced_Hardware_Engineering/Vivado_2021/Workspace/ALS/ALS_Platform_J/hw
TRACE::2026-01-02.22:31:14::SCWPlatform:: Platform Path F:/Advanced_Hardware_Engineering/Vivado_2021/Workspace/ALS/ALS_Platform_J/hw/test_ALS_wrapper.xsa
TRACE::2026-01-02.22:31:14::SCWPlatform:: Unique name xilinx:nexys-a7-100t::0.0
TRACE::2026-01-02.22:31:14::SCWPlatform::Trying to set the existing hwdb with name test_ALS_wrapper_1
TRACE::2026-01-02.22:31:14::SCWPlatform::Opened existing hwdb test_ALS_wrapper_1
TRACE::2026-01-02.22:31:14::SCWPlatform::Found the Hw Db part of the input DSA
TRACE::2026-01-02.22:31:14::SCWPlatform::Trying to open the hw design at F:/Advanced_Hardware_Engineering/Vivado_2021/Workspace/ALS/ALS_Platform_J/hw/test_ALS_wrapper.xsa
TRACE::2026-01-02.22:31:14::SCWPlatform::DSA given F:/Advanced_Hardware_Engineering/Vivado_2021/Workspace/ALS/ALS_Platform_J/hw/test_ALS_wrapper.xsa
TRACE::2026-01-02.22:31:14::SCWPlatform::DSA absoulate path F:/Advanced_Hardware_Engineering/Vivado_2021/Workspace/ALS/ALS_Platform_J/hw/test_ALS_wrapper.xsa
TRACE::2026-01-02.22:31:14::SCWPlatform::DSA directory F:/Advanced_Hardware_Engineering/Vivado_2021/Workspace/ALS/ALS_Platform_J/hw
TRACE::2026-01-02.22:31:14::SCWPlatform:: Platform Path F:/Advanced_Hardware_Engineering/Vivado_2021/Workspace/ALS/ALS_Platform_J/hw/test_ALS_wrapper.xsa
TRACE::2026-01-02.22:31:14::SCWPlatform:: Unique name xilinx:nexys-a7-100t::0.0
TRACE::2026-01-02.22:31:14::SCWPlatform::Trying to set the existing hwdb with name test_ALS_wrapper_1
TRACE::2026-01-02.22:31:14::SCWPlatform::Opened existing hwdb test_ALS_wrapper_1
TRACE::2026-01-02.22:31:14::SCWPlatform::Found the Hw Db part of the input DSA
TRACE::2026-01-02.22:31:14::SCWMssOS::Checking the sw design at  F:/Advanced_Hardware_Engineering/Vivado_2021/Workspace/ALS/ALS_Platform_J/microblaze_0/standalone_domain/bsp/system.mss
TRACE::2026-01-02.22:31:14::SCWMssOS::DEBUG:  swdes dump  
TRACE::2026-01-02.22:31:14::SCWMssOS::No sw design opened at  F:/Advanced_Hardware_Engineering/Vivado_2021/Workspace/ALS/ALS_Platform_J/microblaze_0/standalone_domain/bsp/system.mss
TRACE::2026-01-02.22:31:14::SCWMssOS::mss exists loading the mss file  F:/Advanced_Hardware_Engineering/Vivado_2021/Workspace/ALS/ALS_Platform_J/microblaze_0/standalone_domain/bsp/system.mss
TRACE::2026-01-02.22:31:14::SCWMssOS::Opened the sw design from mss  F:/Advanced_Hardware_Engineering/Vivado_2021/Workspace/ALS/ALS_Platform_J/microblaze_0/standalone_domain/bsp/system.mss
TRACE::2026-01-02.22:31:14::SCWMssOS::Adding the swdes entry F:/Advanced_Hardware_Engineering/Vivado_2021/Workspace/ALS/ALS_Platform_J/microblaze_0/standalone_domain/bsp/system.mss with des name system
TRACE::2026-01-02.22:31:14::SCWMssOS::updating the scw layer about changes
TRACE::2026-01-02.22:31:14::SCWMssOS::Opened the sw design.  F:/Advanced_Hardware_Engineering/Vivado_2021/Workspace/ALS/ALS_Platform_J/microblaze_0/standalone_domain/bsp/system.mss
TRACE::2026-01-02.22:31:14::SCWMssOS::Saving the mss changes F:/Advanced_Hardware_Engineering/Vivado_2021/Workspace/ALS/ALS_Platform_J/microblaze_0/standalone_domain/bsp/system.mss
TRACE::2026-01-02.22:31:14::SCWMssOS::Found a swdesign opened with the mssfile.
TRACE::2026-01-02.22:31:14::SCWMssOS::Completed writemss as part of save.
TRACE::2026-01-02.22:31:14::SCWMssOS::Commit changes completed.
TRACE::2026-01-02.22:31:14::SCWReader::Adding prebuilt librarypaths as   
TRACE::2026-01-02.22:31:14::SCWReader::Adding prebuilt incpaths  as   
TRACE::2026-01-02.22:31:14::SCWPlatform::Trying to open the hw design at F:/Advanced_Hardware_Engineering/Vivado_2021/Workspace/ALS/ALS_Platform_J/hw/test_ALS_wrapper.xsa
TRACE::2026-01-02.22:31:14::SCWPlatform::DSA given F:/Advanced_Hardware_Engineering/Vivado_2021/Workspace/ALS/ALS_Platform_J/hw/test_ALS_wrapper.xsa
TRACE::2026-01-02.22:31:14::SCWPlatform::DSA absoulate path F:/Advanced_Hardware_Engineering/Vivado_2021/Workspace/ALS/ALS_Platform_J/hw/test_ALS_wrapper.xsa
TRACE::2026-01-02.22:31:14::SCWPlatform::DSA directory F:/Advanced_Hardware_Engineering/Vivado_2021/Workspace/ALS/ALS_Platform_J/hw
TRACE::2026-01-02.22:31:14::SCWPlatform:: Platform Path F:/Advanced_Hardware_Engineering/Vivado_2021/Workspace/ALS/ALS_Platform_J/hw/test_ALS_wrapper.xsa
TRACE::2026-01-02.22:31:14::SCWPlatform:: Unique name xilinx:nexys-a7-100t::0.0
TRACE::2026-01-02.22:31:14::SCWPlatform::Trying to set the existing hwdb with name test_ALS_wrapper_1
TRACE::2026-01-02.22:31:14::SCWPlatform::Opened existing hwdb test_ALS_wrapper_1
TRACE::2026-01-02.22:31:14::SCWPlatform::Found the Hw Db part of the input DSA
TRACE::2026-01-02.22:31:14::SCWMssOS::Checking the sw design at  F:/Advanced_Hardware_Engineering/Vivado_2021/Workspace/ALS/ALS_Platform_J/microblaze_0/standalone_domain/bsp/system.mss
TRACE::2026-01-02.22:31:14::SCWMssOS::DEBUG:  swdes dump  F:/Advanced_Hardware_Engineering/Vivado_2021/Workspace/ALS/ALS_Platform_J/microblaze_0/standalone_domain/bsp/system.mss|system||

TRACE::2026-01-02.22:31:14::SCWMssOS::Sw design exists and opened at  F:/Advanced_Hardware_Engineering/Vivado_2021/Workspace/ALS/ALS_Platform_J/microblaze_0/standalone_domain/bsp/system.mss
TRACE::2026-01-02.22:31:14::SCWReader::No isolation master present  
LOG::2026-01-02.22:31:19::SCWPlatform::Started generating the artifacts platform ALS_Platform_J
TRACE::2026-01-02.22:31:19::SCWPlatform::Sanity checking of platform is completed
LOG::2026-01-02.22:31:19::SCWPlatform::Started generating the artifacts for system configuration ALS_Platform_J
LOG::2026-01-02.22:31:19::SCWSystem::Checking the domain standalone_domain
LOG::2026-01-02.22:31:19::SCWSystem::Not a boot domain 
LOG::2026-01-02.22:31:19::SCWSystem::Started Processing the domain standalone_domain
TRACE::2026-01-02.22:31:19::SCWDomain::Generating domain artifcats
TRACE::2026-01-02.22:31:19::SCWMssOS::Generating standalone artifcats
TRACE::2026-01-02.22:31:19::SCWMssOS:: Copying the user libraries. 
TRACE::2026-01-02.22:31:19::SCWPlatform::Trying to open the hw design at F:/Advanced_Hardware_Engineering/Vivado_2021/Workspace/ALS/ALS_Platform_J/hw/test_ALS_wrapper.xsa
TRACE::2026-01-02.22:31:19::SCWPlatform::DSA given F:/Advanced_Hardware_Engineering/Vivado_2021/Workspace/ALS/ALS_Platform_J/hw/test_ALS_wrapper.xsa
TRACE::2026-01-02.22:31:19::SCWPlatform::DSA absoulate path F:/Advanced_Hardware_Engineering/Vivado_2021/Workspace/ALS/ALS_Platform_J/hw/test_ALS_wrapper.xsa
TRACE::2026-01-02.22:31:19::SCWPlatform::DSA directory F:/Advanced_Hardware_Engineering/Vivado_2021/Workspace/ALS/ALS_Platform_J/hw
TRACE::2026-01-02.22:31:19::SCWPlatform:: Platform Path F:/Advanced_Hardware_Engineering/Vivado_2021/Workspace/ALS/ALS_Platform_J/hw/test_ALS_wrapper.xsa
TRACE::2026-01-02.22:31:19::SCWPlatform:: Unique name xilinx:nexys-a7-100t::0.0
TRACE::2026-01-02.22:31:19::SCWPlatform::Trying to set the existing hwdb with name test_ALS_wrapper_1
TRACE::2026-01-02.22:31:19::SCWPlatform::Opened existing hwdb test_ALS_wrapper_1
TRACE::2026-01-02.22:31:19::SCWPlatform::Found the Hw Db part of the input DSA
TRACE::2026-01-02.22:31:19::SCWMssOS::Checking the sw design at  F:/Advanced_Hardware_Engineering/Vivado_2021/Workspace/ALS/ALS_Platform_J/microblaze_0/standalone_domain/bsp/system.mss
TRACE::2026-01-02.22:31:19::SCWMssOS::DEBUG:  swdes dump  F:/Advanced_Hardware_Engineering/Vivado_2021/Workspace/ALS/ALS_Platform_J/microblaze_0/standalone_domain/bsp/system.mss|system||

TRACE::2026-01-02.22:31:19::SCWMssOS::Sw design exists and opened at  F:/Advanced_Hardware_Engineering/Vivado_2021/Workspace/ALS/ALS_Platform_J/microblaze_0/standalone_domain/bsp/system.mss
TRACE::2026-01-02.22:31:19::SCWMssOS::Completed writing the mss file at F:/Advanced_Hardware_Engineering/Vivado_2021/Workspace/ALS/ALS_Platform_J/microblaze_0/standalone_domain/bsp
TRACE::2026-01-02.22:31:19::SCWMssOS::Mss edits present, copying mssfile into export location F:/Advanced_Hardware_Engineering/Vivado_2021/Workspace/ALS/ALS_Platform_J/microblaze_0/standalone_domain/bsp/system.mss
TRACE::2026-01-02.22:31:19::SCWMssOS::bsp generated is upto date with the mss file. Skipping bsp generation.
TRACE::2026-01-02.22:31:19::SCWMssOS::BSP is already built. skipping the bsp build ... 
TRACE::2026-01-02.22:31:19::SCWDomain::Building the domain as part of full build :  standalone_domain
TRACE::2026-01-02.22:31:19::SCWMssOS::doing bsp build ... 
TRACE::2026-01-02.22:31:19::SCWMssOS::System Command Ran  F: & cd  F:/Advanced_Hardware_Engineering/Vivado_2021/Workspace/ALS/ALS_Platform_J/microblaze_0/standalone_domain/bsp & make 
TRACE::2026-01-02.22:31:19::SCWMssOS::make --no-print-directory seq_libs

TRACE::2026-01-02.22:31:19::SCWMssOS::"Running Make include in microblaze_0/libsrc/bram_v4_7/src"

TRACE::2026-01-02.22:31:19::SCWMssOS::make -C microblaze_0/libsrc/bram_v4_7/src -s include  "SHELL=CMD" "COMPILER=mb-gcc" "ASSEMBLER=mb-as" "ARCHIVER=mb-ar" "COMPILE
TRACE::2026-01-02.22:31:19::SCWMssOS::R_FLAGS=  -O2 -c -mcpu=v11.0 -mlittle-endian -mxl-soft-mul" "EXTRA_COMPILER_FLAGS=-g -ffunction-sections -fdata-sections -Wall 
TRACE::2026-01-02.22:31:19::SCWMssOS::-Wextra -fno-tree-loop-distribute-patterns"

TRACE::2026-01-02.22:31:19::SCWMssOS::"Running Make include in microblaze_0/libsrc/cpu_v2_14/src"

TRACE::2026-01-02.22:31:19::SCWMssOS::make -C microblaze_0/libsrc/cpu_v2_14/src -s include  "SHELL=CMD" "COMPILER=mb-gcc" "ASSEMBLER=mb-as" "ARCHIVER=mb-ar" "COMPILE
TRACE::2026-01-02.22:31:19::SCWMssOS::R_FLAGS=  -O2 -c -mcpu=v11.0 -mlittle-endian -mxl-soft-mul" "EXTRA_COMPILER_FLAGS=-g -ffunction-sections -fdata-sections -Wall 
TRACE::2026-01-02.22:31:19::SCWMssOS::-Wextra -fno-tree-loop-distribute-patterns"

TRACE::2026-01-02.22:31:19::SCWMssOS::"Running Make include in microblaze_0/libsrc/intc_v3_13/src"

TRACE::2026-01-02.22:31:19::SCWMssOS::make -C microblaze_0/libsrc/intc_v3_13/src -s include  "SHELL=CMD" "COMPILER=mb-gcc" "ASSEMBLER=mb-as" "ARCHIVER=mb-ar" "COMPIL
TRACE::2026-01-02.22:31:19::SCWMssOS::ER_FLAGS=  -O2 -c -mcpu=v11.0 -mlittle-endian -mxl-soft-mul" "EXTRA_COMPILER_FLAGS=-g -ffunction-sections -fdata-sections -Wall
TRACE::2026-01-02.22:31:19::SCWMssOS:: -Wextra -fno-tree-loop-distribute-patterns"

TRACE::2026-01-02.22:31:20::SCWMssOS::"Running Make include in microblaze_0/libsrc/PmodALS_v1_0/src"

TRACE::2026-01-02.22:31:20::SCWMssOS::make -C microblaze_0/libsrc/PmodALS_v1_0/src -s include  "SHELL=CMD" "COMPILER=mb-gcc" "ASSEMBLER=mb-as" "ARCHIVER=mb-ar" "COMP
TRACE::2026-01-02.22:31:20::SCWMssOS::ILER_FLAGS=  -O2 -c -mcpu=v11.0 -mlittle-endian -mxl-soft-mul" "EXTRA_COMPILER_FLAGS=-g -ffunction-sections -fdata-sections -Wa
TRACE::2026-01-02.22:31:20::SCWMssOS::ll -Wextra -fno-tree-loop-distribute-patterns"

TRACE::2026-01-02.22:31:20::SCWMssOS::"Running Make include in microblaze_0/libsrc/standalone_v7_6/src"

TRACE::2026-01-02.22:31:20::SCWMssOS::make -C microblaze_0/libsrc/standalone_v7_6/src -s include  "SHELL=CMD" "COMPILER=mb-gcc" "ASSEMBLER=mb-as" "ARCHIVER=mb-ar" "C
TRACE::2026-01-02.22:31:20::SCWMssOS::OMPILER_FLAGS=  -O2 -c -mcpu=v11.0 -mlittle-endian -mxl-soft-mul" "EXTRA_COMPILER_FLAGS=-g -ffunction-sections -fdata-sections 
TRACE::2026-01-02.22:31:20::SCWMssOS::-Wall -Wextra -fno-tree-loop-distribute-patterns"

TRACE::2026-01-02.22:31:20::SCWMssOS::"Running Make include in microblaze_0/libsrc/uartlite_v3_6/src"

TRACE::2026-01-02.22:31:20::SCWMssOS::make -C microblaze_0/libsrc/uartlite_v3_6/src -s include  "SHELL=CMD" "COMPILER=mb-gcc" "ASSEMBLER=mb-as" "ARCHIVER=mb-ar" "COM
TRACE::2026-01-02.22:31:20::SCWMssOS::PILER_FLAGS=  -O2 -c -mcpu=v11.0 -mlittle-endian -mxl-soft-mul" "EXTRA_COMPILER_FLAGS=-g -ffunction-sections -fdata-sections -W
TRACE::2026-01-02.22:31:20::SCWMssOS::all -Wextra -fno-tree-loop-distribute-patterns"

TRACE::2026-01-02.22:31:20::SCWMssOS::"Running Make libs in microblaze_0/libsrc/PmodALS_v1_0/src"

TRACE::2026-01-02.22:31:20::SCWMssOS::make -C microblaze_0/libsrc/PmodALS_v1_0/src -s libs  "SHELL=CMD" "COMPILER=mb-gcc" "ASSEMBLER=mb-as" "ARCHIVER=mb-ar" "COMPILE
TRACE::2026-01-02.22:31:20::SCWMssOS::R_FLAGS=  -O2 -c -mcpu=v11.0 -mlittle-endian -mxl-soft-mul" "EXTRA_COMPILER_FLAGS=-g -ffunction-sections -fdata-sections -Wall 
TRACE::2026-01-02.22:31:20::SCWMssOS::-Wextra -fno-tree-loop-distribute-patterns"

TRACE::2026-01-02.22:31:20::SCWMssOS::"Compiling PmodALS"

TRACE::2026-01-02.22:31:20::SCWMssOS::'Finished building libraries sequentially.'

TRACE::2026-01-02.22:31:20::SCWMssOS::make -j 14 --no-print-directory par_libs

TRACE::2026-01-02.22:31:21::SCWMssOS::"Running Make include in microblaze_0/libsrc/bram_v4_7/src"

TRACE::2026-01-02.22:31:21::SCWMssOS::"Running Make include in microblaze_0/libsrc/cpu_v2_14/src"

TRACE::2026-01-02.22:31:21::SCWMssOS::make -C microblaze_0/libsrc/bram_v4_7/src -s include  "SHELL=CMD" "COMPILER=mb-gcc" "ASSEMBLER=mb-as" "ARCHIVER=mb-ar" "COMPILE
TRACE::2026-01-02.22:31:21::SCWMssOS::R_FLAGS=  -O2 -c -mcpu=v11.0 -mlittle-endian -mxl-soft-mul" "EXTRA_COMPILER_FLAGS=-g -ffunction-sections -fdata-sections -Wall 
TRACE::2026-01-02.22:31:21::SCWMssOS::-Wextra -fno-tree-loop-distribute-patterns"

TRACE::2026-01-02.22:31:21::SCWMssOS::make -C microblaze_0/libsrc/cpu_v2_14/src -s include  "SHELL=CMD" "COMPILER=mb-gcc" "ASSEMBLER=mb-as" "ARCHIVER=mb-ar" "COMPILE
TRACE::2026-01-02.22:31:21::SCWMssOS::R_FLAGS=  -O2 -c -mcpu=v11.0 -mlittle-endian -mxl-soft-mul" "EXTRA_COMPILER_FLAGS=-g -ffunction-sections -fdata-sections -Wall 
TRACE::2026-01-02.22:31:21::SCWMssOS::-Wextra -fno-tree-loop-distribute-patterns"

TRACE::2026-01-02.22:31:21::SCWMssOS::"Running Make include in microblaze_0/libsrc/intc_v3_13/src"

TRACE::2026-01-02.22:31:21::SCWMssOS::"Running Make include in microblaze_0/libsrc/PmodALS_v1_0/src"

TRACE::2026-01-02.22:31:21::SCWMssOS::make -C microblaze_0/libsrc/intc_v3_13/src -s include  "SHELL=CMD" "COMPILER=mb-gcc" "ASSEMBLER=mb-as" "ARCHIVER=mb-ar" "COMPIL
TRACE::2026-01-02.22:31:21::SCWMssOS::ER_FLAGS=  -O2 -c -mcpu=v11.0 -mlittle-endian -mxl-soft-mul" "EXTRA_COMPILER_FLAGS=-g -ffunction-sections -fdata-sections -Wall
TRACE::2026-01-02.22:31:21::SCWMssOS:: -Wextra -fno-tree-loop-distribute-patterns"

TRACE::2026-01-02.22:31:21::SCWMssOS::make -C microblaze_0/libsrc/PmodALS_v1_0/src -s include  "SHELL=CMD" "COMPILER=mb-gcc" "ASSEMBLER=mb-as" "ARCHIVER=mb-ar" "COMP
TRACE::2026-01-02.22:31:21::SCWMssOS::ILER_FLAGS=  -O2 -c -mcpu=v11.0 -mlittle-endian -mxl-soft-mul" "EXTRA_COMPILER_FLAGS=-g -ffunction-sections -fdata-sections -Wa
TRACE::2026-01-02.22:31:21::SCWMssOS::ll -Wextra -fno-tree-loop-distribute-patterns"

TRACE::2026-01-02.22:31:21::SCWMssOS::"Running Make include in microblaze_0/libsrc/standalone_v7_6/src"

TRACE::2026-01-02.22:31:21::SCWMssOS::make -C microblaze_0/libsrc/standalone_v7_6/src -s include  "SHELL=CMD" "COMPILER=mb-gcc" "ASSEMBLER=mb-as" "ARCHIVER=mb-ar" "C
TRACE::2026-01-02.22:31:21::SCWMssOS::OMPILER_FLAGS=  -O2 -c -mcpu=v11.0 -mlittle-endian -mxl-soft-mul" "EXTRA_COMPILER_FLAGS=-g -ffunction-sections -fdata-sections 
TRACE::2026-01-02.22:31:21::SCWMssOS::-Wall -Wextra -fno-tree-loop-distribute-patterns"

TRACE::2026-01-02.22:31:21::SCWMssOS::"Running Make include in microblaze_0/libsrc/uartlite_v3_6/src"

TRACE::2026-01-02.22:31:21::SCWMssOS::make -C microblaze_0/libsrc/uartlite_v3_6/src -s include  "SHELL=CMD" "COMPILER=mb-gcc" "ASSEMBLER=mb-as" "ARCHIVER=mb-ar" "COM
TRACE::2026-01-02.22:31:21::SCWMssOS::PILER_FLAGS=  -O2 -c -mcpu=v11.0 -mlittle-endian -mxl-soft-mul" "EXTRA_COMPILER_FLAGS=-g -ffunction-sections -fdata-sections -W
TRACE::2026-01-02.22:31:21::SCWMssOS::all -Wextra -fno-tree-loop-distribute-patterns"

TRACE::2026-01-02.22:31:21::SCWMssOS::"Running Make libs in microblaze_0/libsrc/bram_v4_7/src"

TRACE::2026-01-02.22:31:21::SCWMssOS::"Running Make libs in microblaze_0/libsrc/cpu_v2_14/src"

TRACE::2026-01-02.22:31:21::SCWMssOS::make -C microblaze_0/libsrc/bram_v4_7/src -s libs  "SHELL=CMD" "COMPILER=mb-gcc" "ASSEMBLER=mb-as" "ARCHIVER=mb-ar" "COMPILER_F
TRACE::2026-01-02.22:31:21::SCWMssOS::LAGS=  -O2 -c -mcpu=v11.0 -mlittle-endian -mxl-soft-mul" "EXTRA_COMPILER_FLAGS=-g -ffunction-sections -fdata-sections -Wall -We
TRACE::2026-01-02.22:31:21::SCWMssOS::xtra -fno-tree-loop-distribute-patterns"

TRACE::2026-01-02.22:31:21::SCWMssOS::make -C microblaze_0/libsrc/cpu_v2_14/src -s libs  "SHELL=CMD" "COMPILER=mb-gcc" "ASSEMBLER=mb-as" "ARCHIVER=mb-ar" "COMPILER_F
TRACE::2026-01-02.22:31:21::SCWMssOS::LAGS=  -O2 -c -mcpu=v11.0 -mlittle-endian -mxl-soft-mul" "EXTRA_COMPILER_FLAGS=-g -ffunction-sections -fdata-sections -Wall -We
TRACE::2026-01-02.22:31:21::SCWMssOS::xtra -fno-tree-loop-distribute-patterns"

TRACE::2026-01-02.22:31:21::SCWMssOS::"Running Make libs in microblaze_0/libsrc/intc_v3_13/src"

TRACE::2026-01-02.22:31:21::SCWMssOS::"Running Make libs in microblaze_0/libsrc/standalone_v7_6/src"

TRACE::2026-01-02.22:31:21::SCWMssOS::make -C microblaze_0/libsrc/intc_v3_13/src -s libs  "SHELL=CMD" "COMPILER=mb-gcc" "ASSEMBLER=mb-as" "ARCHIVER=mb-ar" "COMPILER_
TRACE::2026-01-02.22:31:21::SCWMssOS::FLAGS=  -O2 -c -mcpu=v11.0 -mlittle-endian -mxl-soft-mul" "EXTRA_COMPILER_FLAGS=-g -ffunction-sections -fdata-sections -Wall -W
TRACE::2026-01-02.22:31:21::SCWMssOS::extra -fno-tree-loop-distribute-patterns"

TRACE::2026-01-02.22:31:21::SCWMssOS::make -C microblaze_0/libsrc/standalone_v7_6/src -s libs  "SHELL=CMD" "COMPILER=mb-gcc" "ASSEMBLER=mb-as" "ARCHIVER=mb-ar" "COMP
TRACE::2026-01-02.22:31:21::SCWMssOS::ILER_FLAGS=  -O2 -c -mcpu=v11.0 -mlittle-endian -mxl-soft-mul" "EXTRA_COMPILER_FLAGS=-g -ffunction-sections -fdata-sections -Wa
TRACE::2026-01-02.22:31:21::SCWMssOS::ll -Wextra -fno-tree-loop-distribute-patterns"

TRACE::2026-01-02.22:31:21::SCWMssOS::"Running Make libs in microblaze_0/libsrc/uartlite_v3_6/src"

TRACE::2026-01-02.22:31:21::SCWMssOS::make -C microblaze_0/libsrc/uartlite_v3_6/src -s libs  "SHELL=CMD" "COMPILER=mb-gcc" "ASSEMBLER=mb-as" "ARCHIVER=mb-ar" "COMPIL
TRACE::2026-01-02.22:31:21::SCWMssOS::ER_FLAGS=  -O2 -c -mcpu=v11.0 -mlittle-endian -mxl-soft-mul" "EXTRA_COMPILER_FLAGS=-g -ffunction-sections -fdata-sections -Wall
TRACE::2026-01-02.22:31:21::SCWMssOS:: -Wextra -fno-tree-loop-distribute-patterns"

TRACE::2026-01-02.22:31:21::SCWMssOS::"DEBUG NON_LTO_OBJECTS is ../../../lib/microblaze_interrupt_handler.o"

TRACE::2026-01-02.22:31:21::SCWMssOS::'Finished building libraries parallelly.'

TRACE::2026-01-02.22:31:21::SCWMssOS::make --no-print-directory archive

TRACE::2026-01-02.22:31:21::SCWMssOS::mb-ar -r  microblaze_0/lib/libxil.a microblaze_0/lib/xplatform_info.o microblaze_0/lib/xuartlite.o microblaze_0/lib/microblaze_
TRACE::2026-01-02.22:31:21::SCWMssOS::disable_exceptions.o microblaze_0/lib/print.o microblaze_0/lib/_exit.o microblaze_0/lib/xil_testio.o microblaze_0/lib/microblaz
TRACE::2026-01-02.22:31:21::SCWMssOS::e_disable_dcache.o microblaze_0/lib/microblaze_flush_dcache_range.o microblaze_0/lib/microblaze_flush_cache_ext.o microblaze_0/
TRACE::2026-01-02.22:31:21::SCWMssOS::lib/xbram_sinit.o microblaze_0/lib/xil_misc_psreset_api.o microblaze_0/lib/xil_cache.o microblaze_0/lib/xil_util.o microblaze_0
TRACE::2026-01-02.22:31:21::SCWMssOS::/lib/inbyte.o microblaze_0/lib/xbram_g.o microblaze_0/lib/xuartlite_stats.o microblaze_0/lib/microblaze_exception_handler.o mic
TRACE::2026-01-02.22:31:21::SCWMssOS::roblaze_0/lib/microblaze_scrub.o microblaze_0/lib/microblaze_invalidate_dcache.o microblaze_0/lib/microblaze_disable_interrupts
TRACE::2026-01-02.22:31:21::SCWMssOS::.o microblaze_0/lib/xbram_selftest.o microblaze_0/lib/microblaze_interrupt_handler.o microblaze_0/lib/microblaze_disable_icache
TRACE::2026-01-02.22:31:21::SCWMssOS::.o microblaze_0/lib/xil_mem.o microblaze_0/lib/xuartlite_intr.o microblaze_0/lib/microblaze_flush_cache_ext_range.o microblaze_
TRACE::2026-01-02.22:31:21::SCWMssOS::0/lib/xbram_intr.o microblaze_0/lib/xil_sleepcommon.o microblaze_0/lib/xil_printf.o microblaze_0/lib/xintc_g.o microblaze_0/lib
TRACE::2026-01-02.22:31:21::SCWMssOS::/xuartlite_g.o microblaze_0/lib/xintc_selftest.o microblaze_0/lib/xintc_l.o microblaze_0/lib/outbyte.o microblaze_0/lib/microbl
TRACE::2026-01-02.22:31:21::SCWMssOS::aze_invalidate_dcache_range.o microblaze_0/lib/microblaze_invalidate_cache_ext.o microblaze_0/lib/microblaze_sleep.o microblaze
TRACE::2026-01-02.22:31:21::SCWMssOS::_0/lib/hw_exception_handler.o microblaze_0/lib/xuartlite_selftest.o microblaze_0/lib/xintc_intr.o microblaze_0/lib/microblaze_u
TRACE::2026-01-02.22:31:21::SCWMssOS::pdate_dcache.o microblaze_0/lib/xil_testcache.o microblaze_0/lib/microblaze_selftest.o microblaze_0/lib/microblaze_interrupts_g
TRACE::2026-01-02.22:31:21::SCWMssOS::.o microblaze_0/lib/microblaze_enable_exceptions.o microblaze_0/lib/xio.o microblaze_0/lib/microblaze_enable_dcache.o microblaz
TRACE::2026-01-02.22:31:21::SCWMssOS::e_0/lib/xbram.o microblaze_0/lib/microblaze_invalidate_icache_range.o microblaze_0/lib/microblaze_init_dcache_range.o microblaz
TRACE::2026-01-02.22:31:21::SCWMssOS::e_0/lib/microblaze_invalidate_icache.o microblaze_0/lib/errno.o microblaze_0/lib/xuartlite_l.o microblaze_0/lib/xintc_options.o
TRACE::2026-01-02.22:31:21::SCWMssOS:: microblaze_0/lib/microblaze_invalidate_cache_ext_range.o microblaze_0/lib/xil_exception.o microblaze_0/lib/pvr.o microblaze_0/
TRACE::2026-01-02.22:31:21::SCWMssOS::lib/xil_testmem.o microblaze_0/lib/microblaze_update_icache.o microblaze_0/lib/microblaze_flush_dcache.o microblaze_0/lib/xil_c
TRACE::2026-01-02.22:31:21::SCWMssOS::locking.o microblaze_0/lib/xil_assert.o microblaze_0/lib/microblaze_enable_interrupts.o microblaze_0/lib/microblaze_enable_icac
TRACE::2026-01-02.22:31:21::SCWMssOS::he.o microblaze_0/lib/xintc.o microblaze_0/lib/xuartlite_sinit.o microblaze_0/lib/fcntl.o microblaze_0/lib/microblaze_init_icac
TRACE::2026-01-02.22:31:21::SCWMssOS::he_range.o

TRACE::2026-01-02.22:31:21::SCWMssOS::'Finished building libraries'

TRACE::2026-01-02.22:31:21::SCWMssOS::Copying to export directory.
TRACE::2026-01-02.22:31:22::SCWMssOS:: Checking if to create the Supporting Applications
TRACE::2026-01-02.22:31:22::SCWMssOS:: No Linux domain exists, trying to generate FSBL 
LOG::2026-01-02.22:31:22::SCWSystem::Completed Processing the domain standalone_domain
LOG::2026-01-02.22:31:22::SCWSystem::Completed Processing the sysconfig ALS_Platform_J
LOG::2026-01-02.22:31:22::SCWPlatform::Completed generating the artifacts for system configuration ALS_Platform_J
TRACE::2026-01-02.22:31:22::SCWPlatform::Started preparing the platform 
TRACE::2026-01-02.22:31:22::SCWSystem::Writing the bif file for system config ALS_Platform_J
TRACE::2026-01-02.22:31:22::SCWSystem::dir created 
TRACE::2026-01-02.22:31:22::SCWSystem::Writing the bif 
TRACE::2026-01-02.22:31:22::SCWPlatform::Started writing the spfm file 
TRACE::2026-01-02.22:31:22::SCWPlatform::Started writing the xpfm file 
TRACE::2026-01-02.22:31:22::SCWPlatform::Completed generating the platform
TRACE::2026-01-02.22:31:22::SCWMssOS::Saving the mss changes F:/Advanced_Hardware_Engineering/Vivado_2021/Workspace/ALS/ALS_Platform_J/microblaze_0/standalone_domain/bsp/system.mss
TRACE::2026-01-02.22:31:22::SCWMssOS::Found a swdesign opened with the mssfile.
TRACE::2026-01-02.22:31:22::SCWMssOS::Completed writemss as part of save.
TRACE::2026-01-02.22:31:22::SCWMssOS::Commit changes completed.
TRACE::2026-01-02.22:31:22::SCWPlatform::Trying to open the hw design at F:/Advanced_Hardware_Engineering/Vivado_2021/Workspace/ALS/ALS_Platform_J/hw/test_ALS_wrapper.xsa
TRACE::2026-01-02.22:31:22::SCWPlatform::DSA given F:/Advanced_Hardware_Engineering/Vivado_2021/Workspace/ALS/ALS_Platform_J/hw/test_ALS_wrapper.xsa
TRACE::2026-01-02.22:31:22::SCWPlatform::DSA absoulate path F:/Advanced_Hardware_Engineering/Vivado_2021/Workspace/ALS/ALS_Platform_J/hw/test_ALS_wrapper.xsa
TRACE::2026-01-02.22:31:22::SCWPlatform::DSA directory F:/Advanced_Hardware_Engineering/Vivado_2021/Workspace/ALS/ALS_Platform_J/hw
TRACE::2026-01-02.22:31:22::SCWPlatform:: Platform Path F:/Advanced_Hardware_Engineering/Vivado_2021/Workspace/ALS/ALS_Platform_J/hw/test_ALS_wrapper.xsa
TRACE::2026-01-02.22:31:22::SCWPlatform:: Unique name xilinx:nexys-a7-100t::0.0
TRACE::2026-01-02.22:31:22::SCWPlatform::Trying to set the existing hwdb with name test_ALS_wrapper_1
TRACE::2026-01-02.22:31:22::SCWPlatform::Opened existing hwdb test_ALS_wrapper_1
TRACE::2026-01-02.22:31:22::SCWPlatform::Found the Hw Db part of the input DSA
TRACE::2026-01-02.22:31:22::SCWMssOS::Checking the sw design at  F:/Advanced_Hardware_Engineering/Vivado_2021/Workspace/ALS/ALS_Platform_J/microblaze_0/standalone_domain/bsp/system.mss
TRACE::2026-01-02.22:31:22::SCWMssOS::DEBUG:  swdes dump  F:/Advanced_Hardware_Engineering/Vivado_2021/Workspace/ALS/ALS_Platform_J/microblaze_0/standalone_domain/bsp/system.mss|system||

TRACE::2026-01-02.22:31:22::SCWMssOS::Sw design exists and opened at  F:/Advanced_Hardware_Engineering/Vivado_2021/Workspace/ALS/ALS_Platform_J/microblaze_0/standalone_domain/bsp/system.mss
TRACE::2026-01-02.22:31:22::SCWWriter::formatted JSON is {
	"platformName":	"ALS_Platform_J",
	"sprVersion":	"2.0",
	"mode":	"gui",
	"dsaType":	"Fixed",
	"platformDesc":	"ALS_Platform_J",
	"platHandOff":	"F:/Advanced_Hardware_Engineering/Vivado_2021/TEST_J_2021ALS/test_ALS_wrapper.xsa",
	"platIntHandOff":	"<platformDir>/hw/test_ALS_wrapper.xsa",
	"deviceType":	"FPGA",
	"platIsPrebuiltAutogen":	"false",
	"platIsNoBootBsp":	"false",
	"hasFsblMakeHasChanges":	"false",
	"hasPmufwMakeHasChanges":	"false",
	"platPreBuiltFlag":	false,
	"platformSamplesDir":	"",
	"platActiveSys":	"ALS_Platform_J",
	"systems":	[{
			"systemName":	"ALS_Platform_J",
			"systemDesc":	"ALS_Platform_J",
			"sysIsBootAutoGen":	"true",
			"systemDispName":	"ALS_Platform_J",
			"sysActiveDom":	"standalone_domain",
			"sysDefaultDom":	"standalone_domain",
			"domains":	[{
					"domainName":	"standalone_domain",
					"domainDispName":	"standalone on microblaze_0",
					"domainDesc":	"standalone_domain",
					"processors":	"microblaze_0",
					"os":	"standalone",
					"sdxOs":	"standalone",
					"debugEnable":	"False",
					"domRuntimes":	["cpp"],
					"swRepo":	"",
					"mssOsVer":	"7.6",
					"mssFile":	"",
					"md5Digest":	"e5adec6415953a84392bddb4c5443f46",
					"compatibleApp":	"",
					"domType":	"mssDomain",
					"arch":	"32-bit",
					"appSettings":	{
						"appCompilerFlags":	"",
						"appLinkerFlags":	""
					},
					"addedLibs":	[],
					"libOptions":	{
						"libsContainingOptions":	[]
					},
					"prebuiltLibs":	{
						"prebuiltIncPath":	[],
						"prebuiltLibPath":	[]
					},
					"isolation":	{
					}
				}]
		}]
}
KEYINFO::2026-01-02.22:31:22::SCWPlatform::updated the xpfm file.
TRACE::2026-01-02.22:31:22::SCWPlatform::Trying to open the hw design at F:/Advanced_Hardware_Engineering/Vivado_2021/Workspace/ALS/ALS_Platform_J/hw/test_ALS_wrapper.xsa
TRACE::2026-01-02.22:31:22::SCWPlatform::DSA given F:/Advanced_Hardware_Engineering/Vivado_2021/Workspace/ALS/ALS_Platform_J/hw/test_ALS_wrapper.xsa
TRACE::2026-01-02.22:31:22::SCWPlatform::DSA absoulate path F:/Advanced_Hardware_Engineering/Vivado_2021/Workspace/ALS/ALS_Platform_J/hw/test_ALS_wrapper.xsa
TRACE::2026-01-02.22:31:22::SCWPlatform::DSA directory F:/Advanced_Hardware_Engineering/Vivado_2021/Workspace/ALS/ALS_Platform_J/hw
TRACE::2026-01-02.22:31:22::SCWPlatform:: Platform Path F:/Advanced_Hardware_Engineering/Vivado_2021/Workspace/ALS/ALS_Platform_J/hw/test_ALS_wrapper.xsa
TRACE::2026-01-02.22:31:22::SCWPlatform:: Unique name xilinx:nexys-a7-100t::0.0
TRACE::2026-01-02.22:31:22::SCWPlatform::Trying to set the existing hwdb with name test_ALS_wrapper_1
TRACE::2026-01-02.22:31:22::SCWPlatform::Opened existing hwdb test_ALS_wrapper_1
TRACE::2026-01-02.22:31:22::SCWPlatform::Found the Hw Db part of the input DSA
TRACE::2026-01-02.22:31:22::SCWMssOS::Checking the sw design at  F:/Advanced_Hardware_Engineering/Vivado_2021/Workspace/ALS/ALS_Platform_J/microblaze_0/standalone_domain/bsp/system.mss
TRACE::2026-01-02.22:31:22::SCWMssOS::DEBUG:  swdes dump  F:/Advanced_Hardware_Engineering/Vivado_2021/Workspace/ALS/ALS_Platform_J/microblaze_0/standalone_domain/bsp/system.mss|system||

TRACE::2026-01-02.22:31:22::SCWMssOS::Sw design exists and opened at  F:/Advanced_Hardware_Engineering/Vivado_2021/Workspace/ALS/ALS_Platform_J/microblaze_0/standalone_domain/bsp/system.mss
