22:29:52 **** Build of configuration Debug for project MAXSONAR_comp ****
make all 
'Building file: ../src/main.c'
'Invoking: MicroBlaze gcc compiler'
mb-gcc -Wall -O0 -g3 -c -fmessage-length=0 -MT"src/main.o" -IF:/Advanced_Hardware_Engineering/Vivado_2021/Workspace/MAXSONAR/MAXSONAR_Platform_J/export/MAXSONAR_Platform_J/sw/MAXSONAR_Platform_J/standalone_domain/bspinclude/include -mlittle-endian -mcpu=v11.0 -mxl-soft-mul -Wl,--no-relax -ffunction-sections -fdata-sections -MMD -MP -MF"src/main.d" -MT"src/main.o" -o "src/main.o" "../src/main.c"
'Finished building: ../src/main.c'
' '
'Building target: MAXSONAR_comp.elf'
'Invoking: MicroBlaze gcc linker'
mb-gcc -Wl,-T -Wl,../src/lscript.ld -LF:/Advanced_Hardware_Engineering/Vivado_2021/Workspace/MAXSONAR/MAXSONAR_Platform_J/export/MAXSONAR_Platform_J/sw/MAXSONAR_Platform_J/standalone_domain/bsplib/lib -mlittle-endian -mcpu=v11.0 -mxl-soft-mul -Wl,--no-relax -Wl,--gc-sections -o "MAXSONAR_comp.elf"  ./src/main.o   -Wl,--start-group,-lxil,-lgcc,-lc,--end-group
'Finished building target: MAXSONAR_comp.elf'
' '
'Invoking: MicroBlaze Print Size'
mb-size MAXSONAR_comp.elf  |tee "MAXSONAR_comp.elf.size"
   text	   data	    bss	    dec	    hex	filename
  10196	    320	   3116	  13632	   3540	MAXSONAR_comp.elf
'Finished building: MAXSONAR_comp.elf.size'
' '

22:29:52 Build Finished (took 340ms)

