
*** Running vivado
    with args -log MicroblazeWithALS_wrapper.vds -m64 -product Vivado -mode batch -messageDb vivado.pb -notrace -source MicroblazeWithALS_wrapper.tcl



****** Vivado v2025.1 (64-bit)
  **** SW Build 6140274 on Thu May 22 00:12:29 MDT 2025
  **** IP Build 6138677 on Thu May 22 03:10:11 MDT 2025
  **** SharedData Build 6139179 on Tue May 20 17:58:58 MDT 2025
  **** Start of session at: Thu Dec 11 17:32:04 2025
    ** Copyright 1986-2022 Xilinx, Inc. All Rights Reserved.
    ** Copyright 2022-2025 Advanced Micro Devices, Inc. All Rights Reserved.

source MicroblazeWithALS_wrapper.tcl -notrace
create_project: Time (s): cpu = 00:00:09 ; elapsed = 00:00:07 . Memory (MB): peak = 495.059 ; gain = 212.039
INFO: [IP_Flow 19-234] Refreshing IP repositories
INFO: [IP_Flow 19-1700] Loaded user IP repository 'd:/Advanced_Hardware_Engineering/vivado-library-zmod-v1-2019.1-2'.
INFO: [IP_Flow 19-2313] Loaded Vivado IP repository 'C:/Xilinx/2025.1/Vivado/data/ip'.
INFO: [Project 1-5698] Found the below utility IPs instantiated in block design D:/Advanced_Hardware_Engineering/ALS_IP_Block/ALS_IP_Block.srcs/sources_1/bd/MicroblazeWithALS/MicroblazeWithALS.bd which have equivalent inline hdl with improved performance and reduced diskspace.
It is recommended to migrate these utility IPs to inline hdl  using the command upgrade_project -migrate_to_inline_hdl.  The utility IPs may be deprecated in future releases.
More information on inline hdl is available in UG994.
Utility IP Component Instances:
 MicroblazeWithALS_microblaze_0_xlconcat_0
Command: read_checkpoint -auto_incremental -incremental D:/Advanced_Hardware_Engineering/ALS_IP_Block/ALS_IP_Block.srcs/utils_1/imports/synth_1/MicroblazeWithALS_wrapper.dcp
INFO: [Vivado 12-5825] Read reference checkpoint from D:/Advanced_Hardware_Engineering/ALS_IP_Block/ALS_IP_Block.srcs/utils_1/imports/synth_1/MicroblazeWithALS_wrapper.dcp for incremental synthesis
INFO: [Vivado 12-7989] Please ensure there are no constraint changes
Command: synth_design -top MicroblazeWithALS_wrapper -part xc7a100tcsg324-1
Starting synth_design
Attempting to get a license for feature 'Synthesis' and/or device 'xc7a100t'
INFO: [Common 17-349] Got license for feature 'Synthesis' and/or device 'xc7a100t'
INFO: [Device 21-403] Loading part xc7a100tcsg324-1
INFO: [Designutils 20-5440] No compile time benefit to using incremental synthesis; A full resynthesis will be run
INFO: [Designutils 20-4379] Flow is switching to default flow due to incremental criteria not met. If you would like to alter this behaviour and have the flow terminate instead, please set the following parameter config_implementation {autoIncr.Synth.RejectBehavior Terminate}
INFO: [Synth 8-7079] Multithreading enabled for synth_design using a maximum of 2 processes.
INFO: [Synth 8-7078] Launching helper process for spawning children vivado processes
INFO: [Synth 8-7075] Helper process launched with PID 6344
---------------------------------------------------------------------------------
Starting RTL Elaboration : Time (s): cpu = 00:00:07 ; elapsed = 00:00:07 . Memory (MB): peak = 1256.004 ; gain = 493.859
---------------------------------------------------------------------------------
INFO: [Synth 8-6157] synthesizing module 'MicroblazeWithALS_wrapper' [d:/Advanced_Hardware_Engineering/ALS_IP_Block/ALS_IP_Block.gen/sources_1/bd/MicroblazeWithALS/hdl/MicroblazeWithALS_wrapper.v:13]
INFO: [Synth 8-6157] synthesizing module 'MicroblazeWithALS' [d:/Advanced_Hardware_Engineering/ALS_IP_Block/ALS_IP_Block.gen/sources_1/bd/MicroblazeWithALS/synth/MicroblazeWithALS.v:13]
INFO: [Synth 8-6157] synthesizing module 'MicroblazeWithALS_PmodOLEDrgb_0_0' [D:/Advanced_Hardware_Engineering/ALS_IP_Block/ALS_IP_Block.runs/synth_1/.Xil/Vivado-16488-LAB50-01/realtime/MicroblazeWithALS_PmodOLEDrgb_0_0_stub.v:6]
INFO: [Synth 8-6155] done synthesizing module 'MicroblazeWithALS_PmodOLEDrgb_0_0' (0#1) [D:/Advanced_Hardware_Engineering/ALS_IP_Block/ALS_IP_Block.runs/synth_1/.Xil/Vivado-16488-LAB50-01/realtime/MicroblazeWithALS_PmodOLEDrgb_0_0_stub.v:6]
INFO: [Synth 8-6157] synthesizing module 'MicroblazeWithALS_axi_uartlite_0_0' [D:/Advanced_Hardware_Engineering/ALS_IP_Block/ALS_IP_Block.runs/synth_1/.Xil/Vivado-16488-LAB50-01/realtime/MicroblazeWithALS_axi_uartlite_0_0_stub.v:6]
INFO: [Synth 8-6155] done synthesizing module 'MicroblazeWithALS_axi_uartlite_0_0' (0#1) [D:/Advanced_Hardware_Engineering/ALS_IP_Block/ALS_IP_Block.runs/synth_1/.Xil/Vivado-16488-LAB50-01/realtime/MicroblazeWithALS_axi_uartlite_0_0_stub.v:6]
INFO: [Synth 8-6157] synthesizing module 'MicroblazeWithALS_clk_wiz_1_0' [D:/Advanced_Hardware_Engineering/ALS_IP_Block/ALS_IP_Block.runs/synth_1/.Xil/Vivado-16488-LAB50-01/realtime/MicroblazeWithALS_clk_wiz_1_0_stub.v:6]
INFO: [Synth 8-6155] done synthesizing module 'MicroblazeWithALS_clk_wiz_1_0' (0#1) [D:/Advanced_Hardware_Engineering/ALS_IP_Block/ALS_IP_Block.runs/synth_1/.Xil/Vivado-16488-LAB50-01/realtime/MicroblazeWithALS_clk_wiz_1_0_stub.v:6]
INFO: [Synth 8-6157] synthesizing module 'MicroblazeWithALS_mdm_1_0' [D:/Advanced_Hardware_Engineering/ALS_IP_Block/ALS_IP_Block.runs/synth_1/.Xil/Vivado-16488-LAB50-01/realtime/MicroblazeWithALS_mdm_1_0_stub.v:6]
INFO: [Synth 8-6155] done synthesizing module 'MicroblazeWithALS_mdm_1_0' (0#1) [D:/Advanced_Hardware_Engineering/ALS_IP_Block/ALS_IP_Block.runs/synth_1/.Xil/Vivado-16488-LAB50-01/realtime/MicroblazeWithALS_mdm_1_0_stub.v:6]
INFO: [Synth 8-6157] synthesizing module 'MicroblazeWithALS_microblaze_0_0' [D:/Advanced_Hardware_Engineering/ALS_IP_Block/ALS_IP_Block.runs/synth_1/.Xil/Vivado-16488-LAB50-01/realtime/MicroblazeWithALS_microblaze_0_0_stub.v:6]
INFO: [Synth 8-6155] done synthesizing module 'MicroblazeWithALS_microblaze_0_0' (0#1) [D:/Advanced_Hardware_Engineering/ALS_IP_Block/ALS_IP_Block.runs/synth_1/.Xil/Vivado-16488-LAB50-01/realtime/MicroblazeWithALS_microblaze_0_0_stub.v:6]
INFO: [Synth 8-6157] synthesizing module 'MicroblazeWithALS_microblaze_0_axi_intc_0' [D:/Advanced_Hardware_Engineering/ALS_IP_Block/ALS_IP_Block.runs/synth_1/.Xil/Vivado-16488-LAB50-01/realtime/MicroblazeWithALS_microblaze_0_axi_intc_0_stub.v:6]
INFO: [Synth 8-6155] done synthesizing module 'MicroblazeWithALS_microblaze_0_axi_intc_0' (0#1) [D:/Advanced_Hardware_Engineering/ALS_IP_Block/ALS_IP_Block.runs/synth_1/.Xil/Vivado-16488-LAB50-01/realtime/MicroblazeWithALS_microblaze_0_axi_intc_0_stub.v:6]
INFO: [Synth 8-6157] synthesizing module 'MicroblazeWithALS_microblaze_0_axi_periph_0' [d:/Advanced_Hardware_Engineering/ALS_IP_Block/ALS_IP_Block.gen/sources_1/bd/MicroblazeWithALS/synth/MicroblazeWithALS.v:560]
INFO: [Synth 8-6157] synthesizing module 'm00_couplers_imp_2M3JE1' [d:/Advanced_Hardware_Engineering/ALS_IP_Block/ALS_IP_Block.gen/sources_1/bd/MicroblazeWithALS/synth/MicroblazeWithALS.v:1205]
INFO: [Synth 8-6155] done synthesizing module 'm00_couplers_imp_2M3JE1' (0#1) [d:/Advanced_Hardware_Engineering/ALS_IP_Block/ALS_IP_Block.gen/sources_1/bd/MicroblazeWithALS/synth/MicroblazeWithALS.v:1205]
INFO: [Synth 8-6157] synthesizing module 'm01_couplers_imp_STVOA0' [d:/Advanced_Hardware_Engineering/ALS_IP_Block/ALS_IP_Block.gen/sources_1/bd/MicroblazeWithALS/synth/MicroblazeWithALS.v:1320]
INFO: [Synth 8-6155] done synthesizing module 'm01_couplers_imp_STVOA0' (0#1) [d:/Advanced_Hardware_Engineering/ALS_IP_Block/ALS_IP_Block.gen/sources_1/bd/MicroblazeWithALS/synth/MicroblazeWithALS.v:1320]
INFO: [Synth 8-6157] synthesizing module 'm02_couplers_imp_1MY49RF' [d:/Advanced_Hardware_Engineering/ALS_IP_Block/ALS_IP_Block.gen/sources_1/bd/MicroblazeWithALS/synth/MicroblazeWithALS.v:1435]
INFO: [Synth 8-6155] done synthesizing module 'm02_couplers_imp_1MY49RF' (0#1) [d:/Advanced_Hardware_Engineering/ALS_IP_Block/ALS_IP_Block.gen/sources_1/bd/MicroblazeWithALS/synth/MicroblazeWithALS.v:1435]
INFO: [Synth 8-6157] synthesizing module 'm03_couplers_imp_1FVVGA2' [d:/Advanced_Hardware_Engineering/ALS_IP_Block/ALS_IP_Block.gen/sources_1/bd/MicroblazeWithALS/synth/MicroblazeWithALS.v:1562]
INFO: [Synth 8-6155] done synthesizing module 'm03_couplers_imp_1FVVGA2' (0#1) [d:/Advanced_Hardware_Engineering/ALS_IP_Block/ALS_IP_Block.gen/sources_1/bd/MicroblazeWithALS/synth/MicroblazeWithALS.v:1562]
INFO: [Synth 8-6157] synthesizing module 's00_couplers_imp_1CV700N' [d:/Advanced_Hardware_Engineering/ALS_IP_Block/ALS_IP_Block.gen/sources_1/bd/MicroblazeWithALS/synth/MicroblazeWithALS.v:1902]
INFO: [Synth 8-6155] done synthesizing module 's00_couplers_imp_1CV700N' (0#1) [d:/Advanced_Hardware_Engineering/ALS_IP_Block/ALS_IP_Block.gen/sources_1/bd/MicroblazeWithALS/synth/MicroblazeWithALS.v:1902]
INFO: [Synth 8-6157] synthesizing module 'MicroblazeWithALS_microblaze_0_axi_periph_imp_xbar_0' [D:/Advanced_Hardware_Engineering/ALS_IP_Block/ALS_IP_Block.runs/synth_1/.Xil/Vivado-16488-LAB50-01/realtime/MicroblazeWithALS_microblaze_0_axi_periph_imp_xbar_0_stub.v:6]
INFO: [Synth 8-6155] done synthesizing module 'MicroblazeWithALS_microblaze_0_axi_periph_imp_xbar_0' (0#1) [D:/Advanced_Hardware_Engineering/ALS_IP_Block/ALS_IP_Block.runs/synth_1/.Xil/Vivado-16488-LAB50-01/realtime/MicroblazeWithALS_microblaze_0_axi_periph_imp_xbar_0_stub.v:6]
INFO: [Synth 8-6155] done synthesizing module 'MicroblazeWithALS_microblaze_0_axi_periph_0' (0#1) [d:/Advanced_Hardware_Engineering/ALS_IP_Block/ALS_IP_Block.gen/sources_1/bd/MicroblazeWithALS/synth/MicroblazeWithALS.v:560]
INFO: [Synth 8-6157] synthesizing module 'microblaze_0_local_memory_imp_15TZXVY' [d:/Advanced_Hardware_Engineering/ALS_IP_Block/ALS_IP_Block.gen/sources_1/bd/MicroblazeWithALS/synth/MicroblazeWithALS.v:1689]
INFO: [Synth 8-6157] synthesizing module 'MicroblazeWithALS_dlmb_bram_if_cntlr_0' [D:/Advanced_Hardware_Engineering/ALS_IP_Block/ALS_IP_Block.runs/synth_1/.Xil/Vivado-16488-LAB50-01/realtime/MicroblazeWithALS_dlmb_bram_if_cntlr_0_stub.v:6]
INFO: [Synth 8-6155] done synthesizing module 'MicroblazeWithALS_dlmb_bram_if_cntlr_0' (0#1) [D:/Advanced_Hardware_Engineering/ALS_IP_Block/ALS_IP_Block.runs/synth_1/.Xil/Vivado-16488-LAB50-01/realtime/MicroblazeWithALS_dlmb_bram_if_cntlr_0_stub.v:6]
INFO: [Synth 8-6157] synthesizing module 'MicroblazeWithALS_dlmb_v10_0' [D:/Advanced_Hardware_Engineering/ALS_IP_Block/ALS_IP_Block.runs/synth_1/.Xil/Vivado-16488-LAB50-01/realtime/MicroblazeWithALS_dlmb_v10_0_stub.v:6]
INFO: [Synth 8-6155] done synthesizing module 'MicroblazeWithALS_dlmb_v10_0' (0#1) [D:/Advanced_Hardware_Engineering/ALS_IP_Block/ALS_IP_Block.runs/synth_1/.Xil/Vivado-16488-LAB50-01/realtime/MicroblazeWithALS_dlmb_v10_0_stub.v:6]
WARNING: [Synth 8-7071] port 'LMB_Rst' of module 'MicroblazeWithALS_dlmb_v10_0' is unconnected for instance 'dlmb_v10' [d:/Advanced_Hardware_Engineering/ALS_IP_Block/ALS_IP_Block.gen/sources_1/bd/MicroblazeWithALS/synth/MicroblazeWithALS.v:1814]
WARNING: [Synth 8-7023] instance 'dlmb_v10' of module 'MicroblazeWithALS_dlmb_v10_0' has 25 connections declared, but only 24 given [d:/Advanced_Hardware_Engineering/ALS_IP_Block/ALS_IP_Block.gen/sources_1/bd/MicroblazeWithALS/synth/MicroblazeWithALS.v:1814]
INFO: [Synth 8-6157] synthesizing module 'MicroblazeWithALS_ilmb_bram_if_cntlr_0' [D:/Advanced_Hardware_Engineering/ALS_IP_Block/ALS_IP_Block.runs/synth_1/.Xil/Vivado-16488-LAB50-01/realtime/MicroblazeWithALS_ilmb_bram_if_cntlr_0_stub.v:6]
INFO: [Synth 8-6155] done synthesizing module 'MicroblazeWithALS_ilmb_bram_if_cntlr_0' (0#1) [D:/Advanced_Hardware_Engineering/ALS_IP_Block/ALS_IP_Block.runs/synth_1/.Xil/Vivado-16488-LAB50-01/realtime/MicroblazeWithALS_ilmb_bram_if_cntlr_0_stub.v:6]
INFO: [Synth 8-6157] synthesizing module 'MicroblazeWithALS_ilmb_v10_0' [D:/Advanced_Hardware_Engineering/ALS_IP_Block/ALS_IP_Block.runs/synth_1/.Xil/Vivado-16488-LAB50-01/realtime/MicroblazeWithALS_ilmb_v10_0_stub.v:6]
INFO: [Synth 8-6155] done synthesizing module 'MicroblazeWithALS_ilmb_v10_0' (0#1) [D:/Advanced_Hardware_Engineering/ALS_IP_Block/ALS_IP_Block.runs/synth_1/.Xil/Vivado-16488-LAB50-01/realtime/MicroblazeWithALS_ilmb_v10_0_stub.v:6]
WARNING: [Synth 8-7071] port 'LMB_Rst' of module 'MicroblazeWithALS_ilmb_v10_0' is unconnected for instance 'ilmb_v10' [d:/Advanced_Hardware_Engineering/ALS_IP_Block/ALS_IP_Block.gen/sources_1/bd/MicroblazeWithALS/synth/MicroblazeWithALS.v:1860]
WARNING: [Synth 8-7023] instance 'ilmb_v10' of module 'MicroblazeWithALS_ilmb_v10_0' has 25 connections declared, but only 24 given [d:/Advanced_Hardware_Engineering/ALS_IP_Block/ALS_IP_Block.gen/sources_1/bd/MicroblazeWithALS/synth/MicroblazeWithALS.v:1860]
INFO: [Synth 8-6157] synthesizing module 'MicroblazeWithALS_lmb_bram_0' [D:/Advanced_Hardware_Engineering/ALS_IP_Block/ALS_IP_Block.runs/synth_1/.Xil/Vivado-16488-LAB50-01/realtime/MicroblazeWithALS_lmb_bram_0_stub.v:6]
INFO: [Synth 8-6155] done synthesizing module 'MicroblazeWithALS_lmb_bram_0' (0#1) [D:/Advanced_Hardware_Engineering/ALS_IP_Block/ALS_IP_Block.runs/synth_1/.Xil/Vivado-16488-LAB50-01/realtime/MicroblazeWithALS_lmb_bram_0_stub.v:6]
WARNING: [Synth 8-7071] port 'rsta_busy' of module 'MicroblazeWithALS_lmb_bram_0' is unconnected for instance 'lmb_bram' [d:/Advanced_Hardware_Engineering/ALS_IP_Block/ALS_IP_Block.gen/sources_1/bd/MicroblazeWithALS/synth/MicroblazeWithALS.v:1885]
WARNING: [Synth 8-7071] port 'rstb_busy' of module 'MicroblazeWithALS_lmb_bram_0' is unconnected for instance 'lmb_bram' [d:/Advanced_Hardware_Engineering/ALS_IP_Block/ALS_IP_Block.gen/sources_1/bd/MicroblazeWithALS/synth/MicroblazeWithALS.v:1885]
WARNING: [Synth 8-7023] instance 'lmb_bram' of module 'MicroblazeWithALS_lmb_bram_0' has 16 connections declared, but only 14 given [d:/Advanced_Hardware_Engineering/ALS_IP_Block/ALS_IP_Block.gen/sources_1/bd/MicroblazeWithALS/synth/MicroblazeWithALS.v:1885]
INFO: [Synth 8-6155] done synthesizing module 'microblaze_0_local_memory_imp_15TZXVY' (0#1) [d:/Advanced_Hardware_Engineering/ALS_IP_Block/ALS_IP_Block.gen/sources_1/bd/MicroblazeWithALS/synth/MicroblazeWithALS.v:1689]
INFO: [Synth 8-6157] synthesizing module 'MicroblazeWithALS_microblaze_0_xlconcat_0' [d:/Advanced_Hardware_Engineering/ALS_IP_Block/ALS_IP_Block.gen/sources_1/bd/MicroblazeWithALS/ip/MicroblazeWithALS_microblaze_0_xlconcat_0/synth/MicroblazeWithALS_microblaze_0_xlconcat_0.v:53]
INFO: [Synth 8-6157] synthesizing module 'xlconcat_v2_1_7_xlconcat' [d:/Advanced_Hardware_Engineering/ALS_IP_Block/ALS_IP_Block.gen/sources_1/bd/MicroblazeWithALS/ipshared/9c1a/hdl/xlconcat_v2_1_vl_rfs.v:59]
INFO: [Synth 8-6155] done synthesizing module 'xlconcat_v2_1_7_xlconcat' (0#1) [d:/Advanced_Hardware_Engineering/ALS_IP_Block/ALS_IP_Block.gen/sources_1/bd/MicroblazeWithALS/ipshared/9c1a/hdl/xlconcat_v2_1_vl_rfs.v:59]
INFO: [Synth 8-6155] done synthesizing module 'MicroblazeWithALS_microblaze_0_xlconcat_0' (0#1) [d:/Advanced_Hardware_Engineering/ALS_IP_Block/ALS_IP_Block.gen/sources_1/bd/MicroblazeWithALS/ip/MicroblazeWithALS_microblaze_0_xlconcat_0/synth/MicroblazeWithALS_microblaze_0_xlconcat_0.v:53]
INFO: [Synth 8-6157] synthesizing module 'MicroblazeWithALS_rst_clk_wiz_1_100M_0' [D:/Advanced_Hardware_Engineering/ALS_IP_Block/ALS_IP_Block.runs/synth_1/.Xil/Vivado-16488-LAB50-01/realtime/MicroblazeWithALS_rst_clk_wiz_1_100M_0_stub.v:6]
INFO: [Synth 8-6155] done synthesizing module 'MicroblazeWithALS_rst_clk_wiz_1_100M_0' (0#1) [D:/Advanced_Hardware_Engineering/ALS_IP_Block/ALS_IP_Block.runs/synth_1/.Xil/Vivado-16488-LAB50-01/realtime/MicroblazeWithALS_rst_clk_wiz_1_100M_0_stub.v:6]
WARNING: [Synth 8-7071] port 'peripheral_reset' of module 'MicroblazeWithALS_rst_clk_wiz_1_100M_0' is unconnected for instance 'rst_clk_wiz_1_100M' [d:/Advanced_Hardware_Engineering/ALS_IP_Block/ALS_IP_Block.gen/sources_1/bd/MicroblazeWithALS/synth/MicroblazeWithALS.v:549]
WARNING: [Synth 8-7071] port 'interconnect_aresetn' of module 'MicroblazeWithALS_rst_clk_wiz_1_100M_0' is unconnected for instance 'rst_clk_wiz_1_100M' [d:/Advanced_Hardware_Engineering/ALS_IP_Block/ALS_IP_Block.gen/sources_1/bd/MicroblazeWithALS/synth/MicroblazeWithALS.v:549]
WARNING: [Synth 8-7023] instance 'rst_clk_wiz_1_100M' of module 'MicroblazeWithALS_rst_clk_wiz_1_100M_0' has 10 connections declared, but only 8 given [d:/Advanced_Hardware_Engineering/ALS_IP_Block/ALS_IP_Block.gen/sources_1/bd/MicroblazeWithALS/synth/MicroblazeWithALS.v:549]
INFO: [Synth 8-6155] done synthesizing module 'MicroblazeWithALS' (0#1) [d:/Advanced_Hardware_Engineering/ALS_IP_Block/ALS_IP_Block.gen/sources_1/bd/MicroblazeWithALS/synth/MicroblazeWithALS.v:13]
INFO: [Synth 8-6157] synthesizing module 'IOBUF' [C:/Xilinx/2025.1/Vivado/scripts/rt/data/unisim_comp.v:81434]
INFO: [Synth 8-6155] done synthesizing module 'IOBUF' (0#1) [C:/Xilinx/2025.1/Vivado/scripts/rt/data/unisim_comp.v:81434]
INFO: [Synth 8-6155] done synthesizing module 'MicroblazeWithALS_wrapper' (0#1) [d:/Advanced_Hardware_Engineering/ALS_IP_Block/ALS_IP_Block.gen/sources_1/bd/MicroblazeWithALS/hdl/MicroblazeWithALS_wrapper.v:13]
WARNING: [Synth 8-7129] Port In1[0] in module xlconcat_v2_1_7_xlconcat is either unconnected or has no load
WARNING: [Synth 8-7129] Port In2[0] in module xlconcat_v2_1_7_xlconcat is either unconnected or has no load
WARNING: [Synth 8-7129] Port In3[0] in module xlconcat_v2_1_7_xlconcat is either unconnected or has no load
WARNING: [Synth 8-7129] Port In4[0] in module xlconcat_v2_1_7_xlconcat is either unconnected or has no load
WARNING: [Synth 8-7129] Port In5[0] in module xlconcat_v2_1_7_xlconcat is either unconnected or has no load
WARNING: [Synth 8-7129] Port In6[0] in module xlconcat_v2_1_7_xlconcat is either unconnected or has no load
WARNING: [Synth 8-7129] Port In7[0] in module xlconcat_v2_1_7_xlconcat is either unconnected or has no load
WARNING: [Synth 8-7129] Port In8[0] in module xlconcat_v2_1_7_xlconcat is either unconnected or has no load
WARNING: [Synth 8-7129] Port In9[0] in module xlconcat_v2_1_7_xlconcat is either unconnected or has no load
WARNING: [Synth 8-7129] Port In10[0] in module xlconcat_v2_1_7_xlconcat is either unconnected or has no load
WARNING: [Synth 8-7129] Port In11[0] in module xlconcat_v2_1_7_xlconcat is either unconnected or has no load
WARNING: [Synth 8-7129] Port In12[0] in module xlconcat_v2_1_7_xlconcat is either unconnected or has no load
WARNING: [Synth 8-7129] Port In13[0] in module xlconcat_v2_1_7_xlconcat is either unconnected or has no load
WARNING: [Synth 8-7129] Port In14[0] in module xlconcat_v2_1_7_xlconcat is either unconnected or has no load
WARNING: [Synth 8-7129] Port In15[0] in module xlconcat_v2_1_7_xlconcat is either unconnected or has no load
WARNING: [Synth 8-7129] Port In16[0] in module xlconcat_v2_1_7_xlconcat is either unconnected or has no load
WARNING: [Synth 8-7129] Port In17[0] in module xlconcat_v2_1_7_xlconcat is either unconnected or has no load
WARNING: [Synth 8-7129] Port In18[0] in module xlconcat_v2_1_7_xlconcat is either unconnected or has no load
WARNING: [Synth 8-7129] Port In19[0] in module xlconcat_v2_1_7_xlconcat is either unconnected or has no load
WARNING: [Synth 8-7129] Port In20[0] in module xlconcat_v2_1_7_xlconcat is either unconnected or has no load
WARNING: [Synth 8-7129] Port In21[0] in module xlconcat_v2_1_7_xlconcat is either unconnected or has no load
WARNING: [Synth 8-7129] Port In22[0] in module xlconcat_v2_1_7_xlconcat is either unconnected or has no load
WARNING: [Synth 8-7129] Port In23[0] in module xlconcat_v2_1_7_xlconcat is either unconnected or has no load
WARNING: [Synth 8-7129] Port In24[0] in module xlconcat_v2_1_7_xlconcat is either unconnected or has no load
WARNING: [Synth 8-7129] Port In25[0] in module xlconcat_v2_1_7_xlconcat is either unconnected or has no load
WARNING: [Synth 8-7129] Port In26[0] in module xlconcat_v2_1_7_xlconcat is either unconnected or has no load
WARNING: [Synth 8-7129] Port In27[0] in module xlconcat_v2_1_7_xlconcat is either unconnected or has no load
WARNING: [Synth 8-7129] Port In28[0] in module xlconcat_v2_1_7_xlconcat is either unconnected or has no load
WARNING: [Synth 8-7129] Port In29[0] in module xlconcat_v2_1_7_xlconcat is either unconnected or has no load
WARNING: [Synth 8-7129] Port In30[0] in module xlconcat_v2_1_7_xlconcat is either unconnected or has no load
WARNING: [Synth 8-7129] Port In31[0] in module xlconcat_v2_1_7_xlconcat is either unconnected or has no load
WARNING: [Synth 8-7129] Port In32[0] in module xlconcat_v2_1_7_xlconcat is either unconnected or has no load
WARNING: [Synth 8-7129] Port In33[0] in module xlconcat_v2_1_7_xlconcat is either unconnected or has no load
WARNING: [Synth 8-7129] Port In34[0] in module xlconcat_v2_1_7_xlconcat is either unconnected or has no load
WARNING: [Synth 8-7129] Port In35[0] in module xlconcat_v2_1_7_xlconcat is either unconnected or has no load
WARNING: [Synth 8-7129] Port In36[0] in module xlconcat_v2_1_7_xlconcat is either unconnected or has no load
WARNING: [Synth 8-7129] Port In37[0] in module xlconcat_v2_1_7_xlconcat is either unconnected or has no load
WARNING: [Synth 8-7129] Port In38[0] in module xlconcat_v2_1_7_xlconcat is either unconnected or has no load
WARNING: [Synth 8-7129] Port In39[0] in module xlconcat_v2_1_7_xlconcat is either unconnected or has no load
WARNING: [Synth 8-7129] Port In40[0] in module xlconcat_v2_1_7_xlconcat is either unconnected or has no load
WARNING: [Synth 8-7129] Port In41[0] in module xlconcat_v2_1_7_xlconcat is either unconnected or has no load
WARNING: [Synth 8-7129] Port In42[0] in module xlconcat_v2_1_7_xlconcat is either unconnected or has no load
WARNING: [Synth 8-7129] Port In43[0] in module xlconcat_v2_1_7_xlconcat is either unconnected or has no load
WARNING: [Synth 8-7129] Port In44[0] in module xlconcat_v2_1_7_xlconcat is either unconnected or has no load
WARNING: [Synth 8-7129] Port In45[0] in module xlconcat_v2_1_7_xlconcat is either unconnected or has no load
WARNING: [Synth 8-7129] Port In46[0] in module xlconcat_v2_1_7_xlconcat is either unconnected or has no load
WARNING: [Synth 8-7129] Port In47[0] in module xlconcat_v2_1_7_xlconcat is either unconnected or has no load
WARNING: [Synth 8-7129] Port In48[0] in module xlconcat_v2_1_7_xlconcat is either unconnected or has no load
WARNING: [Synth 8-7129] Port In49[0] in module xlconcat_v2_1_7_xlconcat is either unconnected or has no load
WARNING: [Synth 8-7129] Port In50[0] in module xlconcat_v2_1_7_xlconcat is either unconnected or has no load
WARNING: [Synth 8-7129] Port In51[0] in module xlconcat_v2_1_7_xlconcat is either unconnected or has no load
WARNING: [Synth 8-7129] Port In52[0] in module xlconcat_v2_1_7_xlconcat is either unconnected or has no load
WARNING: [Synth 8-7129] Port In53[0] in module xlconcat_v2_1_7_xlconcat is either unconnected or has no load
WARNING: [Synth 8-7129] Port In54[0] in module xlconcat_v2_1_7_xlconcat is either unconnected or has no load
WARNING: [Synth 8-7129] Port In55[0] in module xlconcat_v2_1_7_xlconcat is either unconnected or has no load
WARNING: [Synth 8-7129] Port In56[0] in module xlconcat_v2_1_7_xlconcat is either unconnected or has no load
WARNING: [Synth 8-7129] Port In57[0] in module xlconcat_v2_1_7_xlconcat is either unconnected or has no load
WARNING: [Synth 8-7129] Port In58[0] in module xlconcat_v2_1_7_xlconcat is either unconnected or has no load
WARNING: [Synth 8-7129] Port In59[0] in module xlconcat_v2_1_7_xlconcat is either unconnected or has no load
WARNING: [Synth 8-7129] Port In60[0] in module xlconcat_v2_1_7_xlconcat is either unconnected or has no load
WARNING: [Synth 8-7129] Port In61[0] in module xlconcat_v2_1_7_xlconcat is either unconnected or has no load
WARNING: [Synth 8-7129] Port In62[0] in module xlconcat_v2_1_7_xlconcat is either unconnected or has no load
WARNING: [Synth 8-7129] Port In63[0] in module xlconcat_v2_1_7_xlconcat is either unconnected or has no load
WARNING: [Synth 8-7129] Port In64[0] in module xlconcat_v2_1_7_xlconcat is either unconnected or has no load
WARNING: [Synth 8-7129] Port In65[0] in module xlconcat_v2_1_7_xlconcat is either unconnected or has no load
WARNING: [Synth 8-7129] Port In66[0] in module xlconcat_v2_1_7_xlconcat is either unconnected or has no load
WARNING: [Synth 8-7129] Port In67[0] in module xlconcat_v2_1_7_xlconcat is either unconnected or has no load
WARNING: [Synth 8-7129] Port In68[0] in module xlconcat_v2_1_7_xlconcat is either unconnected or has no load
WARNING: [Synth 8-7129] Port In69[0] in module xlconcat_v2_1_7_xlconcat is either unconnected or has no load
WARNING: [Synth 8-7129] Port In70[0] in module xlconcat_v2_1_7_xlconcat is either unconnected or has no load
WARNING: [Synth 8-7129] Port In71[0] in module xlconcat_v2_1_7_xlconcat is either unconnected or has no load
WARNING: [Synth 8-7129] Port In72[0] in module xlconcat_v2_1_7_xlconcat is either unconnected or has no load
WARNING: [Synth 8-7129] Port In73[0] in module xlconcat_v2_1_7_xlconcat is either unconnected or has no load
WARNING: [Synth 8-7129] Port In74[0] in module xlconcat_v2_1_7_xlconcat is either unconnected or has no load
WARNING: [Synth 8-7129] Port In75[0] in module xlconcat_v2_1_7_xlconcat is either unconnected or has no load
WARNING: [Synth 8-7129] Port In76[0] in module xlconcat_v2_1_7_xlconcat is either unconnected or has no load
WARNING: [Synth 8-7129] Port In77[0] in module xlconcat_v2_1_7_xlconcat is either unconnected or has no load
WARNING: [Synth 8-7129] Port In78[0] in module xlconcat_v2_1_7_xlconcat is either unconnected or has no load
WARNING: [Synth 8-7129] Port In79[0] in module xlconcat_v2_1_7_xlconcat is either unconnected or has no load
WARNING: [Synth 8-7129] Port In80[0] in module xlconcat_v2_1_7_xlconcat is either unconnected or has no load
WARNING: [Synth 8-7129] Port In81[0] in module xlconcat_v2_1_7_xlconcat is either unconnected or has no load
WARNING: [Synth 8-7129] Port In82[0] in module xlconcat_v2_1_7_xlconcat is either unconnected or has no load
WARNING: [Synth 8-7129] Port In83[0] in module xlconcat_v2_1_7_xlconcat is either unconnected or has no load
WARNING: [Synth 8-7129] Port In84[0] in module xlconcat_v2_1_7_xlconcat is either unconnected or has no load
WARNING: [Synth 8-7129] Port In85[0] in module xlconcat_v2_1_7_xlconcat is either unconnected or has no load
WARNING: [Synth 8-7129] Port In86[0] in module xlconcat_v2_1_7_xlconcat is either unconnected or has no load
WARNING: [Synth 8-7129] Port In87[0] in module xlconcat_v2_1_7_xlconcat is either unconnected or has no load
WARNING: [Synth 8-7129] Port In88[0] in module xlconcat_v2_1_7_xlconcat is either unconnected or has no load
WARNING: [Synth 8-7129] Port In89[0] in module xlconcat_v2_1_7_xlconcat is either unconnected or has no load
WARNING: [Synth 8-7129] Port In90[0] in module xlconcat_v2_1_7_xlconcat is either unconnected or has no load
WARNING: [Synth 8-7129] Port In91[0] in module xlconcat_v2_1_7_xlconcat is either unconnected or has no load
WARNING: [Synth 8-7129] Port In92[0] in module xlconcat_v2_1_7_xlconcat is either unconnected or has no load
WARNING: [Synth 8-7129] Port In93[0] in module xlconcat_v2_1_7_xlconcat is either unconnected or has no load
WARNING: [Synth 8-7129] Port In94[0] in module xlconcat_v2_1_7_xlconcat is either unconnected or has no load
WARNING: [Synth 8-7129] Port In95[0] in module xlconcat_v2_1_7_xlconcat is either unconnected or has no load
WARNING: [Synth 8-7129] Port In96[0] in module xlconcat_v2_1_7_xlconcat is either unconnected or has no load
WARNING: [Synth 8-7129] Port In97[0] in module xlconcat_v2_1_7_xlconcat is either unconnected or has no load
WARNING: [Synth 8-7129] Port In98[0] in module xlconcat_v2_1_7_xlconcat is either unconnected or has no load
WARNING: [Synth 8-7129] Port In99[0] in module xlconcat_v2_1_7_xlconcat is either unconnected or has no load
WARNING: [Synth 8-7129] Port In100[0] in module xlconcat_v2_1_7_xlconcat is either unconnected or has no load
INFO: [Common 17-14] Message 'Synth 8-7129' appears 100 times and further instances of the messages will be disabled. Use the Tcl command set_msg_config to change the current settings.
---------------------------------------------------------------------------------
Finished RTL Elaboration : Time (s): cpu = 00:00:09 ; elapsed = 00:00:10 . Memory (MB): peak = 1375.184 ; gain = 613.039
---------------------------------------------------------------------------------
---------------------------------------------------------------------------------
Start Handling Custom Attributes
---------------------------------------------------------------------------------
---------------------------------------------------------------------------------
Finished Handling Custom Attributes : Time (s): cpu = 00:00:09 ; elapsed = 00:00:10 . Memory (MB): peak = 1375.184 ; gain = 613.039
---------------------------------------------------------------------------------
---------------------------------------------------------------------------------
Finished RTL Optimization Phase 1 : Time (s): cpu = 00:00:09 ; elapsed = 00:00:10 . Memory (MB): peak = 1375.184 ; gain = 613.039
---------------------------------------------------------------------------------
Netlist sorting complete. Time (s): cpu = 00:00:00 ; elapsed = 00:00:00.047 . Memory (MB): peak = 1375.184 ; gain = 0.000
INFO: [Netlist 29-17] Analyzing 8 Unisim elements for replacement
INFO: [Netlist 29-28] Unisim Transformation completed in 1 CPU seconds
INFO: [Project 1-570] Preparing netlist for logic optimization

Processing XDC Constraints
Initializing timing engine
Parsing XDC File [d:/Advanced_Hardware_Engineering/ALS_IP_Block/ALS_IP_Block.gen/sources_1/bd/MicroblazeWithALS/ip/MicroblazeWithALS_microblaze_0_0/MicroblazeWithALS_microblaze_0_0/MicroblazeWithALS_microblaze_0_0_in_context.xdc] for cell 'MicroblazeWithALS_i/microblaze_0'
Finished Parsing XDC File [d:/Advanced_Hardware_Engineering/ALS_IP_Block/ALS_IP_Block.gen/sources_1/bd/MicroblazeWithALS/ip/MicroblazeWithALS_microblaze_0_0/MicroblazeWithALS_microblaze_0_0/MicroblazeWithALS_microblaze_0_0_in_context.xdc] for cell 'MicroblazeWithALS_i/microblaze_0'
Parsing XDC File [d:/Advanced_Hardware_Engineering/ALS_IP_Block/ALS_IP_Block.gen/sources_1/bd/MicroblazeWithALS/ip/MicroblazeWithALS_dlmb_v10_0/MicroblazeWithALS_dlmb_v10_0/MicroblazeWithALS_dlmb_v10_0_in_context.xdc] for cell 'MicroblazeWithALS_i/microblaze_0_local_memory/dlmb_v10'
Finished Parsing XDC File [d:/Advanced_Hardware_Engineering/ALS_IP_Block/ALS_IP_Block.gen/sources_1/bd/MicroblazeWithALS/ip/MicroblazeWithALS_dlmb_v10_0/MicroblazeWithALS_dlmb_v10_0/MicroblazeWithALS_dlmb_v10_0_in_context.xdc] for cell 'MicroblazeWithALS_i/microblaze_0_local_memory/dlmb_v10'
Parsing XDC File [d:/Advanced_Hardware_Engineering/ALS_IP_Block/ALS_IP_Block.gen/sources_1/bd/MicroblazeWithALS/ip/MicroblazeWithALS_ilmb_v10_0/MicroblazeWithALS_ilmb_v10_0/MicroblazeWithALS_dlmb_v10_0_in_context.xdc] for cell 'MicroblazeWithALS_i/microblaze_0_local_memory/ilmb_v10'
Finished Parsing XDC File [d:/Advanced_Hardware_Engineering/ALS_IP_Block/ALS_IP_Block.gen/sources_1/bd/MicroblazeWithALS/ip/MicroblazeWithALS_ilmb_v10_0/MicroblazeWithALS_ilmb_v10_0/MicroblazeWithALS_dlmb_v10_0_in_context.xdc] for cell 'MicroblazeWithALS_i/microblaze_0_local_memory/ilmb_v10'
Parsing XDC File [d:/Advanced_Hardware_Engineering/ALS_IP_Block/ALS_IP_Block.gen/sources_1/bd/MicroblazeWithALS/ip/MicroblazeWithALS_dlmb_bram_if_cntlr_0/MicroblazeWithALS_dlmb_bram_if_cntlr_0/MicroblazeWithALS_dlmb_bram_if_cntlr_0_in_context.xdc] for cell 'MicroblazeWithALS_i/microblaze_0_local_memory/dlmb_bram_if_cntlr'
Finished Parsing XDC File [d:/Advanced_Hardware_Engineering/ALS_IP_Block/ALS_IP_Block.gen/sources_1/bd/MicroblazeWithALS/ip/MicroblazeWithALS_dlmb_bram_if_cntlr_0/MicroblazeWithALS_dlmb_bram_if_cntlr_0/MicroblazeWithALS_dlmb_bram_if_cntlr_0_in_context.xdc] for cell 'MicroblazeWithALS_i/microblaze_0_local_memory/dlmb_bram_if_cntlr'
Parsing XDC File [d:/Advanced_Hardware_Engineering/ALS_IP_Block/ALS_IP_Block.gen/sources_1/bd/MicroblazeWithALS/ip/MicroblazeWithALS_ilmb_bram_if_cntlr_0/MicroblazeWithALS_ilmb_bram_if_cntlr_0/MicroblazeWithALS_ilmb_bram_if_cntlr_0_in_context.xdc] for cell 'MicroblazeWithALS_i/microblaze_0_local_memory/ilmb_bram_if_cntlr'
Finished Parsing XDC File [d:/Advanced_Hardware_Engineering/ALS_IP_Block/ALS_IP_Block.gen/sources_1/bd/MicroblazeWithALS/ip/MicroblazeWithALS_ilmb_bram_if_cntlr_0/MicroblazeWithALS_ilmb_bram_if_cntlr_0/MicroblazeWithALS_ilmb_bram_if_cntlr_0_in_context.xdc] for cell 'MicroblazeWithALS_i/microblaze_0_local_memory/ilmb_bram_if_cntlr'
Parsing XDC File [d:/Advanced_Hardware_Engineering/ALS_IP_Block/ALS_IP_Block.gen/sources_1/bd/MicroblazeWithALS/ip/MicroblazeWithALS_lmb_bram_0/MicroblazeWithALS_lmb_bram_0/MicroblazeWithALS_lmb_bram_0_in_context.xdc] for cell 'MicroblazeWithALS_i/microblaze_0_local_memory/lmb_bram'
Finished Parsing XDC File [d:/Advanced_Hardware_Engineering/ALS_IP_Block/ALS_IP_Block.gen/sources_1/bd/MicroblazeWithALS/ip/MicroblazeWithALS_lmb_bram_0/MicroblazeWithALS_lmb_bram_0/MicroblazeWithALS_lmb_bram_0_in_context.xdc] for cell 'MicroblazeWithALS_i/microblaze_0_local_memory/lmb_bram'
Parsing XDC File [d:/Advanced_Hardware_Engineering/ALS_IP_Block/ALS_IP_Block.gen/sources_1/bd/MicroblazeWithALS/ip/MicroblazeWithALS_microblaze_0_axi_periph_imp_xbar_0/MicroblazeWithALS_microblaze_0_axi_periph_imp_xbar_0/MicroblazeWithALS_microblaze_0_axi_periph_imp_xbar_0_in_context.xdc] for cell 'MicroblazeWithALS_i/microblaze_0_axi_periph/xbar'
Finished Parsing XDC File [d:/Advanced_Hardware_Engineering/ALS_IP_Block/ALS_IP_Block.gen/sources_1/bd/MicroblazeWithALS/ip/MicroblazeWithALS_microblaze_0_axi_periph_imp_xbar_0/MicroblazeWithALS_microblaze_0_axi_periph_imp_xbar_0/MicroblazeWithALS_microblaze_0_axi_periph_imp_xbar_0_in_context.xdc] for cell 'MicroblazeWithALS_i/microblaze_0_axi_periph/xbar'
Parsing XDC File [d:/Advanced_Hardware_Engineering/ALS_IP_Block/ALS_IP_Block.gen/sources_1/bd/MicroblazeWithALS/ip/MicroblazeWithALS_microblaze_0_axi_intc_0/MicroblazeWithALS_microblaze_0_axi_intc_0/MicroblazeWithALS_microblaze_0_axi_intc_0_in_context.xdc] for cell 'MicroblazeWithALS_i/microblaze_0_axi_intc'
Finished Parsing XDC File [d:/Advanced_Hardware_Engineering/ALS_IP_Block/ALS_IP_Block.gen/sources_1/bd/MicroblazeWithALS/ip/MicroblazeWithALS_microblaze_0_axi_intc_0/MicroblazeWithALS_microblaze_0_axi_intc_0/MicroblazeWithALS_microblaze_0_axi_intc_0_in_context.xdc] for cell 'MicroblazeWithALS_i/microblaze_0_axi_intc'
Parsing XDC File [d:/Advanced_Hardware_Engineering/ALS_IP_Block/ALS_IP_Block.gen/sources_1/bd/MicroblazeWithALS/ip/MicroblazeWithALS_mdm_1_0/MicroblazeWithALS_mdm_1_0/MicroblazeWithALS_mdm_1_0_in_context.xdc] for cell 'MicroblazeWithALS_i/mdm_1'
Finished Parsing XDC File [d:/Advanced_Hardware_Engineering/ALS_IP_Block/ALS_IP_Block.gen/sources_1/bd/MicroblazeWithALS/ip/MicroblazeWithALS_mdm_1_0/MicroblazeWithALS_mdm_1_0/MicroblazeWithALS_mdm_1_0_in_context.xdc] for cell 'MicroblazeWithALS_i/mdm_1'
Parsing XDC File [d:/Advanced_Hardware_Engineering/ALS_IP_Block/ALS_IP_Block.gen/sources_1/bd/MicroblazeWithALS/ip/MicroblazeWithALS_clk_wiz_1_0/MicroblazeWithALS_clk_wiz_1_0/MicroblazeWithALS_clk_wiz_1_0_in_context.xdc] for cell 'MicroblazeWithALS_i/clk_wiz_1'
Finished Parsing XDC File [d:/Advanced_Hardware_Engineering/ALS_IP_Block/ALS_IP_Block.gen/sources_1/bd/MicroblazeWithALS/ip/MicroblazeWithALS_clk_wiz_1_0/MicroblazeWithALS_clk_wiz_1_0/MicroblazeWithALS_clk_wiz_1_0_in_context.xdc] for cell 'MicroblazeWithALS_i/clk_wiz_1'
Parsing XDC File [d:/Advanced_Hardware_Engineering/ALS_IP_Block/ALS_IP_Block.gen/sources_1/bd/MicroblazeWithALS/ip/MicroblazeWithALS_rst_clk_wiz_1_100M_0/MicroblazeWithALS_rst_clk_wiz_1_100M_0/MicroblazeWithALS_rst_clk_wiz_1_100M_0_in_context.xdc] for cell 'MicroblazeWithALS_i/rst_clk_wiz_1_100M'
Finished Parsing XDC File [d:/Advanced_Hardware_Engineering/ALS_IP_Block/ALS_IP_Block.gen/sources_1/bd/MicroblazeWithALS/ip/MicroblazeWithALS_rst_clk_wiz_1_100M_0/MicroblazeWithALS_rst_clk_wiz_1_100M_0/MicroblazeWithALS_rst_clk_wiz_1_100M_0_in_context.xdc] for cell 'MicroblazeWithALS_i/rst_clk_wiz_1_100M'
Parsing XDC File [d:/Advanced_Hardware_Engineering/ALS_IP_Block/ALS_IP_Block.gen/sources_1/bd/MicroblazeWithALS/ip/MicroblazeWithALS_axi_uartlite_0_0/MicroblazeWithALS_axi_uartlite_0_0/MicroblazeWithALS_axi_uartlite_0_0_in_context.xdc] for cell 'MicroblazeWithALS_i/axi_uartlite_0'
Finished Parsing XDC File [d:/Advanced_Hardware_Engineering/ALS_IP_Block/ALS_IP_Block.gen/sources_1/bd/MicroblazeWithALS/ip/MicroblazeWithALS_axi_uartlite_0_0/MicroblazeWithALS_axi_uartlite_0_0/MicroblazeWithALS_axi_uartlite_0_0_in_context.xdc] for cell 'MicroblazeWithALS_i/axi_uartlite_0'
Parsing XDC File [d:/Advanced_Hardware_Engineering/ALS_IP_Block/ALS_IP_Block.gen/sources_1/bd/MicroblazeWithALS/ip/MicroblazeWithALS_PmodOLEDrgb_0_0/MicroblazeWithALS_PmodOLEDrgb_0_0/MicroblazeWithALS_PmodOLEDrgb_0_0_in_context.xdc] for cell 'MicroblazeWithALS_i/PmodOLEDrgb_0'
Finished Parsing XDC File [d:/Advanced_Hardware_Engineering/ALS_IP_Block/ALS_IP_Block.gen/sources_1/bd/MicroblazeWithALS/ip/MicroblazeWithALS_PmodOLEDrgb_0_0/MicroblazeWithALS_PmodOLEDrgb_0_0/MicroblazeWithALS_PmodOLEDrgb_0_0_in_context.xdc] for cell 'MicroblazeWithALS_i/PmodOLEDrgb_0'
Parsing XDC File [D:/Advanced_Hardware_Engineering/Nexys-A7-100T-Master.xdc]
Finished Parsing XDC File [D:/Advanced_Hardware_Engineering/Nexys-A7-100T-Master.xdc]
INFO: [Project 1-236] Implementation specific constraints were found while reading constraint file [D:/Advanced_Hardware_Engineering/Nexys-A7-100T-Master.xdc]. These constraints will be ignored for synthesis but will be used in implementation. Impacted constraints are listed in the file [.Xil/MicroblazeWithALS_wrapper_propImpl.xdc].
Resolution: To avoid this warning, move constraints listed in [.Xil/MicroblazeWithALS_wrapper_propImpl.xdc] to another XDC file and exclude this new file from synthesis with the used_in_synthesis property (File Properties dialog in GUI) and re-run elaboration/synthesis.
Parsing XDC File [D:/Advanced_Hardware_Engineering/ALS_IP_Block/ALS_IP_Block.runs/synth_1/dont_touch.xdc]
Finished Parsing XDC File [D:/Advanced_Hardware_Engineering/ALS_IP_Block/ALS_IP_Block.runs/synth_1/dont_touch.xdc]
Completed Processing XDC Constraints

Netlist sorting complete. Time (s): cpu = 00:00:00 ; elapsed = 00:00:00 . Memory (MB): peak = 1391.086 ; gain = 0.000
INFO: [Project 1-111] Unisim Transformation Summary:
  A total of 8 instances were transformed.
  IOBUF => IOBUF (IBUF, OBUFT): 8 instances

Constraint Validation Runtime : Time (s): cpu = 00:00:00 ; elapsed = 00:00:00.013 . Memory (MB): peak = 1391.086 ; gain = 0.000
WARNING: [Timing 38-316] Clock period '20.000' specified during out-of-context synthesis of instance 'MicroblazeWithALS_i/microblaze_0_local_memory/lmb_bram' at clock pin 'clka' is different from the actual clock period '10.000', this can lead to different synthesis results.
INFO: [Designutils 20-5440] No compile time benefit to using incremental synthesis; A full resynthesis will be run
INFO: [Designutils 20-4379] Flow is switching to default flow due to incremental criteria not met. If you would like to alter this behaviour and have the flow terminate instead, please set the following parameter config_implementation {autoIncr.Synth.RejectBehavior Terminate}
---------------------------------------------------------------------------------
Finished Constraint Validation : Time (s): cpu = 00:00:19 ; elapsed = 00:00:21 . Memory (MB): peak = 1393.133 ; gain = 630.988
---------------------------------------------------------------------------------
---------------------------------------------------------------------------------
Start Loading Part and Timing Information
---------------------------------------------------------------------------------
Loading part: xc7a100tcsg324-1
---------------------------------------------------------------------------------
Finished Loading Part and Timing Information : Time (s): cpu = 00:00:19 ; elapsed = 00:00:21 . Memory (MB): peak = 1393.133 ; gain = 630.988
---------------------------------------------------------------------------------
---------------------------------------------------------------------------------
Start Applying 'set_property' XDC Constraints
---------------------------------------------------------------------------------
---------------------------------------------------------------------------------
Finished applying 'set_property' XDC Constraints : Time (s): cpu = 00:00:20 ; elapsed = 00:00:21 . Memory (MB): peak = 1393.133 ; gain = 630.988
---------------------------------------------------------------------------------
---------------------------------------------------------------------------------
Finished RTL Optimization Phase 2 : Time (s): cpu = 00:00:20 ; elapsed = 00:00:22 . Memory (MB): peak = 1393.133 ; gain = 630.988
---------------------------------------------------------------------------------
---------------------------------------------------------------------------------
Start RTL Component Statistics 
---------------------------------------------------------------------------------
Detailed RTL Component Info : 
---------------------------------------------------------------------------------
Finished RTL Component Statistics 
---------------------------------------------------------------------------------
---------------------------------------------------------------------------------
Start Part Resource Summary
---------------------------------------------------------------------------------
Part Resources:
DSPs: 240 (col length:80)
BRAMs: 270 (col length: RAMB18 80 RAMB36 40)
---------------------------------------------------------------------------------
Finished Part Resource Summary
---------------------------------------------------------------------------------
---------------------------------------------------------------------------------
Start Cross Boundary and Area Optimization
---------------------------------------------------------------------------------
WARNING: [Synth 8-7080] Parallel synthesis criteria is not met
---------------------------------------------------------------------------------
Finished Cross Boundary and Area Optimization : Time (s): cpu = 00:00:23 ; elapsed = 00:00:25 . Memory (MB): peak = 1393.133 ; gain = 630.988
---------------------------------------------------------------------------------
---------------------------------------------------------------------------------
Start Applying XDC Timing Constraints
---------------------------------------------------------------------------------
---------------------------------------------------------------------------------
Finished Applying XDC Timing Constraints : Time (s): cpu = 00:00:30 ; elapsed = 00:00:32 . Memory (MB): peak = 1556.293 ; gain = 794.148
---------------------------------------------------------------------------------
---------------------------------------------------------------------------------
Start Timing Optimization
---------------------------------------------------------------------------------
---------------------------------------------------------------------------------
Finished Timing Optimization : Time (s): cpu = 00:00:30 ; elapsed = 00:00:32 . Memory (MB): peak = 1557.055 ; gain = 794.910
---------------------------------------------------------------------------------
---------------------------------------------------------------------------------
Start Technology Mapping
---------------------------------------------------------------------------------
---------------------------------------------------------------------------------
Finished Technology Mapping : Time (s): cpu = 00:00:30 ; elapsed = 00:00:32 . Memory (MB): peak = 1567.469 ; gain = 805.324
---------------------------------------------------------------------------------
---------------------------------------------------------------------------------
Start IO Insertion
---------------------------------------------------------------------------------
---------------------------------------------------------------------------------
Start Flattening Before IO Insertion
---------------------------------------------------------------------------------
---------------------------------------------------------------------------------
Finished Flattening Before IO Insertion
---------------------------------------------------------------------------------
---------------------------------------------------------------------------------
Start Final Netlist Cleanup
---------------------------------------------------------------------------------
---------------------------------------------------------------------------------
Finished Final Netlist Cleanup
---------------------------------------------------------------------------------
---------------------------------------------------------------------------------
Finished IO Insertion : Time (s): cpu = 00:00:35 ; elapsed = 00:00:38 . Memory (MB): peak = 1801.590 ; gain = 1039.445
---------------------------------------------------------------------------------
---------------------------------------------------------------------------------
Start Renaming Generated Instances
---------------------------------------------------------------------------------
---------------------------------------------------------------------------------
Finished Renaming Generated Instances : Time (s): cpu = 00:00:35 ; elapsed = 00:00:38 . Memory (MB): peak = 1801.590 ; gain = 1039.445
---------------------------------------------------------------------------------
---------------------------------------------------------------------------------
Start Rebuilding User Hierarchy
---------------------------------------------------------------------------------
---------------------------------------------------------------------------------
Finished Rebuilding User Hierarchy : Time (s): cpu = 00:00:35 ; elapsed = 00:00:38 . Memory (MB): peak = 1801.590 ; gain = 1039.445
---------------------------------------------------------------------------------
---------------------------------------------------------------------------------
Start Renaming Generated Ports
---------------------------------------------------------------------------------
---------------------------------------------------------------------------------
Finished Renaming Generated Ports : Time (s): cpu = 00:00:35 ; elapsed = 00:00:38 . Memory (MB): peak = 1801.590 ; gain = 1039.445
---------------------------------------------------------------------------------
---------------------------------------------------------------------------------
Start Handling Custom Attributes
---------------------------------------------------------------------------------
---------------------------------------------------------------------------------
Finished Handling Custom Attributes : Time (s): cpu = 00:00:35 ; elapsed = 00:00:38 . Memory (MB): peak = 1801.590 ; gain = 1039.445
---------------------------------------------------------------------------------
---------------------------------------------------------------------------------
Start Renaming Generated Nets
---------------------------------------------------------------------------------
---------------------------------------------------------------------------------
Finished Renaming Generated Nets : Time (s): cpu = 00:00:36 ; elapsed = 00:00:38 . Memory (MB): peak = 1801.590 ; gain = 1039.445
---------------------------------------------------------------------------------
---------------------------------------------------------------------------------
Start Writing Synthesis Report
---------------------------------------------------------------------------------

Report BlackBoxes: 
+------+-----------------------------------------------------+----------+
|      |BlackBox name                                        |Instances |
+------+-----------------------------------------------------+----------+
|1     |MicroblazeWithALS_PmodOLEDrgb_0_0                    |         1|
|2     |MicroblazeWithALS_axi_uartlite_0_0                   |         1|
|3     |MicroblazeWithALS_clk_wiz_1_0                        |         1|
|4     |MicroblazeWithALS_mdm_1_0                            |         1|
|5     |MicroblazeWithALS_microblaze_0_0                     |         1|
|6     |MicroblazeWithALS_microblaze_0_axi_intc_0            |         1|
|7     |MicroblazeWithALS_microblaze_0_axi_periph_imp_xbar_0 |         1|
|8     |MicroblazeWithALS_rst_clk_wiz_1_100M_0               |         1|
|9     |MicroblazeWithALS_dlmb_bram_if_cntlr_0               |         1|
|10    |MicroblazeWithALS_dlmb_v10_0                         |         1|
|11    |MicroblazeWithALS_ilmb_bram_if_cntlr_0               |         1|
|12    |MicroblazeWithALS_ilmb_v10_0                         |         1|
|13    |MicroblazeWithALS_lmb_bram_0                         |         1|
+------+-----------------------------------------------------+----------+

Report Cell Usage: 
+------+---------------------------------------------------+------+
|      |Cell                                               |Count |
+------+---------------------------------------------------+------+
|1     |MicroblazeWithALS_PmodOLEDrgb_0                    |     1|
|2     |MicroblazeWithALS_axi_uartlite_0                   |     1|
|3     |MicroblazeWithALS_clk_wiz_1                        |     1|
|4     |MicroblazeWithALS_dlmb_bram_if_cntlr               |     1|
|5     |MicroblazeWithALS_dlmb_v10                         |     1|
|6     |MicroblazeWithALS_ilmb_bram_if_cntlr               |     1|
|7     |MicroblazeWithALS_ilmb_v10                         |     1|
|8     |MicroblazeWithALS_lmb_bram                         |     1|
|9     |MicroblazeWithALS_mdm_1                            |     1|
|10    |MicroblazeWithALS_microblaze_0                     |     1|
|11    |MicroblazeWithALS_microblaze_0_axi_intc            |     1|
|12    |MicroblazeWithALS_microblaze_0_axi_periph_imp_xbar |     1|
|13    |MicroblazeWithALS_rst_clk_wiz_1_100M               |     1|
|14    |IBUF                                               |     2|
|15    |IOBUF                                              |     8|
|16    |OBUF                                               |     1|
+------+---------------------------------------------------+------+
---------------------------------------------------------------------------------
Finished Writing Synthesis Report : Time (s): cpu = 00:00:36 ; elapsed = 00:00:38 . Memory (MB): peak = 1801.590 ; gain = 1039.445
---------------------------------------------------------------------------------
Synthesis finished with 0 errors, 0 critical warnings and 11 warnings.
Synthesis Optimization Runtime : Time (s): cpu = 00:00:24 ; elapsed = 00:00:34 . Memory (MB): peak = 1801.590 ; gain = 1021.496
Synthesis Optimization Complete : Time (s): cpu = 00:00:36 ; elapsed = 00:00:38 . Memory (MB): peak = 1801.590 ; gain = 1039.445
INFO: [Project 1-571] Translating synthesized netlist
Netlist sorting complete. Time (s): cpu = 00:00:00 ; elapsed = 00:00:00.028 . Memory (MB): peak = 1801.590 ; gain = 0.000
INFO: [Netlist 29-17] Analyzing 8 Unisim elements for replacement
INFO: [Netlist 29-28] Unisim Transformation completed in 0 CPU seconds
INFO: [Project 1-570] Preparing netlist for logic optimization
INFO: [Opt 31-138] Pushed 0 inverter(s) to 0 load pin(s).
Netlist sorting complete. Time (s): cpu = 00:00:00 ; elapsed = 00:00:00 . Memory (MB): peak = 1807.555 ; gain = 0.000
INFO: [Project 1-111] Unisim Transformation Summary:
  A total of 8 instances were transformed.
  IOBUF => IOBUF (IBUF, OBUFT): 8 instances

Synth Design complete | Checksum: 54fb8e08
INFO: [Common 17-83] Releasing license: Synthesis
78 Infos, 112 Warnings, 0 Critical Warnings and 0 Errors encountered.
synth_design completed successfully
synth_design: Time (s): cpu = 00:00:40 ; elapsed = 00:00:49 . Memory (MB): peak = 1807.555 ; gain = 1249.422
Write ShapeDB Complete: Time (s): cpu = 00:00:00 ; elapsed = 00:00:00.001 . Memory (MB): peak = 1807.555 ; gain = 0.000
INFO: [Common 17-1381] The checkpoint 'D:/Advanced_Hardware_Engineering/ALS_IP_Block/ALS_IP_Block.runs/synth_1/MicroblazeWithALS_wrapper.dcp' has been generated.
INFO: [Vivado 12-24828] Executing command : report_utilization -file MicroblazeWithALS_wrapper_utilization_synth.rpt -pb MicroblazeWithALS_wrapper_utilization_synth.pb
INFO: [Common 17-206] Exiting Vivado at Thu Dec 11 17:33:12 2025...
