Copyright 1986-2022 Xilinx, Inc. All Rights Reserved. Copyright 2022-2025 Advanced Micro Devices, Inc. All Rights Reserved.
---------------------------------------------------------------------------------------------------------------------------------------------------------------------------------------------------------------------------------------------
| Tool Version : Vivado v.2025.1 (win64) Build 6140274 Thu May 22 00:12:29 MDT 2025
| Date         : Mon Oct 27 12:02:01 2025
| Host         : DESKTOP-QB50QQD running 64-bit major release  (build 9200)
| Command      : report_timing_summary -max_paths 10 -routable_nets -report_unconstrained -file top_wrapper_timing_summary_routed.rpt -pb top_wrapper_timing_summary_routed.pb -rpx top_wrapper_timing_summary_routed.rpx -warn_on_violation
| Design       : top_wrapper
| Device       : 7a100t-csg324
| Speed File   : -1  PRODUCTION 1.23 2018-06-13
| Design State : Routed
---------------------------------------------------------------------------------------------------------------------------------------------------------------------------------------------------------------------------------------------

Timing Summary Report

------------------------------------------------------------------------------------------------
| Timer Settings
| --------------
------------------------------------------------------------------------------------------------

  Enable Multi Corner Analysis               :  Yes
  Enable Pessimism Removal                   :  Yes
  Pessimism Removal Resolution               :  Nearest Common Node
  Enable Input Delay Default Clock           :  No
  Enable Preset / Clear Arcs                 :  No
  Disable Flight Delays                      :  No
  Ignore I/O Paths                           :  No
  Timing Early Launch at Borrowing Latches   :  No
  Borrow Time for Max Delay Exceptions       :  Yes
  Merge Timing Exceptions                    :  Yes
  Inter-SLR Compensation                     :  Conservative

  Corner  Analyze    Analyze    
  Name    Max Paths  Min Paths  
  ------  ---------  ---------  
  Slow    Yes        Yes        
  Fast    Yes        Yes        


------------------------------------------------------------------------------------------------
| Report Methodology
| ------------------
------------------------------------------------------------------------------------------------

No report available as report_methodology has not been run prior. Run report_methodology on the current design for the summary of methodology violations.



check_timing report

Table of Contents
-----------------
1. checking no_clock (0)
2. checking constant_clock (0)
3. checking pulse_width_clock (0)
4. checking unconstrained_internal_endpoints (0)
5. checking no_input_delay (0)
6. checking no_output_delay (0)
7. checking multiple_clock (0)
8. checking generated_clocks (0)
9. checking loops (0)
10. checking partial_input_delay (0)
11. checking partial_output_delay (0)
12. checking latch_loops (0)

1. checking no_clock (0)
------------------------
 There are 0 register/latch pins with no clock.


2. checking constant_clock (0)
------------------------------
 There are 0 register/latch pins with constant_clock.


3. checking pulse_width_clock (0)
---------------------------------
 There are 0 register/latch pins which need pulse_width check


4. checking unconstrained_internal_endpoints (0)
------------------------------------------------
 There are 0 pins that are not constrained for maximum delay.

 There are 0 pins that are not constrained for maximum delay due to constant clock.


5. checking no_input_delay (0)
------------------------------
 There are 0 input ports with no input delay specified.

 There are 0 input ports with no input delay but user has a false path constraint.


6. checking no_output_delay (0)
-------------------------------
 There are 0 ports with no output delay specified.

 There are 0 ports with no output delay but user has a false path constraint

 There are 0 ports with no output delay but with a timing clock defined on it or propagating through it


7. checking multiple_clock (0)
------------------------------
 There are 0 register/latch pins with multiple clocks.


8. checking generated_clocks (0)
--------------------------------
 There are 0 generated clocks that are not connected to a clock source.


9. checking loops (0)
---------------------
 There are 0 combinational loops in the design.


10. checking partial_input_delay (0)
------------------------------------
 There are 0 input ports with partial input delay specified.


11. checking partial_output_delay (0)
-------------------------------------
 There are 0 ports with partial output delay specified.


12. checking latch_loops (0)
----------------------------
 There are 0 combinational latch loops in the design through latch input



------------------------------------------------------------------------------------------------
| Design Timing Summary
| ---------------------
------------------------------------------------------------------------------------------------

    WNS(ns)      TNS(ns)  TNS Failing Endpoints  TNS Total Endpoints      WHS(ns)      THS(ns)  THS Failing Endpoints  THS Total Endpoints     WPWS(ns)     TPWS(ns)  TPWS Failing Endpoints  TPWS Total Endpoints  
    -------      -------  ---------------------  -------------------      -------      -------  ---------------------  -------------------     --------     --------  ----------------------  --------------------  
        inf        0.000                      0                    5          inf        0.000                      0                    5           NA           NA                      NA                    NA  


There are no user specified timing constraints.


------------------------------------------------------------------------------------------------
| Clock Summary
| -------------
------------------------------------------------------------------------------------------------


------------------------------------------------------------------------------------------------
| Intra Clock Table
| -----------------
------------------------------------------------------------------------------------------------

Clock             WNS(ns)      TNS(ns)  TNS Failing Endpoints  TNS Total Endpoints      WHS(ns)      THS(ns)  THS Failing Endpoints  THS Total Endpoints     WPWS(ns)     TPWS(ns)  TPWS Failing Endpoints  TPWS Total Endpoints  
-----             -------      -------  ---------------------  -------------------      -------      -------  ---------------------  -------------------     --------     --------  ----------------------  --------------------  


------------------------------------------------------------------------------------------------
| Inter Clock Table
| -----------------
------------------------------------------------------------------------------------------------

From Clock    To Clock          WNS(ns)      TNS(ns)  TNS Failing Endpoints  TNS Total Endpoints      WHS(ns)      THS(ns)  THS Failing Endpoints  THS Total Endpoints  
----------    --------          -------      -------  ---------------------  -------------------      -------      -------  ---------------------  -------------------  


------------------------------------------------------------------------------------------------
| Other Path Groups Table
| -----------------------
------------------------------------------------------------------------------------------------

Path Group    From Clock    To Clock          WNS(ns)      TNS(ns)  TNS Failing Endpoints  TNS Total Endpoints      WHS(ns)      THS(ns)  THS Failing Endpoints  THS Total Endpoints  
----------    ----------    --------          -------      -------  ---------------------  -------------------      -------      -------  ---------------------  -------------------  


------------------------------------------------------------------------------------------------
| User Ignored Path Table
| -----------------------
------------------------------------------------------------------------------------------------

Path Group    From Clock    To Clock    
----------    ----------    --------    


------------------------------------------------------------------------------------------------
| Unconstrained Path Table
| ------------------------
------------------------------------------------------------------------------------------------

Path Group    From Clock    To Clock    
----------    ----------    --------    
(none)                                    


------------------------------------------------------------------------------------------------
| Timing Details
| --------------
------------------------------------------------------------------------------------------------


--------------------------------------------------------------------------------------
Path Group:  (none)
From Clock:  
  To Clock:  

Max Delay             5 Endpoints
Min Delay             5 Endpoints
--------------------------------------------------------------------------------------


Max Delay Paths
--------------------------------------------------------------------------------------
Slack:                    inf
  Source:                 A[0]
                            (input port)
  Destination:            S[3]
                            (output port)
  Path Group:             (none)
  Path Type:              Max at Slow Process Corner
  Data Path Delay:        10.509ns  (logic 4.827ns (45.935%)  route 5.682ns (54.065%))
  Logic Levels:           6  (IBUF=1 LUT2=1 LUT3=3 OBUF=1)

    Location             Delay type                Incr(ns)  Path(ns)    Netlist Resource(s)
  -------------------------------------------------------------------    -------------------
    R10                                               0.000     0.000 r  A[0] (IN)
                         net (fo=0)                   0.000     0.000    A[0]
    R10                  IBUF (Prop_ibuf_I_O)         0.986     0.986 r  A_IBUF[0]_inst/O
                         net (fo=2, routed)           1.577     2.562    top_i/full_adder_0/inst/A
    SLICE_X0Y54          LUT2 (Prop_lut2_I1_O)        0.152     2.714 r  top_i/full_adder_0/inst/Cout__0/O
                         net (fo=2, routed)           0.800     3.514    top_i/full_adder_1/inst/Cin
    SLICE_X0Y55          LUT3 (Prop_lut3_I1_O)        0.354     3.868 r  top_i/full_adder_1/inst/Cout__0/O
                         net (fo=2, routed)           0.851     4.719    top_i/full_adder_2/inst/Cin
    SLICE_X0Y55          LUT3 (Prop_lut3_I1_O)        0.326     5.045 r  top_i/full_adder_2/inst/Cout__0/O
                         net (fo=2, routed)           0.586     5.632    top_i/full_adder_3/inst/Cin
    SLICE_X0Y57          LUT3 (Prop_lut3_I2_O)        0.150     5.782 r  top_i/full_adder_3/inst/Sum__0/O
                         net (fo=1, routed)           1.868     7.649    S_OBUF[3]
    U11                  OBUF (Prop_obuf_I_O)         2.860    10.509 r  S_OBUF[3]_inst/O
                         net (fo=0)                   0.000    10.509    S[3]
    U11                                                               r  S[3] (OUT)
  -------------------------------------------------------------------    -------------------

Slack:                    inf
  Source:                 A[0]
                            (input port)
  Destination:            S[4]
                            (output port)
  Path Group:             (none)
  Path Type:              Max at Slow Process Corner
  Data Path Delay:        10.271ns  (logic 4.595ns (44.740%)  route 5.676ns (55.260%))
  Logic Levels:           6  (IBUF=1 LUT2=1 LUT3=3 OBUF=1)

    Location             Delay type                Incr(ns)  Path(ns)    Netlist Resource(s)
  -------------------------------------------------------------------    -------------------
    R10                                               0.000     0.000 r  A[0] (IN)
                         net (fo=0)                   0.000     0.000    A[0]
    R10                  IBUF (Prop_ibuf_I_O)         0.986     0.986 r  A_IBUF[0]_inst/O
                         net (fo=2, routed)           1.577     2.562    top_i/full_adder_0/inst/A
    SLICE_X0Y54          LUT2 (Prop_lut2_I1_O)        0.152     2.714 r  top_i/full_adder_0/inst/Cout__0/O
                         net (fo=2, routed)           0.800     3.514    top_i/full_adder_1/inst/Cin
    SLICE_X0Y55          LUT3 (Prop_lut3_I1_O)        0.354     3.868 r  top_i/full_adder_1/inst/Cout__0/O
                         net (fo=2, routed)           0.851     4.719    top_i/full_adder_2/inst/Cin
    SLICE_X0Y55          LUT3 (Prop_lut3_I1_O)        0.326     5.045 r  top_i/full_adder_2/inst/Cout__0/O
                         net (fo=2, routed)           0.586     5.632    top_i/full_adder_3/inst/Cin
    SLICE_X0Y57          LUT3 (Prop_lut3_I1_O)        0.124     5.756 r  top_i/full_adder_3/inst/Cout__0/O
                         net (fo=1, routed)           1.862     7.618    S_OBUF[4]
    T11                  OBUF (Prop_obuf_I_O)         2.654    10.271 r  S_OBUF[4]_inst/O
                         net (fo=0)                   0.000    10.271    S[4]
    T11                                                               r  S[4] (OUT)
  -------------------------------------------------------------------    -------------------

Slack:                    inf
  Source:                 A[0]
                            (input port)
  Destination:            S[2]
                            (output port)
  Path Group:             (none)
  Path Type:              Max at Slow Process Corner
  Data Path Delay:        9.816ns  (logic 4.725ns (48.136%)  route 5.091ns (51.864%))
  Logic Levels:           5  (IBUF=1 LUT2=1 LUT3=2 OBUF=1)

    Location             Delay type                Incr(ns)  Path(ns)    Netlist Resource(s)
  -------------------------------------------------------------------    -------------------
    R10                                               0.000     0.000 r  A[0] (IN)
                         net (fo=0)                   0.000     0.000    A[0]
    R10                  IBUF (Prop_ibuf_I_O)         0.986     0.986 r  A_IBUF[0]_inst/O
                         net (fo=2, routed)           1.577     2.562    top_i/full_adder_0/inst/A
    SLICE_X0Y54          LUT2 (Prop_lut2_I1_O)        0.152     2.714 r  top_i/full_adder_0/inst/Cout__0/O
                         net (fo=2, routed)           0.800     3.514    top_i/full_adder_1/inst/Cin
    SLICE_X0Y55          LUT3 (Prop_lut3_I1_O)        0.354     3.868 r  top_i/full_adder_1/inst/Cout__0/O
                         net (fo=2, routed)           0.851     4.719    top_i/full_adder_2/inst/Cin
    SLICE_X0Y55          LUT3 (Prop_lut3_I2_O)        0.354     5.073 r  top_i/full_adder_2/inst/Sum__0/O
                         net (fo=1, routed)           1.863     6.936    S_OBUF[2]
    U12                  OBUF (Prop_obuf_I_O)         2.879     9.816 r  S_OBUF[2]_inst/O
                         net (fo=0)                   0.000     9.816    S[2]
    U12                                                               r  S[2] (OUT)
  -------------------------------------------------------------------    -------------------

Slack:                    inf
  Source:                 A[0]
                            (input port)
  Destination:            S[1]
                            (output port)
  Path Group:             (none)
  Path Type:              Max at Slow Process Corner
  Data Path Delay:        8.213ns  (logic 4.127ns (50.252%)  route 4.086ns (49.748%))
  Logic Levels:           4  (IBUF=1 LUT2=1 LUT3=1 OBUF=1)

    Location             Delay type                Incr(ns)  Path(ns)    Netlist Resource(s)
  -------------------------------------------------------------------    -------------------
    R10                                               0.000     0.000 r  A[0] (IN)
                         net (fo=0)                   0.000     0.000    A[0]
    R10                  IBUF (Prop_ibuf_I_O)         0.986     0.986 r  A_IBUF[0]_inst/O
                         net (fo=2, routed)           1.577     2.562    top_i/full_adder_0/inst/A
    SLICE_X0Y54          LUT2 (Prop_lut2_I1_O)        0.152     2.714 r  top_i/full_adder_0/inst/Cout__0/O
                         net (fo=2, routed)           0.800     3.514    top_i/full_adder_1/inst/Cin
    SLICE_X0Y55          LUT3 (Prop_lut3_I2_O)        0.326     3.840 r  top_i/full_adder_1/inst/Sum__0/O
                         net (fo=1, routed)           1.709     5.549    S_OBUF[1]
    V12                  OBUF (Prop_obuf_I_O)         2.663     8.213 r  S_OBUF[1]_inst/O
                         net (fo=0)                   0.000     8.213    S[1]
    V12                                                               r  S[1] (OUT)
  -------------------------------------------------------------------    -------------------

Slack:                    inf
  Source:                 A[0]
                            (input port)
  Destination:            S[0]
                            (output port)
  Path Group:             (none)
  Path Type:              Max at Slow Process Corner
  Data Path Delay:        7.067ns  (logic 3.782ns (53.508%)  route 3.286ns (46.492%))
  Logic Levels:           3  (IBUF=1 LUT2=1 OBUF=1)

    Location             Delay type                Incr(ns)  Path(ns)    Netlist Resource(s)
  -------------------------------------------------------------------    -------------------
    R10                                               0.000     0.000 r  A[0] (IN)
                         net (fo=0)                   0.000     0.000    A[0]
    R10                  IBUF (Prop_ibuf_I_O)         0.986     0.986 r  A_IBUF[0]_inst/O
                         net (fo=2, routed)           1.577     2.562    top_i/full_adder_0/inst/A
    SLICE_X0Y54          LUT2 (Prop_lut2_I1_O)        0.124     2.686 r  top_i/full_adder_0/inst/Sum__0/O
                         net (fo=1, routed)           1.709     4.395    S_OBUF[0]
    V10                  OBUF (Prop_obuf_I_O)         2.672     7.067 r  S_OBUF[0]_inst/O
                         net (fo=0)                   0.000     7.067    S[0]
    V10                                                               r  S[0] (OUT)
  -------------------------------------------------------------------    -------------------





Min Delay Paths
--------------------------------------------------------------------------------------
Slack:                    inf
  Source:                 B[1]
                            (input port)
  Destination:            S[1]
                            (output port)
  Path Group:             (none)
  Path Type:              Min at Fast Process Corner
  Data Path Delay:        2.196ns  (logic 1.438ns (65.479%)  route 0.758ns (34.521%))
  Logic Levels:           3  (IBUF=1 LUT3=1 OBUF=1)

    Location             Delay type                Incr(ns)  Path(ns)    Netlist Resource(s)
  -------------------------------------------------------------------    -------------------
    V14                                               0.000     0.000 r  B[1] (IN)
                         net (fo=0)                   0.000     0.000    B[1]
    V14                  IBUF (Prop_ibuf_I_O)         0.213     0.213 r  B_IBUF[1]_inst/O
                         net (fo=2, routed)           0.407     0.620    top_i/full_adder_1/inst/B
    SLICE_X0Y55          LUT3 (Prop_lut3_I0_O)        0.045     0.665 r  top_i/full_adder_1/inst/Sum__0/O
                         net (fo=1, routed)           0.351     1.016    S_OBUF[1]
    V12                  OBUF (Prop_obuf_I_O)         1.180     2.196 r  S_OBUF[1]_inst/O
                         net (fo=0)                   0.000     2.196    S[1]
    V12                                                               r  S[1] (OUT)
  -------------------------------------------------------------------    -------------------

Slack:                    inf
  Source:                 B[0]
                            (input port)
  Destination:            S[0]
                            (output port)
  Path Group:             (none)
  Path Type:              Min at Fast Process Corner
  Data Path Delay:        2.207ns  (logic 1.449ns (65.654%)  route 0.758ns (34.346%))
  Logic Levels:           3  (IBUF=1 LUT2=1 OBUF=1)

    Location             Delay type                Incr(ns)  Path(ns)    Netlist Resource(s)
  -------------------------------------------------------------------    -------------------
    T13                                               0.000     0.000 r  B[0] (IN)
                         net (fo=0)                   0.000     0.000    B[0]
    T13                  IBUF (Prop_ibuf_I_O)         0.216     0.216 r  B_IBUF[0]_inst/O
                         net (fo=2, routed)           0.407     0.623    top_i/full_adder_0/inst/B
    SLICE_X0Y54          LUT2 (Prop_lut2_I0_O)        0.045     0.668 r  top_i/full_adder_0/inst/Sum__0/O
                         net (fo=1, routed)           0.351     1.019    S_OBUF[0]
    V10                  OBUF (Prop_obuf_I_O)         1.188     2.207 r  S_OBUF[0]_inst/O
                         net (fo=0)                   0.000     2.207    S[0]
    V10                                                               r  S[0] (OUT)
  -------------------------------------------------------------------    -------------------

Slack:                    inf
  Source:                 B[3]
                            (input port)
  Destination:            S[4]
                            (output port)
  Path Group:             (none)
  Path Type:              Min at Fast Process Corner
  Data Path Delay:        2.250ns  (logic 1.443ns (64.136%)  route 0.807ns (35.864%))
  Logic Levels:           3  (IBUF=1 LUT3=1 OBUF=1)

    Location             Delay type                Incr(ns)  Path(ns)    Netlist Resource(s)
  -------------------------------------------------------------------    -------------------
    V11                                               0.000     0.000 r  B[3] (IN)
                         net (fo=0)                   0.000     0.000    B[3]
    V11                  IBUF (Prop_ibuf_I_O)         0.228     0.228 r  B_IBUF[3]_inst/O
                         net (fo=2, routed)           0.407     0.635    top_i/full_adder_3/inst/B
    SLICE_X0Y57          LUT3 (Prop_lut3_I0_O)        0.045     0.680 r  top_i/full_adder_3/inst/Cout__0/O
                         net (fo=1, routed)           0.400     1.080    S_OBUF[4]
    T11                  OBUF (Prop_obuf_I_O)         1.170     2.250 r  S_OBUF[4]_inst/O
                         net (fo=0)                   0.000     2.250    S[4]
    T11                                                               r  S[4] (OUT)
  -------------------------------------------------------------------    -------------------

Slack:                    inf
  Source:                 B[3]
                            (input port)
  Destination:            S[3]
                            (output port)
  Path Group:             (none)
  Path Type:              Min at Fast Process Corner
  Data Path Delay:        2.326ns  (logic 1.506ns (64.756%)  route 0.820ns (35.244%))
  Logic Levels:           3  (IBUF=1 LUT3=1 OBUF=1)

    Location             Delay type                Incr(ns)  Path(ns)    Netlist Resource(s)
  -------------------------------------------------------------------    -------------------
    V11                                               0.000     0.000 r  B[3] (IN)
                         net (fo=0)                   0.000     0.000    B[3]
    V11                  IBUF (Prop_ibuf_I_O)         0.228     0.228 r  B_IBUF[3]_inst/O
                         net (fo=2, routed)           0.407     0.635    top_i/full_adder_3/inst/B
    SLICE_X0Y57          LUT3 (Prop_lut3_I0_O)        0.042     0.677 r  top_i/full_adder_3/inst/Sum__0/O
                         net (fo=1, routed)           0.413     1.089    S_OBUF[3]
    U11                  OBUF (Prop_obuf_I_O)         1.236     2.326 r  S_OBUF[3]_inst/O
                         net (fo=0)                   0.000     2.326    S[3]
    U11                                                               r  S[3] (OUT)
  -------------------------------------------------------------------    -------------------

Slack:                    inf
  Source:                 B[2]
                            (input port)
  Destination:            S[2]
                            (output port)
  Path Group:             (none)
  Path Type:              Min at Fast Process Corner
  Data Path Delay:        2.349ns  (logic 1.511ns (64.322%)  route 0.838ns (35.678%))
  Logic Levels:           3  (IBUF=1 LUT3=1 OBUF=1)

    Location             Delay type                Incr(ns)  Path(ns)    Netlist Resource(s)
  -------------------------------------------------------------------    -------------------
    U14                                               0.000     0.000 r  B[2] (IN)
                         net (fo=0)                   0.000     0.000    B[2]
    U14                  IBUF (Prop_ibuf_I_O)         0.211     0.211 r  B_IBUF[2]_inst/O
                         net (fo=2, routed)           0.420     0.631    top_i/full_adder_2/inst/B
    SLICE_X0Y55          LUT3 (Prop_lut3_I0_O)        0.045     0.676 r  top_i/full_adder_2/inst/Sum__0/O
                         net (fo=1, routed)           0.418     1.094    S_OBUF[2]
    U12                  OBUF (Prop_obuf_I_O)         1.255     2.349 r  S_OBUF[2]_inst/O
                         net (fo=0)                   0.000     2.349    S[2]
    U12                                                               r  S[2] (OUT)
  -------------------------------------------------------------------    -------------------





