Copyright 1986-2022 Xilinx, Inc. All Rights Reserved. Copyright 2022-2025 Advanced Micro Devices, Inc. All Rights Reserved.
-------------------------------------------------------------------------------------------------------------------------------------------------------------------------------------------
| Tool Version     : Vivado v.2025.1 (win64) Build 6140274 Thu May 22 00:12:29 MDT 2025
| Date             : Thu Nov  6 15:37:35 2025
| Host             : LAB50-07 running 64-bit major release  (build 9200)
| Command          : report_power -file Microblaze_task_wrapper_power_routed.rpt -pb Microblaze_task_wrapper_power_summary_routed.pb -rpx Microblaze_task_wrapper_power_routed.rpx
| Design           : Microblaze_task_wrapper
| Device           : xc7a100tcsg324-1
| Design State     : routed
| Grade            : commercial
| Process          : typical
| Characterization : Production
-------------------------------------------------------------------------------------------------------------------------------------------------------------------------------------------

Power Report

Table of Contents
-----------------
1. Summary
1.1 On-Chip Components
1.2 Power Supply Summary
1.3 Confidence Level
2. Settings
2.1 Environment
2.2 Clock Constraints
3. Detailed Reports
3.1 By Hierarchy

1. Summary
----------

+--------------------------+--------------+
| Total On-Chip Power (W)  | 0.223        |
| Design Power Budget (W)  | Unspecified* |
| Power Budget Margin (W)  | NA           |
| Dynamic (W)              | 0.124        |
| Device Static (W)        | 0.099        |
| Effective TJA (C/W)      | 4.6          |
| Max Ambient (C)          | 84.0         |
| Junction Temperature (C) | 26.0         |
| Confidence Level         | Medium       |
| Setting File             | ---          |
| Simulation Activity File | ---          |
| Design Nets Matched      | NA           |
+--------------------------+--------------+
* Specify Design Power Budget using, set_operating_conditions -design_power_budget <value in Watts>


1.1 On-Chip Components
----------------------

+--------------------------+-----------+----------+-----------+-----------------+
| On-Chip                  | Power (W) | Used     | Available | Utilization (%) |
+--------------------------+-----------+----------+-----------+-----------------+
| Clocks                   |     0.009 |       10 |       --- |             --- |
| Slice Logic              |     0.003 |     4175 |       --- |             --- |
|   LUT as Logic           |     0.002 |     1346 |     63400 |            2.12 |
|   LUT as Distributed RAM |    <0.001 |       96 |     19000 |            0.51 |
|   CARRY4                 |    <0.001 |       38 |     15850 |            0.24 |
|   Register               |    <0.001 |     1537 |    126800 |            1.21 |
|   F7/F8 Muxes            |    <0.001 |      109 |     63400 |            0.17 |
|   LUT as Shift Register  |    <0.001 |       74 |     19000 |            0.39 |
|   Others                 |    <0.001 |      528 |       --- |             --- |
| Signals                  |     0.006 |     2790 |       --- |             --- |
| Block RAM                |    <0.001 |       32 |       135 |           23.70 |
| MMCM                     |     0.106 |        1 |         6 |           16.67 |
| I/O                      |    <0.001 |        4 |       210 |            1.90 |
| Static Power             |     0.099 |          |           |                 |
| Total                    |     0.223 |          |           |                 |
+--------------------------+-----------+----------+-----------+-----------------+


1.2 Power Supply Summary
------------------------

+-----------+-------------+-----------+-------------+------------+-------------+-------------+------------+
| Source    | Voltage (V) | Total (A) | Dynamic (A) | Static (A) | Powerup (A) | Budget (A)  | Margin (A) |
+-----------+-------------+-----------+-------------+------------+-------------+-------------+------------+
| Vccint    |       1.000 |     0.035 |       0.019 |      0.016 |       NA    | Unspecified | NA         |
| Vccaux    |       1.800 |     0.077 |       0.059 |      0.018 |       NA    | Unspecified | NA         |
| Vcco33    |       3.300 |     0.004 |       0.000 |      0.004 |       NA    | Unspecified | NA         |
| Vcco25    |       2.500 |     0.000 |       0.000 |      0.000 |       NA    | Unspecified | NA         |
| Vcco18    |       1.800 |     0.000 |       0.000 |      0.000 |       NA    | Unspecified | NA         |
| Vcco15    |       1.500 |     0.000 |       0.000 |      0.000 |       NA    | Unspecified | NA         |
| Vcco135   |       1.350 |     0.000 |       0.000 |      0.000 |       NA    | Unspecified | NA         |
| Vcco12    |       1.200 |     0.000 |       0.000 |      0.000 |       NA    | Unspecified | NA         |
| Vccaux_io |       1.800 |     0.000 |       0.000 |      0.000 |       NA    | Unspecified | NA         |
| Vccbram   |       1.000 |     0.001 |       0.000 |      0.001 |       NA    | Unspecified | NA         |
| MGTAVcc   |       1.000 |     0.000 |       0.000 |      0.000 |       NA    | Unspecified | NA         |
| MGTAVtt   |       1.200 |     0.000 |       0.000 |      0.000 |       NA    | Unspecified | NA         |
| Vccadc    |       1.800 |     0.020 |       0.000 |      0.020 |       NA    | Unspecified | NA         |
+-----------+-------------+-----------+-------------+------------+-------------+-------------+------------+


1.3 Confidence Level
--------------------

+-----------------------------+------------+-------------------------------------------------------+------------------------------------------------------------------------------------------------------------+
| User Input Data             | Confidence | Details                                               | Action                                                                                                     |
+-----------------------------+------------+-------------------------------------------------------+------------------------------------------------------------------------------------------------------------+
| Design implementation state | High       | Design is routed                                      |                                                                                                            |
| Clock nodes activity        | High       | User specified more than 95% of clocks                |                                                                                                            |
| I/O nodes activity          | Medium     | More than 5% of inputs are missing user specification | Provide missing input activity with simulation results or by editing the "By Resource Type -> I/Os" view   |
| Internal nodes activity     | Medium     | User specified less than 25% of internal nodes        | Provide missing internal nodes activity with simulation results or by editing the "By Resource Type" views |
| Device models               | High       | Device models are Production                          |                                                                                                            |
|                             |            |                                                       |                                                                                                            |
| Overall confidence level    | Medium     |                                                       |                                                                                                            |
+-----------------------------+------------+-------------------------------------------------------+------------------------------------------------------------------------------------------------------------+


2. Settings
-----------

2.1 Environment
---------------

+-----------------------+--------------------------+
| Ambient Temp (C)      | 25.0                     |
| ThetaJA (C/W)         | 4.6                      |
| Airflow (LFM)         | 250                      |
| Heat Sink             | medium (Medium Profile)  |
| ThetaSA (C/W)         | 4.6                      |
| Board Selection       | medium (10"x10")         |
| # of Board Layers     | 12to15 (12 to 15 Layers) |
| Board Temperature (C) | 25.0                     |
+-----------------------+--------------------------+


2.2 Clock Constraints
---------------------

+-------------------------------------------------------------------+-----------------------------------------------------------------------+-----------------+
| Clock                                                             | Domain                                                                | Constraint (ns) |
+-------------------------------------------------------------------+-----------------------------------------------------------------------+-----------------+
| Microblaze_task_i/mdm_1/U0/Use_E2.BSCAN_I/Use_E2.BSCANE2_I/DRCK   | Microblaze_task_i/mdm_1/U0/Use_E2.BSCAN_I/DRCK                        |            33.3 |
| Microblaze_task_i/mdm_1/U0/Use_E2.BSCAN_I/Use_E2.BSCANE2_I/UPDATE | Microblaze_task_i/mdm_1/U0/Use_E2.BSCAN_I/Dbg_Update_0                |            33.3 |
| clk_out1_Microblaze_task_clk_wiz_1_0                              | Microblaze_task_i/clk_wiz_1/inst/clk_out1_Microblaze_task_clk_wiz_1_0 |            10.0 |
| clk_out1_Microblaze_task_clk_wiz_1_0_1                            | Microblaze_task_i/clk_wiz_1/inst/clk_out1_Microblaze_task_clk_wiz_1_0 |            10.0 |
| clkfbout_Microblaze_task_clk_wiz_1_0                              | Microblaze_task_i/clk_wiz_1/inst/clkfbout_Microblaze_task_clk_wiz_1_0 |            10.0 |
| clkfbout_Microblaze_task_clk_wiz_1_0_1                            | Microblaze_task_i/clk_wiz_1/inst/clkfbout_Microblaze_task_clk_wiz_1_0 |            10.0 |
| sys_clk_pin                                                       | sys_clock                                                             |            10.0 |
| sys_clock                                                         | sys_clock                                                             |            10.0 |
+-------------------------------------------------------------------+-----------------------------------------------------------------------+-----------------+


3. Detailed Reports
-------------------

3.1 By Hierarchy
----------------

+---------------------------+-----------+
| Name                      | Power (W) |
+---------------------------+-----------+
| Microblaze_task_wrapper   |     0.124 |
|   Microblaze_task_i       |     0.124 |
|     clk_wiz_1             |     0.106 |
|       inst                |     0.106 |
|     microblaze_0          |     0.014 |
|       U0                  |     0.014 |
|     microblaze_0_axi_intc |     0.001 |
|       U0                  |     0.001 |
+---------------------------+-----------+


