Copyright 1986-2022 Xilinx, Inc. All Rights Reserved. Copyright 2022-2025 Advanced Micro Devices, Inc. All Rights Reserved.
-----------------------------------------------------------------------------------------------------------------------------------------------------------------------------------------------
| Tool Version : Vivado v.2025.1 (win64) Build 6140274 Thu May 22 00:12:29 MDT 2025
| Date         : Tue Jan 13 13:46:26 2026
| Host         : DESKTOP-QB50QQD running 64-bit major release  (build 9200)
| Command      : report_methodology -file tmp3_system_wrapper_methodology_drc_routed.rpt -pb tmp3_system_wrapper_methodology_drc_routed.pb -rpx tmp3_system_wrapper_methodology_drc_routed.rpx
| Design       : tmp3_system_wrapper
| Device       : xc7a100tcsg324-1
| Speed File   : -1
| Design State : Fully Routed
-----------------------------------------------------------------------------------------------------------------------------------------------------------------------------------------------

Report Methodology

Table of Contents
-----------------
1. REPORT SUMMARY
2. REPORT DETAILS

1. REPORT SUMMARY
-----------------
            Netlist: netlist
          Floorplan: checkpoint_tmp3_system_wrapper
      Design limits: <entire design considered>
             Max checks: <unlimited>
             Checks found: 25
+-----------+------------------+------------------------------------------------------------------+--------+
| Rule      | Severity         | Description                                                      | Checks |
+-----------+------------------+------------------------------------------------------------------+--------+
| TIMING-6  | Critical Warning | No common primary clock between related clocks                   | 2      |
| LUTAR-1   | Warning          | LUT drives async reset alert                                     | 1      |
| TIMING-9  | Warning          | Unknown CDC Logic                                                | 1      |
| TIMING-18 | Warning          | Missing input or output delay                                    | 19     |
| TIMING-56 | Warning          | Missing logically or physically excluded clock groups constraint | 2      |
+-----------+------------------+------------------------------------------------------------------+--------+

2. REPORT DETAILS
-----------------
TIMING-6#1 Critical Warning
No common primary clock between related clocks  
The clocks clk_out1_tmp3_system_clk_wiz_1_0 and clk_out1_tmp3_system_clk_wiz_1_0_1 are related (timed together) but they have no common primary clock. The design could fail in hardware. To find a timing path between these clocks, run the following command: report_timing -from [get_clocks clk_out1_tmp3_system_clk_wiz_1_0] -to [get_clocks clk_out1_tmp3_system_clk_wiz_1_0_1]
Related violations: <none>

TIMING-6#2 Critical Warning
No common primary clock between related clocks  
The clocks clk_out1_tmp3_system_clk_wiz_1_0_1 and clk_out1_tmp3_system_clk_wiz_1_0 are related (timed together) but they have no common primary clock. The design could fail in hardware. To find a timing path between these clocks, run the following command: report_timing -from [get_clocks clk_out1_tmp3_system_clk_wiz_1_0_1] -to [get_clocks clk_out1_tmp3_system_clk_wiz_1_0]
Related violations: <none>

LUTAR-1#1 Warning
LUT drives async reset alert  
LUT cell tmp3_system_i/mdm_1/U0/MDM_Core_I1/JTAG_CONTROL_I/sel_n_i_2, with 2 or more inputs, drives asynchronous preset/clear pin(s) tmp3_system_i/mdm_1/U0/MDM_Core_I1/JTAG_CONTROL_I/sel_n_reg/PRE. The LUT may glitch and trigger an unexpected reset, even if it is a properly timed path.
Related violations: <none>

TIMING-9#1 Warning
Unknown CDC Logic  
One or more asynchronous Clock Domain Crossing has been detected between 2 clock domains through a set_false_path or a set_clock_groups or set_max_delay -datapath_only constraint but no double-registers logic synchronizer has been found on the side of the capture clock. It is recommended to run report_cdc for a complete and detailed CDC coverage. Please consider using XPM_CDC to avoid Critical severities
Related violations: <none>

TIMING-18#1 Warning
Missing input or output delay  
An input delay is missing on TMP3_scl_tri_io[0] relative to the rising and/or falling clock edge(s) of clk_100MHz, sys_clk_pin.
Related violations: <none>

TIMING-18#2 Warning
Missing input or output delay  
An input delay is missing on TMP3_scl_tri_io[1] relative to the rising and/or falling clock edge(s) of clk_100MHz, sys_clk_pin.
Related violations: <none>

TIMING-18#3 Warning
Missing input or output delay  
An input delay is missing on TMP3_scl_tri_io[2] relative to the rising and/or falling clock edge(s) of clk_100MHz, sys_clk_pin.
Related violations: <none>

TIMING-18#4 Warning
Missing input or output delay  
An input delay is missing on TMP3_scl_tri_io[3] relative to the rising and/or falling clock edge(s) of clk_100MHz, sys_clk_pin.
Related violations: <none>

TIMING-18#5 Warning
Missing input or output delay  
An input delay is missing on TMP3_sda_tri_io[0] relative to the rising and/or falling clock edge(s) of clk_100MHz, sys_clk_pin.
Related violations: <none>

TIMING-18#6 Warning
Missing input or output delay  
An input delay is missing on TMP3_sda_tri_io[1] relative to the rising and/or falling clock edge(s) of clk_100MHz, sys_clk_pin.
Related violations: <none>

TIMING-18#7 Warning
Missing input or output delay  
An input delay is missing on TMP3_sda_tri_io[2] relative to the rising and/or falling clock edge(s) of clk_100MHz, sys_clk_pin.
Related violations: <none>

TIMING-18#8 Warning
Missing input or output delay  
An input delay is missing on TMP3_sda_tri_io[3] relative to the rising and/or falling clock edge(s) of clk_100MHz, sys_clk_pin.
Related violations: <none>

TIMING-18#9 Warning
Missing input or output delay  
An input delay is missing on UART_rxd relative to the rising and/or falling clock edge(s) of clk_100MHz, sys_clk_pin.
Related violations: <none>

TIMING-18#10 Warning
Missing input or output delay  
An input delay is missing on reset_rtl_0 relative to the rising and/or falling clock edge(s) of clk_100MHz, sys_clk_pin.
Related violations: <none>

TIMING-18#11 Warning
Missing input or output delay  
An output delay is missing on TMP3_scl_tri_io[0] relative to the rising and/or falling clock edge(s) of clk_100MHz, sys_clk_pin.
Related violations: <none>

TIMING-18#12 Warning
Missing input or output delay  
An output delay is missing on TMP3_scl_tri_io[1] relative to the rising and/or falling clock edge(s) of clk_100MHz, sys_clk_pin.
Related violations: <none>

TIMING-18#13 Warning
Missing input or output delay  
An output delay is missing on TMP3_scl_tri_io[2] relative to the rising and/or falling clock edge(s) of clk_100MHz, sys_clk_pin.
Related violations: <none>

TIMING-18#14 Warning
Missing input or output delay  
An output delay is missing on TMP3_scl_tri_io[3] relative to the rising and/or falling clock edge(s) of clk_100MHz, sys_clk_pin.
Related violations: <none>

TIMING-18#15 Warning
Missing input or output delay  
An output delay is missing on TMP3_sda_tri_io[0] relative to the rising and/or falling clock edge(s) of clk_100MHz, sys_clk_pin.
Related violations: <none>

TIMING-18#16 Warning
Missing input or output delay  
An output delay is missing on TMP3_sda_tri_io[1] relative to the rising and/or falling clock edge(s) of clk_100MHz, sys_clk_pin.
Related violations: <none>

TIMING-18#17 Warning
Missing input or output delay  
An output delay is missing on TMP3_sda_tri_io[2] relative to the rising and/or falling clock edge(s) of clk_100MHz, sys_clk_pin.
Related violations: <none>

TIMING-18#18 Warning
Missing input or output delay  
An output delay is missing on TMP3_sda_tri_io[3] relative to the rising and/or falling clock edge(s) of clk_100MHz, sys_clk_pin.
Related violations: <none>

TIMING-18#19 Warning
Missing input or output delay  
An output delay is missing on UART_txd relative to the rising and/or falling clock edge(s) of clk_100MHz, sys_clk_pin.
Related violations: <none>

TIMING-56#1 Warning
Missing logically or physically excluded clock groups constraint  
Multiple clocks are user generated or auto-derived on the source pin tmp3_system_i/clk_wiz_1/inst/mmcm_adv_inst/CLKFBOUT but are not logically or physically exclusive with respect to one another. To have the static timing analysis match the behavior in hardware, there cannot be multiple clocks generated on the same pin and when such situation occurs, the clocks should be defined as physically or logically exclusive. The list of clocks generated on the source pin is: clkfbout_tmp3_system_clk_wiz_1_0, clkfbout_tmp3_system_clk_wiz_1_0_1
Related violations: <none>

TIMING-56#2 Warning
Missing logically or physically excluded clock groups constraint  
Multiple clocks are user generated or auto-derived on the source pin tmp3_system_i/clk_wiz_1/inst/mmcm_adv_inst/CLKOUT0 but are not logically or physically exclusive with respect to one another. To have the static timing analysis match the behavior in hardware, there cannot be multiple clocks generated on the same pin and when such situation occurs, the clocks should be defined as physically or logically exclusive. The list of clocks generated on the source pin is: clk_out1_tmp3_system_clk_wiz_1_0, clk_out1_tmp3_system_clk_wiz_1_0_1
Related violations: <none>


