12:50:14 INFO  : updated workspace path: C:\Users\User\Documents\GitHub\AHE_Group_G\Project_workspace
12:50:15 INFO  : Embedded Template List generated successfully
12:50:15 INFO  : cmd.exe, /C, empyro.bat repo -st   C:\Xilinx\2025.1\Vitis\data\embeddedsw
12:50:17 INFO  : [INFO]: Initializing repositories
12:50:17 INFO  : [INFO]: Successfully set the EmbeddedSW path, refer .repo.yaml for more details.
12:50:17 INFO  : Successfully created repository data at C:\Users\User\Documents\GitHub\AHE_Group_G\Project_workspace/_ide\.wsdata
12:50:17 INFO  : cmd.exe, /C, empyro.bat get_template_data -d C:\Users\User\AppData\Local\Temp\rigel_lopper_User2624121721526555256 -r C:\Users\User\Documents\GitHub\AHE_Group_G\Project_workspace\_ide\.wsdata\.repo.yaml
12:50:18 INFO  : Embedded Template List generated successfully
12:50:37 INFO  : connection terminated
12:50:37 INFO  : connection terminated
12:50:37 INFO  : scheduling shutdown timer for 2 seconds ...
12:50:39 INFO  : Terminating Vitis C++ Server
12:50:39 INFO  : Vitis C++ Server terminated
12:52:03 INFO  : updated workspace path: C:\Users\User\Documents\GitHub\AHE_Group_G\Project_workspace
12:52:05 INFO  : [INFO]: Initializing repositories
12:52:05 INFO  : [INFO]: Successfully set the EmbeddedSW path, refer .repo.yaml for more details.
12:52:05 INFO  : Successfully created repository data at C:\Users\User\AppData\Local\Temp\rigel_lopper_User8133625277555789728
12:52:05 INFO  : cmd.exe, /C, empyro.bat get_template_data -d C:\Users\User\AppData\Local\Temp\rigel_lopper_User3583692445147225709 -r C:\Users\User\AppData\Local\Temp\rigel_lopper_User8133625277555789728\.repo.yaml
12:52:06 INFO  : Embedded Template List generated successfully
12:52:06 INFO  : cmd.exe, /C, empyro.bat get_template_data -d C:\Users\User\AppData\Local\Temp\rigel_lopper_User2694669366110679804 -r C:\Users\User\Documents\GitHub\AHE_Group_G\Project_workspace\_ide\.wsdata\.repo.yaml
12:52:07 INFO  : Embedded Template List generated successfully
12:53:38 INFO  : Using sdt generation script from C:\Xilinx\2025.1\Vitis\vitis-server\scripts\platformutil.tcl
12:53:38 INFO  : cmd.exe, /C, sdtgen.bat C:\Xilinx\2025.1\Vitis\vitis-server\scripts\platformutil.tcl C:\Users\User\Documents\GitHub\Hardware_vhdl_ip_files\nexys_tmp3_hw\nexys_tmp3_wrapper.xsa C:\Users\User\Documents\GitHub\AHE_Group_G\Project_workspace\.rigel_lopper_temp_platform\nexys_tmp3_wrapper\hw\sdt
12:53:47 INFO  : -xsa C:\Users\User\Documents\GitHub\Hardware_vhdl_ip_files\nexys_tmp3_hw\nexys_tmp3_wrapper.xsa
12:53:47 INFO  : -dir C:\Users\User\Documents\GitHub\AHE_Group_G\Project_workspace\.rigel_lopper_temp_platform\nexys_tmp3_wrapper\hw\sdt
12:53:47 INFO  : -board_dts 
12:53:47 INFO  : -include_dts 
12:53:47 INFO  : -repo C:/Xilinx/2025.1/Vitis/data/system-device-tree-xlnx
12:53:47 INFO  : -zocl disable
12:53:47 INFO  : INFO: [Hsi 55-2053] elapsed time for repository (C:/Xilinx/2025.1/Vitis/data/embeddedsw) loading 4 seconds
12:53:47 INFO  : SDT generated successfully
12:53:47 INFO  : Lopper command for cpu List generation: lopper.bat --enhanced --werror -f -O C:\Users\User\Documents\GitHub\AHE_Group_G\Project_workspace\.rigel_lopper -i lop-cpu-oslist.dts C:\Users\User\Documents\GitHub\AHE_Group_G\Project_workspace\.rigel_lopper_temp_platform\nexys_tmp3_wrapper\hw\sdt\system-top.dts
12:53:47 INFO  : cmd.exe, /C, lopper.bat --enhanced --werror -f -O C:\Users\User\Documents\GitHub\AHE_Group_G\Project_workspace\.rigel_lopper -i lop-cpu-oslist.dts C:\Users\User\Documents\GitHub\AHE_Group_G\Project_workspace\.rigel_lopper_temp_platform\nexys_tmp3_wrapper\hw\sdt\system-top.dts
12:53:49 INFO  : CPU List generated successfully
12:53:55 INFO  : Platform Nexys_TMP3_Platform creation started.
12:53:55 INFO  : Lopper command for cpu List generation: lopper.bat --enhanced --werror -f -O C:\Users\User\Documents\GitHub\AHE_Group_G\Project_workspace\.rigel_lopper -i lop-cpu-oslist.dts C:\Users\User\Documents\GitHub\AHE_Group_G\Project_workspace\Nexys_TMP3_Platform\hw\sdt\system-top.dts
12:53:55 INFO  : cmd.exe, /C, lopper.bat --enhanced --werror -f -O C:\Users\User\Documents\GitHub\AHE_Group_G\Project_workspace\.rigel_lopper -i lop-cpu-oslist.dts C:\Users\User\Documents\GitHub\AHE_Group_G\Project_workspace\Nexys_TMP3_Platform\hw\sdt\system-top.dts
12:53:56 INFO  : CPU List generated successfully
12:53:56 INFO  : SDT generated successfully.
12:53:56 INFO  : created .gitignore file for the project C:\Users\User\Documents\GitHub\AHE_Group_G\Project_workspace\Nexys_TMP3_Platform
12:53:56 INFO  : lopper command to generate BSP :empyro.bat create_bsp -w C:\Users\User\Documents\GitHub\AHE_Group_G\Project_workspace\Nexys_TMP3_Platform\microblaze_0\standalone_microblaze_0\bsp -p microblaze_0 -o standalone -s C:\Users\User\Documents\GitHub\AHE_Group_G\Project_workspace\Nexys_TMP3_Platform\hw\sdt\system-top.dts -t empty_application -r C:\Users\User\Documents\GitHub\AHE_Group_G\Project_workspace\_ide\.wsdata\.repo.yaml
12:53:56 INFO  : cmd.exe, /C, empyro.bat create_bsp -w C:\Users\User\Documents\GitHub\AHE_Group_G\Project_workspace\Nexys_TMP3_Platform\microblaze_0\standalone_microblaze_0\bsp -p microblaze_0 -o standalone -s C:\Users\User\Documents\GitHub\AHE_Group_G\Project_workspace\Nexys_TMP3_Platform\hw\sdt\system-top.dts -t empty_application -r C:\Users\User\Documents\GitHub\AHE_Group_G\Project_workspace\_ide\.wsdata\.repo.yaml
12:54:10 INFO  : [INFO]: Starting domain creation
12:54:10 INFO  : [INFO]: Generating Domain-specific DTS for microblaze_0
12:54:10 INFO  : [INFO]: Generating required metadata from domain specific DT
12:54:10 INFO  : [INFO]: Successfully created Domain at C:\Users\User\Documents\GitHub\AHE_Group_G\Project_workspace\Nexys_TMP3_Platform\microblaze_0\standalone_microblaze_0\bsp
12:54:10 INFO  : Successfully Generated Domain C:\Users\User\Documents\GitHub\AHE_Group_G\Project_workspace\Nexys_TMP3_Platform\microblaze_0\standalone_microblaze_0\bsp
12:54:10 INFO  : Domain standalone_microblaze_0 added successfully.
12:54:10 INFO  : Platform creation finished successfully.
12:54:10 INFO  : Platform Quick Build initiated.
12:54:10 INFO  : Generating Export directory
12:54:10 INFO  : Generated platform metadata for creating application(s) based on platform Nexys_TMP3_Platform.
12:54:18 INFO  : BSP build will be initiated for Domain standalone_microblaze_0
12:54:18 INFO  : Generating BSP for the domain C:\Users\User\Documents\GitHub\AHE_Group_G\Project_workspace\Nexys_TMP3_Platform\microblaze_0\standalone_microblaze_0\bsp
12:54:18 INFO  : lopper command to reconfigure BSP :empyro.bat reconfig_bsp -d C:\Users\User\Documents\GitHub\AHE_Group_G\Project_workspace\Nexys_TMP3_Platform\microblaze_0\standalone_microblaze_0\bsp
12:54:18 INFO  : cmd.exe, /C, empyro.bat reconfig_bsp -d C:\Users\User\Documents\GitHub\AHE_Group_G\Project_workspace\Nexys_TMP3_Platform\microblaze_0\standalone_microblaze_0\bsp
12:54:18 INFO  : Domain reconfigured successfully
12:54:18 INFO  : Generating BSP for the domain C:\Users\User\Documents\GitHub\AHE_Group_G\Project_workspace\Nexys_TMP3_Platform\microblaze_0\standalone_microblaze_0\bsp
12:54:18 INFO  : lopper command to build BSP :empyro.bat build_bsp -d C:\Users\User\Documents\GitHub\AHE_Group_G\Project_workspace\Nexys_TMP3_Platform\microblaze_0\standalone_microblaze_0\bsp
12:54:18 INFO  : cmd.exe, /C, empyro.bat build_bsp -d C:\Users\User\Documents\GitHub\AHE_Group_G\Project_workspace\Nexys_TMP3_Platform\microblaze_0\standalone_microblaze_0\bsp
12:54:22 INFO  : Domain build successfully
12:54:22 INFO  : Generating Export directory
12:54:22 INFO  : Platform Build Finished successfully.
12:59:00 INFO  : cmd.exe, /C, empyro.bat validate_bsp -t hello_world -d C:\Users\User\Documents\GitHub\AHE_Group_G\Project_workspace\Nexys_TMP3_Platform\export\Nexys_TMP3_Platform\sw\standalone_microblaze_0 -r C:\Users\User\Documents\GitHub\AHE_Group_G\Project_workspace\_ide\.wsdata\.repo.yaml
12:59:03 ERROR : [baremetal_validate_comp_xlnx.py][ERROR]: ERROR: hello_world requires at least one serial hardware instance to be present
12:59:03 ERROR : ERROR: hello_world requires at least one serial hardware instance to be present
12:59:03 ERROR : [ERROR]: Command 'lopper -O C:\Users\User\Documents\GitHub\AHE_Group_G\Project_workspace\Nexys_TMP3_Platform\export\Nexys_TMP3_Platform\sw\standalone_microblaze_0 -i C:\Users\User\Documents\GitHub\AHE_Group_G\Project_workspace\Nexys_TMP3_Platform\export\Nexys_TMP3_Platform\sw\standalone_microblaze_0\lop-config.dts -f C:\Users\User\Documents\GitHub\AHE_Group_G\Project_workspace\Nexys_TMP3_Platform\export\Nexys_TMP3_Platform\sw\standalone_microblaze_0\hw_artifacts\microblaze_0_baremetal.dts' returned non-zero exit status 1.
12:59:03 ERROR : [ERROR]: HW validation assist failed
12:59:03 ERROR : Invalid Template  'hello_world' selected for Domain 'standalone_microblaze_0'.
20:41:59 INFO  : cmd.exe, /C, empyro.bat get_template_data -d C:\Users\User\AppData\Local\Temp\rigel_lopper_User15888320481656608011 -r C:\Users\User\Documents\GitHub\AHE_Group_G\Project_workspace\_ide\.wsdata\.repo.yaml
20:42:00 INFO  : created .gitignore file for the project C:\Users\User\Documents\GitHub\AHE_Group_G\Project_Work\Vitis_workspace
