#-----------------------------------------------------------
# Vivado v2023.2.2 (64-bit)
# SW Build 4126759 on Thu Feb  8 23:53:51 MST 2024
# IP Build 4126054 on Fri Feb  9 11:39:09 MST 2024
# SharedData Build 4115275 on Tue Jan 30 00:40:57 MST 2024
# Start of session at: Wed Nov 20 23:55:18 2024
# Process ID: 17588
# Current directory: C:/Users/Kashif/Desktop/WS2024/EMP 2/LAB/PROJECT/Microblaze_and_other_IPs.runs/impl_1
# Command line: vivado.exe -log PMOD_IPs_wrapper.vdi -applog -product Vivado -messageDb vivado.pb -mode batch -source PMOD_IPs_wrapper.tcl -notrace
# Log file: C:/Users/Kashif/Desktop/WS2024/EMP 2/LAB/PROJECT/Microblaze_and_other_IPs.runs/impl_1/PMOD_IPs_wrapper.vdi
# Journal file: C:/Users/Kashif/Desktop/WS2024/EMP 2/LAB/PROJECT/Microblaze_and_other_IPs.runs/impl_1\vivado.jou
# Running On: DESKTOP-4ADHA59, OS: Windows, CPU Frequency: 2712 MHz, CPU Physical cores: 2, Host memory: 8376 MB
#-----------------------------------------------------------
source PMOD_IPs_wrapper.tcl -notrace
