2026-01-07T17:32:43.373818100255-17:32:43 **** Build of project TMP3_Platform_J ****
000-buildplatform.bat 59920 TMP3_Platform_J  
000-XSDB Server Channel: tcfchan#77
000-Building the BSP Library for domain  - standalone_domain on processor microblaze_0
000-make --no-print-directory seq_libs
000-
000-"Running Make include in microblaze_0/libsrc/bram_v4_7/src"
000-
000-make -C microblaze_0/libsrc/bram_v4_7/src -s include  "SHELL=CMD" "COMPILER=mb-gcc" "ASSEMBLER=mb-as" "ARCHIVER=mb-ar" "COMPILE
000-R_FLAGS=  -O2 -c -mcpu=v11.0 -mlittle-endian -mxl-soft-mul" "EXTRA_COMPILER_FLAGS=-g -ffunction-sections -fdata-sections -Wall 
000--Wextra -fno-tree-loop-distribute-patterns"
000-
000-"Running Make include in microblaze_0/libsrc/cpu_v2_14/src"
000-
000-make -C microblaze_0/libsrc/cpu_v2_14/src -s include  "SHELL=CMD" "COMPILER=mb-gcc" "ASSEMBLER=mb-as" "ARCHIVER=mb-ar" "COMPILE
000-R_FLAGS=  -O2 -c -mcpu=v11.0 -mlittle-endian -mxl-soft-mul" "EXTRA_COMPILER_FLAGS=-g -ffunction-sections -fdata-sections -Wall 
000--Wextra -fno-tree-loop-distribute-patterns"
000-
000-"Running Make include in microblaze_0/libsrc/intc_v3_13/src"
000-
000-make -C microblaze_0/libsrc/intc_v3_13/src -s include  "SHELL=CMD" "COMPILER=mb-gcc" "ASSEMBLER=mb-as" "ARCHIVER=mb-ar" "COMPIL
000-ER_FLAGS=  -O2 -c -mcpu=v11.0 -mlittle-endian -mxl-soft-mul" "EXTRA_COMPILER_FLAGS=-g -ffunction-sections -fdata-sections -Wall
000- -Wextra -fno-tree-loop-distribute-patterns"
000-
000-"Running Make include in microblaze_0/libsrc/PmodTMP3_v1_0/src"
000-
000-make -C microblaze_0/libsrc/PmodTMP3_v1_0/src -s include  "SHELL=CMD" "COMPILER=mb-gcc" "ASSEMBLER=mb-as" "ARCHIVER=mb-ar" "COM
000-PILER_FLAGS=  -O2 -c -mcpu=v11.0 -mlittle-endian -mxl-soft-mul" "EXTRA_COMPILER_FLAGS=-g -ffunction-sections -fdata-sections -W
000-all -Wextra -fno-tree-loop-distribute-patterns"
000-
000-"Running Make include in microblaze_0/libsrc/standalone_v7_6/src"
000-
000-make -C microblaze_0/libsrc/standalone_v7_6/src -s include  "SHELL=CMD" "COMPILER=mb-gcc" "ASSEMBLER=mb-as" "ARCHIVER=mb-ar" "C
000-OMPILER_FLAGS=  -O2 -c -mcpu=v11.0 -mlittle-endian -mxl-soft-mul" "EXTRA_COMPILER_FLAGS=-g -ffunction-sections -fdata-sections 
000--Wall -Wextra -fno-tree-loop-distribute-patterns"
000-
000-"Running Make include in microblaze_0/libsrc/uartlite_v3_6/src"
000-
000-make -C microblaze_0/libsrc/uartlite_v3_6/src -s include  "SHELL=CMD" "COMPILER=mb-gcc" "ASSEMBLER=mb-as" "ARCHIVER=mb-ar" "COM
000-PILER_FLAGS=  -O2 -c -mcpu=v11.0 -mlittle-endian -mxl-soft-mul" "EXTRA_COMPILER_FLAGS=-g -ffunction-sections -fdata-sections -W
000-all -Wextra -fno-tree-loop-distribute-patterns"
000-
000-"Running Make libs in microblaze_0/libsrc/PmodTMP3_v1_0/src"
000-
000-make -C microblaze_0/libsrc/PmodTMP3_v1_0/src -s libs  "SHELL=CMD" "COMPILER=mb-gcc" "ASSEMBLER=mb-as" "ARCHIVER=mb-ar" "COMPIL
000-ER_FLAGS=  -O2 -c -mcpu=v11.0 -mlittle-endian -mxl-soft-mul" "EXTRA_COMPILER_FLAGS=-g -ffunction-sections -fdata-sections -Wall
000- -Wextra -fno-tree-loop-distribute-patterns"
000-
000-"Compiling PmodTMP3"
000-
000-In file included from xiic.h:324,
000-                 from PmodTMP3.h:29,
000-                 from PmodTMP3.c:26:
000-PmodTMP3.c: In function 'TMP3_IICInit':
000/TMP3_Platform_J299-1-1passing argument 1 of 'Xil_Out32' makes integer from pointer without a cast [-Wint-conversion]1-xiic_l.h:299:27: warning: passing argument 1 of 'Xil_Out32' makes integer from pointer without a cast [-Wint-conversion]
000-  299 |  XIic_Out32((BaseAddress) + (RegOffset), (RegisterValue))
000-      |             ~~~~~~~~~~~~~~^~~~~~~~~~~~~
000-      |                           |
000-      |                           XIic *
000/TMP3_Platform_J316-1-1in expansion of macro 'XIic_WriteReg'0-xiic_l.h:316:2: note: in expansion of macro 'XIic_WriteReg'
000-  316 |  XIic_WriteReg((BaseAddress), XIIC_DGIER_OFFSET, 0)
000-      |  ^~~~~~~~~~~~~
000/TMP3_Platform_J115-1-1in expansion of macro 'XIic_IntrGlobalDisable'0-PmodTMP3.c:115:4: note: in expansion of macro 'XIic_IntrGlobalDisable'
000-  115 |    XIic_IntrGlobalDisable(IicInstancePtr);
000-      |    ^~~~~~~~~~~~~~~~~~~~~~
000-In file included from xiic_l.h:97,
000-                 from xiic.h:324,
000-                 from PmodTMP3.h:29,
000-                 from PmodTMP3.c:26:
000/TMP3_Platform_J/microblaze_0/standalone_domain/bsp/microblaze_0/include/xil_io.h208-1-1expected 'UINTPTR' {aka 'unsigned int'} but argument is of type 'XIic *'0-../../../include/xil_io.h:208:38: note: expected 'UINTPTR' {aka 'unsigned int'} but argument is of type 'XIic *'
000-  208 | static INLINE void Xil_Out32(UINTPTR Addr, u32 Value)
000-      |                              ~~~~~~~~^~~~
000-mb-ar: creating ../../../lib/libxil.a
000-'Finished building libraries sequentially.'
000-
000-make -j 14 --no-print-directory par_libs
000-
000-"Running Make include in microblaze_0/libsrc/bram_v4_7/src"
000-
000-make -C microblaze_0/libsrc/bram_v4_7/src -s include  "SHELL=CMD" "COMPILER=mb-gcc" "ASSEMBLER=mb-as" "ARCHIVER=mb-ar" "COMPILE
000-R_FLAGS=  -O2 -c -mcpu=v11.0 -mlittle-endian -mxl-soft-mul" "EXTRA_COMPILER_FLAGS=-g -ffunction-sections -fdata-sections -Wall 
000--Wextra -fno-tree-loop-distribute-patterns"
000-
000-"Running Make include in microblaze_0/libsrc/cpu_v2_14/src"
000-
000-make -C microblaze_0/libsrc/cpu_v2_14/src -s include  "SHELL=CMD" "COMPILER=mb-gcc" "ASSEMBLER=mb-as" "ARCHIVER=mb-ar" "COMPILE
000-R_FLAGS=  -O2 -c -mcpu=v11.0 -mlittle-endian -mxl-soft-mul" "EXTRA_COMPILER_FLAGS=-g -ffunction-sections -fdata-sections -Wall 
000--Wextra -fno-tree-loop-distribute-patterns"
000-
000-"Running Make include in microblaze_0/libsrc/intc_v3_13/src"
000-
000-make -C microblaze_0/libsrc/intc_v3_13/src -s include  "SHELL=CMD" "COMPILER=mb-gcc" "ASSEMBLER=mb-as" "ARCHIVER=mb-ar" "COMPIL
000-ER_FLAGS=  -O2 -c -mcpu=v11.0 -mlittle-endian -mxl-soft-mul" "EXTRA_COMPILER_FLAGS=-g -ffunction-sections -fdata-sections -Wall
000- -Wextra -fno-tree-loop-distribute-patterns"
000-
000-"Running Make include in microblaze_0/libsrc/PmodTMP3_v1_0/src"
000-
000-make -C microblaze_0/libsrc/PmodTMP3_v1_0/src -s include  "SHELL=CMD" "COMPILER=mb-gcc" "ASSEMBLER=mb-as" "ARCHIVER=mb-ar" "COM
000-PILER_FLAGS=  -O2 -c -mcpu=v11.0 -mlittle-endian -mxl-soft-mul" "EXTRA_COMPILER_FLAGS=-g -ffunction-sections -fdata-sections -W
000-all -Wextra -fno-tree-loop-distribute-patterns"
000-
000-"Running Make include in microblaze_0/libsrc/standalone_v7_6/src"
000-
000-make -C microblaze_0/libsrc/standalone_v7_6/src -s include  "SHELL=CMD" "COMPILER=mb-gcc" "ASSEMBLER=mb-as" "ARCHIVER=mb-ar" "C
000-OMPILER_FLAGS=  -O2 -c -mcpu=v11.0 -mlittle-endian -mxl-soft-mul" "EXTRA_COMPILER_FLAGS=-g -ffunction-sections -fdata-sections 
000--Wall -Wextra -fno-tree-loop-distribute-patterns"
000-
000-"Running Make include in microblaze_0/libsrc/uartlite_v3_6/src"
000-
000-make -C microblaze_0/libsrc/uartlite_v3_6/src -s include  "SHELL=CMD" "COMPILER=mb-gcc" "ASSEMBLER=mb-as" "ARCHIVER=mb-ar" "COM
000-PILER_FLAGS=  -O2 -c -mcpu=v11.0 -mlittle-endian -mxl-soft-mul" "EXTRA_COMPILER_FLAGS=-g -ffunction-sections -fdata-sections -W
000-all -Wextra -fno-tree-loop-distribute-patterns"
000-
000-"Running Make libs in microblaze_0/libsrc/bram_v4_7/src"
000-
000-make -C microblaze_0/libsrc/bram_v4_7/src -s libs  "SHELL=CMD" "COMPILER=mb-gcc" "ASSEMBLER=mb-as" "ARCHIVER=mb-ar" "COMPILER_F
000-LAGS=  -O2 -c -mcpu=v11.0 -mlittle-endian -mxl-soft-mul" "EXTRA_COMPILER_FLAGS=-g -ffunction-sections -fdata-sections -Wall -We
000-xtra -fno-tree-loop-distribute-patterns"
000-
000-"Running Make libs in microblaze_0/libsrc/cpu_v2_14/src"
000-
000-make -C microblaze_0/libsrc/cpu_v2_14/src -s libs  "SHELL=CMD" "COMPILER=mb-gcc" "ASSEMBLER=mb-as" "ARCHIVER=mb-ar" "COMPILER_F
000-LAGS=  -O2 -c -mcpu=v11.0 -mlittle-endian -mxl-soft-mul" "EXTRA_COMPILER_FLAGS=-g -ffunction-sections -fdata-sections -Wall -We
000-xtra -fno-tree-loop-distribute-patterns"
000-
000-"Running Make libs in microblaze_0/libsrc/intc_v3_13/src"
000-
000-make -C microblaze_0/libsrc/intc_v3_13/src -s libs  "SHELL=CMD" "COMPILER=mb-gcc" "ASSEMBLER=mb-as" "ARCHIVER=mb-ar" "COMPILER_
000-FLAGS=  -O2 -c -mcpu=v11.0 -mlittle-endian -mxl-soft-mul" "EXTRA_COMPILER_FLAGS=-g -ffunction-sections -fdata-sections -Wall -W
000-extra -fno-tree-loop-distribute-patterns"
000-
000-"Running Make libs in microblaze_0/libsrc/standalone_v7_6/src"
000-
000-make -C microblaze_0/libsrc/standalone_v7_6/src -s libs  "SHELL=CMD" "COMPILER=mb-gcc" "ASSEMBLER=mb-as" "ARCHIVER=mb-ar" "COMP
000-ILER_FLAGS=  -O2 -c -mcpu=v11.0 -mlittle-endian -mxl-soft-mul" "EXTRA_COMPILER_FLAGS=-g -ffunction-sections -fdata-sections -Wa
000-ll -Wextra -fno-tree-loop-distribute-patterns"
000-
000-"Running Make libs in microblaze_0/libsrc/uartlite_v3_6/src"
000-
000-make -C microblaze_0/libsrc/uartlite_v3_6/src -s libs  "SHELL=CMD" "COMPILER=mb-gcc" "ASSEMBLER=mb-as" "ARCHIVER=mb-ar" "COMPIL
000-ER_FLAGS=  -O2 -c -mcpu=v11.0 -mlittle-endian -mxl-soft-mul" "EXTRA_COMPILER_FLAGS=-g -ffunction-sections -fdata-sections -Wall
000- -Wextra -fno-tree-loop-distribute-patterns"
000-
000/TMP3_Platform_J73-1-1'#pragma message: For the sleep routines, assembly instructions are used'0-microblaze_sleep.c:73:9: note: '#pragma message: For the sleep routines, assembly instructions are used'
000-   73 | #pragma message ("For the sleep routines, assembly instructions are used")
000-      |         ^~~~~~~
000-"DEBUG NON_LTO_OBJECTS is ../../../lib/microblaze_interrupt_handler.o"
000-
000-'Finished building libraries parallelly.'
000-
000-make --no-print-directory archive
000-
000-mb-ar -r  microblaze_0/lib/libxil.a microblaze_0/lib/xplatform_info.o microblaze_0/lib/xuartlite.o microblaze_0/lib/microblaze_
000-disable_exceptions.o microblaze_0/lib/print.o microblaze_0/lib/_exit.o microblaze_0/lib/xil_testio.o microblaze_0/lib/microblaz
000-e_disable_dcache.o microblaze_0/lib/microblaze_flush_dcache_range.o microblaze_0/lib/microblaze_flush_cache_ext.o microblaze_0/
000-lib/xbram_sinit.o microblaze_0/lib/xil_misc_psreset_api.o microblaze_0/lib/xil_cache.o microblaze_0/lib/xil_util.o microblaze_0
000-/lib/inbyte.o microblaze_0/lib/xbram_g.o microblaze_0/lib/xuartlite_stats.o microblaze_0/lib/microblaze_exception_handler.o mic
000-roblaze_0/lib/microblaze_scrub.o microblaze_0/lib/microblaze_invalidate_dcache.o microblaze_0/lib/microblaze_disable_interrupts
000-.o microblaze_0/lib/xbram_selftest.o microblaze_0/lib/microblaze_interrupt_handler.o microblaze_0/lib/microblaze_disable_icache
000-.o microblaze_0/lib/xil_mem.o microblaze_0/lib/xuartlite_intr.o microblaze_0/lib/microblaze_flush_cache_ext_range.o microblaze_
000-0/lib/xbram_intr.o microblaze_0/lib/xil_sleepcommon.o microblaze_0/lib/xil_printf.o microblaze_0/lib/xintc_g.o microblaze_0/lib
000-/xuartlite_g.o microblaze_0/lib/xintc_selftest.o microblaze_0/lib/xintc_l.o microblaze_0/lib/outbyte.o microblaze_0/lib/microbl
000-aze_invalidate_dcache_range.o microblaze_0/lib/microblaze_invalidate_cache_ext.o microblaze_0/lib/microblaze_sleep.o microblaze
000-_0/lib/hw_exception_handler.o microblaze_0/lib/xuartlite_selftest.o microblaze_0/lib/xintc_intr.o microblaze_0/lib/microblaze_u
000-pdate_dcache.o microblaze_0/lib/xil_testcache.o microblaze_0/lib/microblaze_selftest.o microblaze_0/lib/microblaze_interrupts_g
000-.o microblaze_0/lib/microblaze_enable_exceptions.o microblaze_0/lib/xio.o microblaze_0/lib/microblaze_enable_dcache.o microblaz
000-e_0/lib/xbram.o microblaze_0/lib/microblaze_invalidate_icache_range.o microblaze_0/lib/microblaze_init_dcache_range.o microblaz
000-e_0/lib/microblaze_invalidate_icache.o microblaze_0/lib/errno.o microblaze_0/lib/xuartlite_l.o microblaze_0/lib/xintc_options.o
000- microblaze_0/lib/microblaze_invalidate_cache_ext_range.o microblaze_0/lib/xil_exception.o microblaze_0/lib/pvr.o microblaze_0/
000-lib/xil_testmem.o microblaze_0/lib/microblaze_update_icache.o microblaze_0/lib/microblaze_flush_dcache.o microblaze_0/lib/xil_c
000-locking.o microblaze_0/lib/xil_assert.o microblaze_0/lib/microblaze_enable_interrupts.o microblaze_0/lib/microblaze_enable_icac
000-he.o microblaze_0/lib/xintc.o microblaze_0/lib/xuartlite_sinit.o microblaze_0/lib/fcntl.o microblaze_0/lib/microblaze_init_icac
000-he_range.o
000-
000-'Finished building libraries'
000-
00255-
17:32:48 Build Finished (took 5s.585ms)

