#-----------------------------------------------------------
# Vivado v2025.1 (64-bit)
# SW Build 6140274 on Thu May 22 00:12:29 MDT 2025
# IP Build 6138677 on Thu May 22 03:10:11 MDT 2025
# SharedData Build 6139179 on Tue May 20 17:58:58 MDT 2025
# Start of session at: Mon Nov  3 15:17:56 2025
# Process ID         : 10356
# Current directory  : F:/Advanced_Hardware_Engineering/Vivado Projects/Microblaze_IP/Microblaze_task_mdm_1_0_synth_1
# Command line       : vivado.exe -log Microblaze_task_mdm_1_0.vds -product Vivado -mode batch -messageDb vivado.pb -notrace -source Microblaze_task_mdm_1_0.tcl
# Log file           : F:/Advanced_Hardware_Engineering/Vivado Projects/Microblaze_IP/Microblaze_task_mdm_1_0_synth_1/Microblaze_task_mdm_1_0.vds
# Journal file       : F:/Advanced_Hardware_Engineering/Vivado Projects/Microblaze_IP/Microblaze_task_mdm_1_0_synth_1\vivado.jou
# Running On         : LAB49-08
# Platform           : Windows Server 2016 or Windows 10
# Operating System   : 17134
# Processor Detail   : Intel(R) Core(TM) i5-8600 CPU @ 3.10GHz
# CPU Frequency      : 3096 MHz
# CPU Physical cores : 6
# CPU Logical cores  : 6
# Host memory        : 34188 MB
# Swap memory        : 5100 MB
# Total Virtual      : 39289 MB
# Available Virtual  : 25411 MB
#-----------------------------------------------------------
source Microblaze_task_mdm_1_0.tcl -notrace
