22:59:54 INFO  : Platform repository initialization has completed.
22:59:54 INFO  : Launching XSCT server: xsct.bat -n  -interactive C:\Users\User\Documents\GitHub\AHE_Group_G\workspace_TMP3_7.1.26_1\temp_xsdb_launch_script.tcl
22:59:54 INFO  : Registering command handlers for Vitis TCF services
22:59:56 INFO  : XSCT server has started successfully.
22:59:59 INFO  : plnx-install-location is set to ''
22:59:59 INFO  : Successfully done setting XSCT server connection channel  
22:59:59 INFO  : Successfully done query RDI_DATADIR 
22:59:59 INFO  : Successfully done setting workspace for the tool. 
23:02:22 INFO  : Result from executing command 'getProjects': TMP3_Platform
23:02:22 INFO  : Result from executing command 'getPlatforms': 
23:02:52 INFO  : Result from executing command 'getProjects': TMP3_Platform
23:02:52 INFO  : Result from executing command 'getPlatforms': TMP3_Platform|C:/Users/User/Documents/GitHub/AHE_Group_G/workspace_TMP3_7.1.26_1/TMP3_Platform/export/TMP3_Platform/TMP3_Platform.xpfm
23:05:07 INFO  : Checking for BSP changes to sync application flags for project 'tmp3_monitor_app'...
23:06:22 INFO  : Connected to target on host '127.0.0.1' and port '3121'.
23:06:40 INFO  : ----------------XSDB Script----------------
connect -url tcp:127.0.0.1:3121
----------------End of Script----------------

23:06:40 ERROR : Could not find FPGA device on the board for connection 'Local'.


Troubleshooting hints:
1. Check whether board is connected to system properly.
2. In case of zynq board, check whether Digilent/Xilinx cable switch settings are correct.
3. If you are using Xilinx Platform Cable USB, ensure that status LED is green.
23:11:06 INFO  : Connected to target on host '127.0.0.1' and port '3121'.
23:11:24 INFO  : ----------------XSDB Script----------------
connect -url tcp:127.0.0.1:3121
----------------End of Script----------------

23:11:24 ERROR : Could not find FPGA device on the board for connection 'Local'.


Troubleshooting hints:
1. Check whether board is connected to system properly.
2. In case of zynq board, check whether Digilent/Xilinx cable switch settings are correct.
3. If you are using Xilinx Platform Cable USB, ensure that status LED is green.
23:11:47 INFO  : Checking for BSP changes to sync application flags for project 'tmp3_monitor_app'...
23:20:09 INFO  : Connected to target on host '127.0.0.1' and port '3121'.
23:20:27 INFO  : ----------------XSDB Script----------------
connect -url tcp:127.0.0.1:3121
----------------End of Script----------------

23:20:27 ERROR : Could not find FPGA device on the board for connection 'Local'.


Troubleshooting hints:
1. Check whether board is connected to system properly.
2. In case of zynq board, check whether Digilent/Xilinx cable switch settings are correct.
3. If you are using Xilinx Platform Cable USB, ensure that status LED is green.
23:22:21 INFO  : Connected to target on host '127.0.0.1' and port '3121'.
23:22:38 INFO  : Checking for BSP changes to sync application flags for project 'tmp3_monitor_app'...
23:22:40 INFO  : ----------------XSDB Script----------------
connect -url tcp:127.0.0.1:3121
----------------End of Script----------------

23:22:40 ERROR : Could not find FPGA device on the board for connection 'Local'.


Troubleshooting hints:
1. Check whether board is connected to system properly.
2. In case of zynq board, check whether Digilent/Xilinx cable switch settings are correct.
3. If you are using Xilinx Platform Cable USB, ensure that status LED is green.
23:22:48 INFO  : Result from executing command 'removePlatformRepo': 
23:22:58 INFO  : Result from executing command 'getProjects': TMP3_Platform
23:22:58 INFO  : Result from executing command 'getPlatforms': 
23:22:58 INFO  : Checking for BSP changes to sync application flags for project 'tmp3_monitor_app'...
11:09:37 INFO  : Result from executing command 'removePlatformRepo': 
11:09:53 INFO  : Result from executing command 'getProjects': TMP3_Platform
11:09:53 INFO  : Result from executing command 'getPlatforms': 
11:09:54 INFO  : Checking for BSP changes to sync application flags for project 'tmp3_monitor_app'...
11:12:32 INFO  : Checking for BSP changes to sync application flags for project 'tmp3_monitor_app'...
11:16:30 INFO  : Result from executing command 'removePlatformRepo': 
11:16:42 INFO  : Result from executing command 'getProjects': TMP3_Platform
11:16:42 INFO  : Result from executing command 'getPlatforms': 
11:16:43 INFO  : Checking for BSP changes to sync application flags for project 'tmp3_monitor_app'...
11:31:45 INFO  : Result from executing command 'removePlatformRepo': 
11:31:58 INFO  : Result from executing command 'getProjects': TMP3_Platform
11:31:58 INFO  : Result from executing command 'getPlatforms': 
11:31:58 INFO  : Checking for BSP changes to sync application flags for project 'tmp3_monitor_app'...
11:35:42 INFO  : Result from executing command 'removePlatformRepo': 
11:35:56 INFO  : Result from executing command 'getProjects': TMP3_Platform
11:35:56 INFO  : Result from executing command 'getPlatforms': 
11:35:56 INFO  : Checking for BSP changes to sync application flags for project 'tmp3_monitor_app'...
11:37:49 INFO  : Result from executing command 'removePlatformRepo': 
11:38:01 INFO  : Result from executing command 'getProjects': TMP3_Platform
11:38:01 INFO  : Result from executing command 'getPlatforms': 
11:38:01 INFO  : Checking for BSP changes to sync application flags for project 'tmp3_monitor_app'...
11:41:03 INFO  : Connected to target on host '127.0.0.1' and port '3121'.
11:41:08 INFO  : Jtag cable 'Digilent Nexys A7 -100T 210292B61CF5A' is selected.
11:41:15 INFO  : 'jtag frequency' command is executed.
11:41:21 INFO  : 'targets -set -filter {jtag_cable_name =~ "Digilent Nexys A7 -100T 210292B61CF5A" && level==0 && jtag_device_ctx=="jsn-Nexys A7 -100T-210292B61CF5A-13631093-0"}' command is executed.
11:41:29 INFO  : Device configured successfully with "C:/Users/User/Documents/GitHub/AHE_Group_G/workspace_TMP3_7.1.26_1/tmp3_monitor_app/_ide/bitstream/TMP3_pmod_wrapper.bit"
11:41:36 INFO  : Context for processor 'microblaze_0' is selected.
11:41:42 INFO  : Hardware design and registers information is loaded from 'C:/Users/User/Documents/GitHub/AHE_Group_G/workspace_TMP3_7.1.26_1/TMP3_Platform/export/TMP3_Platform/hw/TMP3_pmod_wrapper.xsa'.
11:41:42 INFO  : 'configparams mdm-detect-bscan-mask 2' command is executed.
11:41:42 INFO  : Context for processor 'microblaze_0' is selected.
11:41:42 INFO  : System reset is completed.
11:41:45 INFO  : 'after 3000' command is executed.
11:41:48 INFO  : Context for processor 'microblaze_0' is selected.
11:42:01 INFO  : The application 'C:/Users/User/Documents/GitHub/AHE_Group_G/workspace_TMP3_7.1.26_1/tmp3_monitor_app/Debug/tmp3_monitor_app.elf' is downloaded to processor 'microblaze_0'.
11:42:01 INFO  : ----------------XSDB Script----------------
connect -url tcp:127.0.0.1:3121
targets -set -filter {jtag_cable_name =~ "Digilent Nexys A7 -100T 210292B61CF5A" && level==0 && jtag_device_ctx=="jsn-Nexys A7 -100T-210292B61CF5A-13631093-0"}
fpga -file C:/Users/User/Documents/GitHub/AHE_Group_G/workspace_TMP3_7.1.26_1/tmp3_monitor_app/_ide/bitstream/TMP3_pmod_wrapper.bit
targets -set -nocase -filter {name =~ "*microblaze*#0" && bscan=="USER2" }
loadhw -hw C:/Users/User/Documents/GitHub/AHE_Group_G/workspace_TMP3_7.1.26_1/TMP3_Platform/export/TMP3_Platform/hw/TMP3_pmod_wrapper.xsa -regs
configparams mdm-detect-bscan-mask 2
targets -set -nocase -filter {name =~ "*microblaze*#0" && bscan=="USER2" }
rst -system
after 3000
targets -set -nocase -filter {name =~ "*microblaze*#0" && bscan=="USER2" }
dow C:/Users/User/Documents/GitHub/AHE_Group_G/workspace_TMP3_7.1.26_1/tmp3_monitor_app/Debug/tmp3_monitor_app.elf
----------------End of Script----------------

11:42:20 INFO  : Context for processor 'microblaze_0' is selected.
11:42:26 INFO  : 'con' command is executed.
11:42:26 INFO  : ----------------XSDB Script (After Launch)----------------
targets -set -nocase -filter {name =~ "*microblaze*#0" && bscan=="USER2" }
con
----------------End of Script----------------

11:42:26 INFO  : Launch script is exported to file 'C:\Users\User\Documents\GitHub\AHE_Group_G\workspace_TMP3_7.1.26_1\tmp3_monitor_app_system\_ide\scripts\systemdebugger_tmp3_monitor_app_system_standalone.tcl'
11:44:38 INFO  : Result from executing command 'removePlatformRepo': 
11:44:55 INFO  : Result from executing command 'getProjects': TMP3_Platform
11:44:55 INFO  : Result from executing command 'getPlatforms': 
11:44:55 INFO  : Checking for BSP changes to sync application flags for project 'tmp3_monitor_app'...
11:46:21 INFO  : Disconnected from the channel tcfchan#2.
11:46:25 INFO  : Connected to target on host '127.0.0.1' and port '3121'.
11:46:25 INFO  : Jtag cable 'Digilent Nexys A7 -100T 210292B61CF5A' is selected.
11:46:31 INFO  : 'jtag frequency' command is executed.
11:46:38 INFO  : 'targets -set -filter {jtag_cable_name =~ "Digilent Nexys A7 -100T 210292B61CF5A" && level==0 && jtag_device_ctx=="jsn-Nexys A7 -100T-210292B61CF5A-13631093-0"}' command is executed.
11:46:46 INFO  : Device configured successfully with "C:/Users/User/Documents/GitHub/AHE_Group_G/workspace_TMP3_7.1.26_1/tmp3_monitor_app/_ide/bitstream/TMP3_pmod_wrapper.bit"
11:46:46 INFO  : Context for processor 'microblaze_0' is selected.
11:46:53 INFO  : Hardware design and registers information is loaded from 'C:/Users/User/Documents/GitHub/AHE_Group_G/workspace_TMP3_7.1.26_1/TMP3_Platform/export/TMP3_Platform/hw/TMP3_pmod_wrapper.xsa'.
11:46:53 INFO  : 'configparams mdm-detect-bscan-mask 2' command is executed.
11:46:53 INFO  : Context for processor 'microblaze_0' is selected.
11:46:59 INFO  : System reset is completed.
11:47:02 INFO  : 'after 3000' command is executed.
11:47:11 INFO  : Context for processor 'microblaze_0' is selected.
11:47:24 INFO  : The application 'C:/Users/User/Documents/GitHub/AHE_Group_G/workspace_TMP3_7.1.26_1/tmp3_monitor_app/Debug/tmp3_monitor_app.elf' is downloaded to processor 'microblaze_0'.
11:47:24 INFO  : ----------------XSDB Script----------------
connect -url tcp:127.0.0.1:3121
targets -set -filter {jtag_cable_name =~ "Digilent Nexys A7 -100T 210292B61CF5A" && level==0 && jtag_device_ctx=="jsn-Nexys A7 -100T-210292B61CF5A-13631093-0"}
fpga -file C:/Users/User/Documents/GitHub/AHE_Group_G/workspace_TMP3_7.1.26_1/tmp3_monitor_app/_ide/bitstream/TMP3_pmod_wrapper.bit
targets -set -nocase -filter {name =~ "*microblaze*#0" && bscan=="USER2" }
loadhw -hw C:/Users/User/Documents/GitHub/AHE_Group_G/workspace_TMP3_7.1.26_1/TMP3_Platform/export/TMP3_Platform/hw/TMP3_pmod_wrapper.xsa -regs
configparams mdm-detect-bscan-mask 2
targets -set -nocase -filter {name =~ "*microblaze*#0" && bscan=="USER2" }
rst -system
after 3000
targets -set -nocase -filter {name =~ "*microblaze*#0" && bscan=="USER2" }
dow C:/Users/User/Documents/GitHub/AHE_Group_G/workspace_TMP3_7.1.26_1/tmp3_monitor_app/Debug/tmp3_monitor_app.elf
----------------End of Script----------------

11:47:37 INFO  : Context for processor 'microblaze_0' is selected.
11:47:43 INFO  : 'con' command is executed.
11:47:43 INFO  : ----------------XSDB Script (After Launch)----------------
targets -set -nocase -filter {name =~ "*microblaze*#0" && bscan=="USER2" }
con
----------------End of Script----------------

11:47:43 INFO  : Launch script is exported to file 'C:\Users\User\Documents\GitHub\AHE_Group_G\workspace_TMP3_7.1.26_1\tmp3_monitor_app_system\_ide\scripts\systemdebugger_tmp3_monitor_app_system_standalone.tcl'
11:49:04 INFO  : Disconnected from the channel tcfchan#17.
11:49:05 INFO  : Connected to target on host '127.0.0.1' and port '3121'.
11:49:11 INFO  : Jtag cable 'Digilent Nexys A7 -100T 210292B61CF5A' is selected.
11:49:17 INFO  : 'jtag frequency' command is executed.
11:49:24 INFO  : 'targets -set -filter {jtag_cable_name =~ "Digilent Nexys A7 -100T 210292B61CF5A" && level==0 && jtag_device_ctx=="jsn-Nexys A7 -100T-210292B61CF5A-13631093-0"}' command is executed.
11:49:32 INFO  : Device configured successfully with "C:/Users/User/Documents/GitHub/AHE_Group_G/workspace_TMP3_7.1.26_1/tmp3_monitor_app/_ide/bitstream/TMP3_pmod_wrapper.bit"
11:49:38 INFO  : Context for processor 'microblaze_0' is selected.
11:49:38 INFO  : Hardware design and registers information is loaded from 'C:/Users/User/Documents/GitHub/AHE_Group_G/workspace_TMP3_7.1.26_1/TMP3_Platform/export/TMP3_Platform/hw/TMP3_pmod_wrapper.xsa'.
11:49:38 INFO  : 'configparams mdm-detect-bscan-mask 2' command is executed.
11:49:45 INFO  : Context for processor 'microblaze_0' is selected.
11:49:51 INFO  : System reset is completed.
11:49:54 INFO  : 'after 3000' command is executed.
11:49:57 INFO  : Context for processor 'microblaze_0' is selected.
11:50:04 INFO  : The application 'C:/Users/User/Documents/GitHub/AHE_Group_G/workspace_TMP3_7.1.26_1/tmp3_monitor_app/Debug/tmp3_monitor_app.elf' is downloaded to processor 'microblaze_0'.
11:50:04 INFO  : ----------------XSDB Script----------------
connect -url tcp:127.0.0.1:3121
targets -set -filter {jtag_cable_name =~ "Digilent Nexys A7 -100T 210292B61CF5A" && level==0 && jtag_device_ctx=="jsn-Nexys A7 -100T-210292B61CF5A-13631093-0"}
fpga -file C:/Users/User/Documents/GitHub/AHE_Group_G/workspace_TMP3_7.1.26_1/tmp3_monitor_app/_ide/bitstream/TMP3_pmod_wrapper.bit
targets -set -nocase -filter {name =~ "*microblaze*#0" && bscan=="USER2" }
loadhw -hw C:/Users/User/Documents/GitHub/AHE_Group_G/workspace_TMP3_7.1.26_1/TMP3_Platform/export/TMP3_Platform/hw/TMP3_pmod_wrapper.xsa -regs
configparams mdm-detect-bscan-mask 2
targets -set -nocase -filter {name =~ "*microblaze*#0" && bscan=="USER2" }
rst -system
after 3000
targets -set -nocase -filter {name =~ "*microblaze*#0" && bscan=="USER2" }
dow C:/Users/User/Documents/GitHub/AHE_Group_G/workspace_TMP3_7.1.26_1/tmp3_monitor_app/Debug/tmp3_monitor_app.elf
----------------End of Script----------------

11:50:16 INFO  : Context for processor 'microblaze_0' is selected.
11:50:29 INFO  : 'con' command is executed.
11:50:29 INFO  : ----------------XSDB Script (After Launch)----------------
targets -set -nocase -filter {name =~ "*microblaze*#0" && bscan=="USER2" }
con
----------------End of Script----------------

11:50:29 INFO  : Launch script is exported to file 'C:\Users\User\Documents\GitHub\AHE_Group_G\workspace_TMP3_7.1.26_1\tmp3_monitor_app_system\_ide\scripts\systemdebugger_tmp3_monitor_app_system_standalone.tcl'
11:51:42 INFO  : Disconnected from the channel tcfchan#18.
11:51:44 INFO  : Connected to target on host '127.0.0.1' and port '3121'.
11:51:45 INFO  : Jtag cable 'Digilent Nexys A7 -100T 210292B61CF5A' is selected.
11:51:51 INFO  : 'jtag frequency' command is executed.
11:51:57 INFO  : 'targets -set -filter {jtag_cable_name =~ "Digilent Nexys A7 -100T 210292B61CF5A" && level==0 && jtag_device_ctx=="jsn-Nexys A7 -100T-210292B61CF5A-13631093-0"}' command is executed.
11:52:05 INFO  : Device configured successfully with "C:/Users/User/Documents/GitHub/AHE_Group_G/workspace_TMP3_7.1.26_1/tmp3_monitor_app/_ide/bitstream/TMP3_pmod_wrapper.bit"
11:52:12 INFO  : Context for processor 'microblaze_0' is selected.
11:52:12 INFO  : Hardware design and registers information is loaded from 'C:/Users/User/Documents/GitHub/AHE_Group_G/workspace_TMP3_7.1.26_1/TMP3_Platform/export/TMP3_Platform/hw/TMP3_pmod_wrapper.xsa'.
11:52:12 INFO  : 'configparams mdm-detect-bscan-mask 2' command is executed.
11:52:12 INFO  : Context for processor 'microblaze_0' is selected.
11:52:18 INFO  : System reset is completed.
11:52:21 INFO  : 'after 3000' command is executed.
11:52:31 INFO  : Context for processor 'microblaze_0' is selected.
11:52:43 INFO  : The application 'C:/Users/User/Documents/GitHub/AHE_Group_G/workspace_TMP3_7.1.26_1/tmp3_monitor_app/Debug/tmp3_monitor_app.elf' is downloaded to processor 'microblaze_0'.
11:52:43 INFO  : ----------------XSDB Script----------------
connect -url tcp:127.0.0.1:3121
targets -set -filter {jtag_cable_name =~ "Digilent Nexys A7 -100T 210292B61CF5A" && level==0 && jtag_device_ctx=="jsn-Nexys A7 -100T-210292B61CF5A-13631093-0"}
fpga -file C:/Users/User/Documents/GitHub/AHE_Group_G/workspace_TMP3_7.1.26_1/tmp3_monitor_app/_ide/bitstream/TMP3_pmod_wrapper.bit
targets -set -nocase -filter {name =~ "*microblaze*#0" && bscan=="USER2" }
loadhw -hw C:/Users/User/Documents/GitHub/AHE_Group_G/workspace_TMP3_7.1.26_1/TMP3_Platform/export/TMP3_Platform/hw/TMP3_pmod_wrapper.xsa -regs
configparams mdm-detect-bscan-mask 2
targets -set -nocase -filter {name =~ "*microblaze*#0" && bscan=="USER2" }
rst -system
after 3000
targets -set -nocase -filter {name =~ "*microblaze*#0" && bscan=="USER2" }
dow C:/Users/User/Documents/GitHub/AHE_Group_G/workspace_TMP3_7.1.26_1/tmp3_monitor_app/Debug/tmp3_monitor_app.elf
----------------End of Script----------------

11:52:50 INFO  : Context for processor 'microblaze_0' is selected.
11:52:56 INFO  : 'con' command is executed.
11:52:56 INFO  : ----------------XSDB Script (After Launch)----------------
targets -set -nocase -filter {name =~ "*microblaze*#0" && bscan=="USER2" }
con
----------------End of Script----------------

11:52:56 INFO  : Launch script is exported to file 'C:\Users\User\Documents\GitHub\AHE_Group_G\workspace_TMP3_7.1.26_1\tmp3_monitor_app_system\_ide\scripts\systemdebugger_tmp3_monitor_app_system_standalone.tcl'
11:54:21 INFO  : Disconnected from the channel tcfchan#19.
11:54:24 INFO  : Connected to target on host '127.0.0.1' and port '3121'.
11:54:24 INFO  : Jtag cable 'Digilent Nexys A7 -100T 210292B61CF5A' is selected.
11:54:30 INFO  : 'jtag frequency' command is executed.
11:54:37 INFO  : 'targets -set -filter {jtag_cable_name =~ "Digilent Nexys A7 -100T 210292B61CF5A" && level==0 && jtag_device_ctx=="jsn-Nexys A7 -100T-210292B61CF5A-13631093-0"}' command is executed.
11:54:45 INFO  : Device configured successfully with "C:/Users/User/Documents/GitHub/AHE_Group_G/workspace_TMP3_7.1.26_1/tmp3_monitor_app/_ide/bitstream/TMP3_pmod_wrapper.bit"
11:54:51 INFO  : Context for processor 'microblaze_0' is selected.
11:54:58 INFO  : Hardware design and registers information is loaded from 'C:/Users/User/Documents/GitHub/AHE_Group_G/workspace_TMP3_7.1.26_1/TMP3_Platform/export/TMP3_Platform/hw/TMP3_pmod_wrapper.xsa'.
11:54:58 INFO  : 'configparams mdm-detect-bscan-mask 2' command is executed.
11:54:58 INFO  : Context for processor 'microblaze_0' is selected.
11:55:04 INFO  : System reset is completed.
11:55:07 INFO  : 'after 3000' command is executed.
11:55:10 INFO  : Context for processor 'microblaze_0' is selected.
11:55:23 INFO  : The application 'C:/Users/User/Documents/GitHub/AHE_Group_G/workspace_TMP3_7.1.26_1/tmp3_monitor_app/Debug/tmp3_monitor_app.elf' is downloaded to processor 'microblaze_0'.
11:55:23 INFO  : ----------------XSDB Script----------------
connect -url tcp:127.0.0.1:3121
targets -set -filter {jtag_cable_name =~ "Digilent Nexys A7 -100T 210292B61CF5A" && level==0 && jtag_device_ctx=="jsn-Nexys A7 -100T-210292B61CF5A-13631093-0"}
fpga -file C:/Users/User/Documents/GitHub/AHE_Group_G/workspace_TMP3_7.1.26_1/tmp3_monitor_app/_ide/bitstream/TMP3_pmod_wrapper.bit
targets -set -nocase -filter {name =~ "*microblaze*#0" && bscan=="USER2" }
loadhw -hw C:/Users/User/Documents/GitHub/AHE_Group_G/workspace_TMP3_7.1.26_1/TMP3_Platform/export/TMP3_Platform/hw/TMP3_pmod_wrapper.xsa -regs
configparams mdm-detect-bscan-mask 2
targets -set -nocase -filter {name =~ "*microblaze*#0" && bscan=="USER2" }
rst -system
after 3000
targets -set -nocase -filter {name =~ "*microblaze*#0" && bscan=="USER2" }
dow C:/Users/User/Documents/GitHub/AHE_Group_G/workspace_TMP3_7.1.26_1/tmp3_monitor_app/Debug/tmp3_monitor_app.elf
----------------End of Script----------------

11:55:36 INFO  : Context for processor 'microblaze_0' is selected.
11:55:42 INFO  : 'con' command is executed.
11:55:42 INFO  : ----------------XSDB Script (After Launch)----------------
targets -set -nocase -filter {name =~ "*microblaze*#0" && bscan=="USER2" }
con
----------------End of Script----------------

11:55:42 INFO  : Launch script is exported to file 'C:\Users\User\Documents\GitHub\AHE_Group_G\workspace_TMP3_7.1.26_1\tmp3_monitor_app_system\_ide\scripts\systemdebugger_tmp3_monitor_app_system_standalone.tcl'
11:56:42 INFO  : Disconnected from the channel tcfchan#20.
11:56:45 INFO  : Connected to target on host '127.0.0.1' and port '3121'.
11:56:45 INFO  : Jtag cable 'Digilent Nexys A7 -100T 210292B61CF5A' is selected.
11:56:51 INFO  : 'jtag frequency' command is executed.
11:56:57 INFO  : 'targets -set -filter {jtag_cable_name =~ "Digilent Nexys A7 -100T 210292B61CF5A" && level==0 && jtag_device_ctx=="jsn-Nexys A7 -100T-210292B61CF5A-13631093-0"}' command is executed.
11:57:06 INFO  : Device configured successfully with "C:/Users/User/Documents/GitHub/AHE_Group_G/workspace_TMP3_7.1.26_1/tmp3_monitor_app/_ide/bitstream/TMP3_pmod_wrapper.bit"
11:57:12 INFO  : Context for processor 'microblaze_0' is selected.
11:57:18 INFO  : Hardware design and registers information is loaded from 'C:/Users/User/Documents/GitHub/AHE_Group_G/workspace_TMP3_7.1.26_1/TMP3_Platform/export/TMP3_Platform/hw/TMP3_pmod_wrapper.xsa'.
11:57:18 INFO  : 'configparams mdm-detect-bscan-mask 2' command is executed.
11:57:18 INFO  : Context for processor 'microblaze_0' is selected.
11:57:18 INFO  : System reset is completed.
11:57:21 INFO  : 'after 3000' command is executed.
11:57:31 INFO  : Context for processor 'microblaze_0' is selected.
11:57:37 INFO  : The application 'C:/Users/User/Documents/GitHub/AHE_Group_G/workspace_TMP3_7.1.26_1/tmp3_monitor_app/Debug/tmp3_monitor_app.elf' is downloaded to processor 'microblaze_0'.
11:57:37 INFO  : ----------------XSDB Script----------------
connect -url tcp:127.0.0.1:3121
targets -set -filter {jtag_cable_name =~ "Digilent Nexys A7 -100T 210292B61CF5A" && level==0 && jtag_device_ctx=="jsn-Nexys A7 -100T-210292B61CF5A-13631093-0"}
fpga -file C:/Users/User/Documents/GitHub/AHE_Group_G/workspace_TMP3_7.1.26_1/tmp3_monitor_app/_ide/bitstream/TMP3_pmod_wrapper.bit
targets -set -nocase -filter {name =~ "*microblaze*#0" && bscan=="USER2" }
loadhw -hw C:/Users/User/Documents/GitHub/AHE_Group_G/workspace_TMP3_7.1.26_1/TMP3_Platform/export/TMP3_Platform/hw/TMP3_pmod_wrapper.xsa -regs
configparams mdm-detect-bscan-mask 2
targets -set -nocase -filter {name =~ "*microblaze*#0" && bscan=="USER2" }
rst -system
after 3000
targets -set -nocase -filter {name =~ "*microblaze*#0" && bscan=="USER2" }
dow C:/Users/User/Documents/GitHub/AHE_Group_G/workspace_TMP3_7.1.26_1/tmp3_monitor_app/Debug/tmp3_monitor_app.elf
----------------End of Script----------------

11:57:50 INFO  : Context for processor 'microblaze_0' is selected.
11:57:56 INFO  : 'con' command is executed.
11:57:56 INFO  : ----------------XSDB Script (After Launch)----------------
targets -set -nocase -filter {name =~ "*microblaze*#0" && bscan=="USER2" }
con
----------------End of Script----------------

11:57:56 INFO  : Launch script is exported to file 'C:\Users\User\Documents\GitHub\AHE_Group_G\workspace_TMP3_7.1.26_1\tmp3_monitor_app_system\_ide\scripts\systemdebugger_tmp3_monitor_app_system_standalone.tcl'
11:58:40 INFO  : Disconnected from the channel tcfchan#21.
11:58:40 INFO  : Connected to target on host '127.0.0.1' and port '3121'.
11:58:40 INFO  : Jtag cable 'Digilent Nexys A7 -100T 210292B61CF5A' is selected.
11:58:47 INFO  : 'jtag frequency' command is executed.
11:58:53 INFO  : 'targets -set -filter {jtag_cable_name =~ "Digilent Nexys A7 -100T 210292B61CF5A" && level==0 && jtag_device_ctx=="jsn-Nexys A7 -100T-210292B61CF5A-13631093-0"}' command is executed.
11:58:55 INFO  : Device configured successfully with "C:/Users/User/Documents/GitHub/AHE_Group_G/workspace_TMP3_7.1.26_1/tmp3_monitor_app/_ide/bitstream/TMP3_pmod_wrapper.bit"
11:59:01 INFO  : Context for processor 'microblaze_0' is selected.
11:59:01 INFO  : Hardware design and registers information is loaded from 'C:/Users/User/Documents/GitHub/AHE_Group_G/workspace_TMP3_7.1.26_1/TMP3_Platform/export/TMP3_Platform/hw/TMP3_pmod_wrapper.xsa'.
11:59:01 INFO  : 'configparams mdm-detect-bscan-mask 2' command is executed.
11:59:01 INFO  : Context for processor 'microblaze_0' is selected.
11:59:08 INFO  : System reset is completed.
11:59:11 INFO  : 'after 3000' command is executed.
11:59:14 INFO  : Context for processor 'microblaze_0' is selected.
11:59:27 INFO  : The application 'C:/Users/User/Documents/GitHub/AHE_Group_G/workspace_TMP3_7.1.26_1/tmp3_monitor_app/Debug/tmp3_monitor_app.elf' is downloaded to processor 'microblaze_0'.
11:59:27 INFO  : ----------------XSDB Script----------------
connect -url tcp:127.0.0.1:3121
targets -set -filter {jtag_cable_name =~ "Digilent Nexys A7 -100T 210292B61CF5A" && level==0 && jtag_device_ctx=="jsn-Nexys A7 -100T-210292B61CF5A-13631093-0"}
fpga -file C:/Users/User/Documents/GitHub/AHE_Group_G/workspace_TMP3_7.1.26_1/tmp3_monitor_app/_ide/bitstream/TMP3_pmod_wrapper.bit
targets -set -nocase -filter {name =~ "*microblaze*#0" && bscan=="USER2" }
loadhw -hw C:/Users/User/Documents/GitHub/AHE_Group_G/workspace_TMP3_7.1.26_1/TMP3_Platform/export/TMP3_Platform/hw/TMP3_pmod_wrapper.xsa -regs
configparams mdm-detect-bscan-mask 2
targets -set -nocase -filter {name =~ "*microblaze*#0" && bscan=="USER2" }
rst -system
after 3000
targets -set -nocase -filter {name =~ "*microblaze*#0" && bscan=="USER2" }
dow C:/Users/User/Documents/GitHub/AHE_Group_G/workspace_TMP3_7.1.26_1/tmp3_monitor_app/Debug/tmp3_monitor_app.elf
----------------End of Script----------------

11:59:39 INFO  : Context for processor 'microblaze_0' is selected.
11:59:45 INFO  : 'con' command is executed.
11:59:45 INFO  : ----------------XSDB Script (After Launch)----------------
targets -set -nocase -filter {name =~ "*microblaze*#0" && bscan=="USER2" }
con
----------------End of Script----------------

11:59:45 INFO  : Launch script is exported to file 'C:\Users\User\Documents\GitHub\AHE_Group_G\workspace_TMP3_7.1.26_1\tmp3_monitor_app_system\_ide\scripts\systemdebugger_tmp3_monitor_app_system_standalone.tcl'
12:00:21 INFO  : Disconnected from the channel tcfchan#22.
12:00:23 INFO  : Connected to target on host '127.0.0.1' and port '3121'.
12:00:30 INFO  : Jtag cable 'Digilent Nexys A7 -100T 210292B61CF5A' is selected.
12:00:36 INFO  : 'jtag frequency' command is executed.
12:00:42 INFO  : 'targets -set -filter {jtag_cable_name =~ "Digilent Nexys A7 -100T 210292B61CF5A" && level==0 && jtag_device_ctx=="jsn-Nexys A7 -100T-210292B61CF5A-13631093-0"}' command is executed.
12:00:51 INFO  : Device configured successfully with "C:/Users/User/Documents/GitHub/AHE_Group_G/workspace_TMP3_7.1.26_1/tmp3_monitor_app/_ide/bitstream/TMP3_pmod_wrapper.bit"
12:00:57 INFO  : Context for processor 'microblaze_0' is selected.
12:01:03 INFO  : Hardware design and registers information is loaded from 'C:/Users/User/Documents/GitHub/AHE_Group_G/workspace_TMP3_7.1.26_1/TMP3_Platform/export/TMP3_Platform/hw/TMP3_pmod_wrapper.xsa'.
12:01:03 INFO  : 'configparams mdm-detect-bscan-mask 2' command is executed.
12:01:03 INFO  : Context for processor 'microblaze_0' is selected.
12:01:09 INFO  : System reset is completed.
12:01:13 INFO  : 'after 3000' command is executed.
12:01:16 INFO  : Context for processor 'microblaze_0' is selected.
12:01:22 INFO  : The application 'C:/Users/User/Documents/GitHub/AHE_Group_G/workspace_TMP3_7.1.26_1/tmp3_monitor_app/Debug/tmp3_monitor_app.elf' is downloaded to processor 'microblaze_0'.
12:01:22 INFO  : ----------------XSDB Script----------------
connect -url tcp:127.0.0.1:3121
targets -set -filter {jtag_cable_name =~ "Digilent Nexys A7 -100T 210292B61CF5A" && level==0 && jtag_device_ctx=="jsn-Nexys A7 -100T-210292B61CF5A-13631093-0"}
fpga -file C:/Users/User/Documents/GitHub/AHE_Group_G/workspace_TMP3_7.1.26_1/tmp3_monitor_app/_ide/bitstream/TMP3_pmod_wrapper.bit
targets -set -nocase -filter {name =~ "*microblaze*#0" && bscan=="USER2" }
loadhw -hw C:/Users/User/Documents/GitHub/AHE_Group_G/workspace_TMP3_7.1.26_1/TMP3_Platform/export/TMP3_Platform/hw/TMP3_pmod_wrapper.xsa -regs
configparams mdm-detect-bscan-mask 2
targets -set -nocase -filter {name =~ "*microblaze*#0" && bscan=="USER2" }
rst -system
after 3000
targets -set -nocase -filter {name =~ "*microblaze*#0" && bscan=="USER2" }
dow C:/Users/User/Documents/GitHub/AHE_Group_G/workspace_TMP3_7.1.26_1/tmp3_monitor_app/Debug/tmp3_monitor_app.elf
----------------End of Script----------------

12:01:35 INFO  : Context for processor 'microblaze_0' is selected.
12:01:47 INFO  : 'con' command is executed.
12:01:47 INFO  : ----------------XSDB Script (After Launch)----------------
targets -set -nocase -filter {name =~ "*microblaze*#0" && bscan=="USER2" }
con
----------------End of Script----------------

12:01:47 INFO  : Launch script is exported to file 'C:\Users\User\Documents\GitHub\AHE_Group_G\workspace_TMP3_7.1.26_1\tmp3_monitor_app_system\_ide\scripts\systemdebugger_tmp3_monitor_app_system_standalone.tcl'
12:02:00 INFO  : Result from executing command 'removePlatformRepo': 
12:02:13 INFO  : Result from executing command 'getProjects': TMP3_Platform
12:02:13 INFO  : Result from executing command 'getPlatforms': 
12:02:14 INFO  : Checking for BSP changes to sync application flags for project 'tmp3_monitor_app'...
12:02:21 INFO  : Disconnected from the channel tcfchan#23.
12:02:25 INFO  : Connected to target on host '127.0.0.1' and port '3121'.
12:02:31 INFO  : Jtag cable 'Digilent Nexys A7 -100T 210292B61CF5A' is selected.
12:02:38 INFO  : 'jtag frequency' command is executed.
12:02:44 INFO  : 'targets -set -filter {jtag_cable_name =~ "Digilent Nexys A7 -100T 210292B61CF5A" && level==0 && jtag_device_ctx=="jsn-Nexys A7 -100T-210292B61CF5A-13631093-0"}' command is executed.
12:02:52 INFO  : Device configured successfully with "C:/Users/User/Documents/GitHub/AHE_Group_G/workspace_TMP3_7.1.26_1/tmp3_monitor_app/_ide/bitstream/TMP3_pmod_wrapper.bit"
12:02:59 INFO  : Context for processor 'microblaze_0' is selected.
12:03:05 INFO  : Hardware design and registers information is loaded from 'C:/Users/User/Documents/GitHub/AHE_Group_G/workspace_TMP3_7.1.26_1/TMP3_Platform/export/TMP3_Platform/hw/TMP3_pmod_wrapper.xsa'.
12:03:05 INFO  : 'configparams mdm-detect-bscan-mask 2' command is executed.
12:03:05 INFO  : Context for processor 'microblaze_0' is selected.
12:03:05 INFO  : System reset is completed.
12:03:08 INFO  : 'after 3000' command is executed.
12:03:11 INFO  : Context for processor 'microblaze_0' is selected.
12:03:24 INFO  : The application 'C:/Users/User/Documents/GitHub/AHE_Group_G/workspace_TMP3_7.1.26_1/tmp3_monitor_app/Debug/tmp3_monitor_app.elf' is downloaded to processor 'microblaze_0'.
12:03:24 INFO  : ----------------XSDB Script----------------
connect -url tcp:127.0.0.1:3121
targets -set -filter {jtag_cable_name =~ "Digilent Nexys A7 -100T 210292B61CF5A" && level==0 && jtag_device_ctx=="jsn-Nexys A7 -100T-210292B61CF5A-13631093-0"}
fpga -file C:/Users/User/Documents/GitHub/AHE_Group_G/workspace_TMP3_7.1.26_1/tmp3_monitor_app/_ide/bitstream/TMP3_pmod_wrapper.bit
targets -set -nocase -filter {name =~ "*microblaze*#0" && bscan=="USER2" }
loadhw -hw C:/Users/User/Documents/GitHub/AHE_Group_G/workspace_TMP3_7.1.26_1/TMP3_Platform/export/TMP3_Platform/hw/TMP3_pmod_wrapper.xsa -regs
configparams mdm-detect-bscan-mask 2
targets -set -nocase -filter {name =~ "*microblaze*#0" && bscan=="USER2" }
rst -system
after 3000
targets -set -nocase -filter {name =~ "*microblaze*#0" && bscan=="USER2" }
dow C:/Users/User/Documents/GitHub/AHE_Group_G/workspace_TMP3_7.1.26_1/tmp3_monitor_app/Debug/tmp3_monitor_app.elf
----------------End of Script----------------

12:03:37 INFO  : Context for processor 'microblaze_0' is selected.
12:03:43 INFO  : 'con' command is executed.
12:03:43 INFO  : ----------------XSDB Script (After Launch)----------------
targets -set -nocase -filter {name =~ "*microblaze*#0" && bscan=="USER2" }
con
----------------End of Script----------------

12:03:43 INFO  : Launch script is exported to file 'C:\Users\User\Documents\GitHub\AHE_Group_G\workspace_TMP3_7.1.26_1\tmp3_monitor_app_system\_ide\scripts\systemdebugger_tmp3_monitor_app_system_standalone.tcl'
12:04:07 INFO  : Disconnected from the channel tcfchan#26.
12:04:08 INFO  : Connected to target on host '127.0.0.1' and port '3121'.
12:04:21 INFO  : Jtag cable 'Digilent Nexys A7 -100T 210292B61CF5A' is selected.
12:04:27 INFO  : 'jtag frequency' command is executed.
12:04:33 INFO  : 'targets -set -filter {jtag_cable_name =~ "Digilent Nexys A7 -100T 210292B61CF5A" && level==0 && jtag_device_ctx=="jsn-Nexys A7 -100T-210292B61CF5A-13631093-0"}' command is executed.
12:04:42 INFO  : Device configured successfully with "C:/Users/User/Documents/GitHub/AHE_Group_G/workspace_TMP3_7.1.26_1/tmp3_monitor_app/_ide/bitstream/TMP3_pmod_wrapper.bit"
12:04:42 INFO  : Context for processor 'microblaze_0' is selected.
12:04:48 INFO  : Hardware design and registers information is loaded from 'C:/Users/User/Documents/GitHub/AHE_Group_G/workspace_TMP3_7.1.26_1/TMP3_Platform/export/TMP3_Platform/hw/TMP3_pmod_wrapper.xsa'.
12:04:48 INFO  : 'configparams mdm-detect-bscan-mask 2' command is executed.
12:04:48 INFO  : Context for processor 'microblaze_0' is selected.
12:04:48 INFO  : System reset is completed.
12:04:51 INFO  : 'after 3000' command is executed.
12:04:54 INFO  : Context for processor 'microblaze_0' is selected.
12:05:07 INFO  : The application 'C:/Users/User/Documents/GitHub/AHE_Group_G/workspace_TMP3_7.1.26_1/tmp3_monitor_app/Debug/tmp3_monitor_app.elf' is downloaded to processor 'microblaze_0'.
12:05:07 INFO  : ----------------XSDB Script----------------
connect -url tcp:127.0.0.1:3121
targets -set -filter {jtag_cable_name =~ "Digilent Nexys A7 -100T 210292B61CF5A" && level==0 && jtag_device_ctx=="jsn-Nexys A7 -100T-210292B61CF5A-13631093-0"}
fpga -file C:/Users/User/Documents/GitHub/AHE_Group_G/workspace_TMP3_7.1.26_1/tmp3_monitor_app/_ide/bitstream/TMP3_pmod_wrapper.bit
targets -set -nocase -filter {name =~ "*microblaze*#0" && bscan=="USER2" }
loadhw -hw C:/Users/User/Documents/GitHub/AHE_Group_G/workspace_TMP3_7.1.26_1/TMP3_Platform/export/TMP3_Platform/hw/TMP3_pmod_wrapper.xsa -regs
configparams mdm-detect-bscan-mask 2
targets -set -nocase -filter {name =~ "*microblaze*#0" && bscan=="USER2" }
rst -system
after 3000
targets -set -nocase -filter {name =~ "*microblaze*#0" && bscan=="USER2" }
dow C:/Users/User/Documents/GitHub/AHE_Group_G/workspace_TMP3_7.1.26_1/tmp3_monitor_app/Debug/tmp3_monitor_app.elf
----------------End of Script----------------

12:05:19 INFO  : Context for processor 'microblaze_0' is selected.
12:05:32 INFO  : 'con' command is executed.
12:05:32 INFO  : ----------------XSDB Script (After Launch)----------------
targets -set -nocase -filter {name =~ "*microblaze*#0" && bscan=="USER2" }
con
----------------End of Script----------------

12:05:32 INFO  : Launch script is exported to file 'C:\Users\User\Documents\GitHub\AHE_Group_G\workspace_TMP3_7.1.26_1\tmp3_monitor_app_system\_ide\scripts\systemdebugger_tmp3_monitor_app_system_standalone.tcl'
12:06:15 INFO  : Disconnected from the channel tcfchan#27.
12:06:16 INFO  : Connected to target on host '127.0.0.1' and port '3121'.
12:06:16 INFO  : Jtag cable 'Digilent Nexys A7 -100T 210292B61CF5A' is selected.
12:06:22 INFO  : 'jtag frequency' command is executed.
12:06:29 INFO  : 'targets -set -filter {jtag_cable_name =~ "Digilent Nexys A7 -100T 210292B61CF5A" && level==0 && jtag_device_ctx=="jsn-Nexys A7 -100T-210292B61CF5A-13631093-0"}' command is executed.
12:06:37 INFO  : Device configured successfully with "C:/Users/User/Documents/GitHub/AHE_Group_G/workspace_TMP3_7.1.26_1/tmp3_monitor_app/_ide/bitstream/TMP3_pmod_wrapper.bit"
12:06:43 INFO  : Context for processor 'microblaze_0' is selected.
12:06:43 INFO  : Hardware design and registers information is loaded from 'C:/Users/User/Documents/GitHub/AHE_Group_G/workspace_TMP3_7.1.26_1/TMP3_Platform/export/TMP3_Platform/hw/TMP3_pmod_wrapper.xsa'.
12:06:43 INFO  : 'configparams mdm-detect-bscan-mask 2' command is executed.
12:06:43 INFO  : Context for processor 'microblaze_0' is selected.
12:06:43 INFO  : System reset is completed.
12:06:46 INFO  : 'after 3000' command is executed.
12:06:56 INFO  : Context for processor 'microblaze_0' is selected.
12:07:09 INFO  : The application 'C:/Users/User/Documents/GitHub/AHE_Group_G/workspace_TMP3_7.1.26_1/tmp3_monitor_app/Debug/tmp3_monitor_app.elf' is downloaded to processor 'microblaze_0'.
12:07:09 INFO  : ----------------XSDB Script----------------
connect -url tcp:127.0.0.1:3121
targets -set -filter {jtag_cable_name =~ "Digilent Nexys A7 -100T 210292B61CF5A" && level==0 && jtag_device_ctx=="jsn-Nexys A7 -100T-210292B61CF5A-13631093-0"}
fpga -file C:/Users/User/Documents/GitHub/AHE_Group_G/workspace_TMP3_7.1.26_1/tmp3_monitor_app/_ide/bitstream/TMP3_pmod_wrapper.bit
targets -set -nocase -filter {name =~ "*microblaze*#0" && bscan=="USER2" }
loadhw -hw C:/Users/User/Documents/GitHub/AHE_Group_G/workspace_TMP3_7.1.26_1/TMP3_Platform/export/TMP3_Platform/hw/TMP3_pmod_wrapper.xsa -regs
configparams mdm-detect-bscan-mask 2
targets -set -nocase -filter {name =~ "*microblaze*#0" && bscan=="USER2" }
rst -system
after 3000
targets -set -nocase -filter {name =~ "*microblaze*#0" && bscan=="USER2" }
dow C:/Users/User/Documents/GitHub/AHE_Group_G/workspace_TMP3_7.1.26_1/tmp3_monitor_app/Debug/tmp3_monitor_app.elf
----------------End of Script----------------

12:07:21 INFO  : Context for processor 'microblaze_0' is selected.
12:07:34 INFO  : 'con' command is executed.
12:07:34 INFO  : ----------------XSDB Script (After Launch)----------------
targets -set -nocase -filter {name =~ "*microblaze*#0" && bscan=="USER2" }
con
----------------End of Script----------------

12:07:34 INFO  : Launch script is exported to file 'C:\Users\User\Documents\GitHub\AHE_Group_G\workspace_TMP3_7.1.26_1\tmp3_monitor_app_system\_ide\scripts\systemdebugger_tmp3_monitor_app_system_standalone.tcl'
12:07:58 INFO  : Disconnected from the channel tcfchan#28.
12:07:59 INFO  : Connected to target on host '127.0.0.1' and port '3121'.
12:08:05 INFO  : Jtag cable 'Digilent Nexys A7 -100T 210292B61CF5A' is selected.
12:08:11 INFO  : 'jtag frequency' command is executed.
12:08:18 INFO  : 'targets -set -filter {jtag_cable_name =~ "Digilent Nexys A7 -100T 210292B61CF5A" && level==0 && jtag_device_ctx=="jsn-Nexys A7 -100T-210292B61CF5A-13631093-0"}' command is executed.
12:08:26 INFO  : Device configured successfully with "C:/Users/User/Documents/GitHub/AHE_Group_G/workspace_TMP3_7.1.26_1/tmp3_monitor_app/_ide/bitstream/TMP3_pmod_wrapper.bit"
12:08:26 INFO  : Context for processor 'microblaze_0' is selected.
12:08:32 INFO  : Hardware design and registers information is loaded from 'C:/Users/User/Documents/GitHub/AHE_Group_G/workspace_TMP3_7.1.26_1/TMP3_Platform/export/TMP3_Platform/hw/TMP3_pmod_wrapper.xsa'.
12:08:32 INFO  : 'configparams mdm-detect-bscan-mask 2' command is executed.
12:08:32 INFO  : Context for processor 'microblaze_0' is selected.
12:08:32 INFO  : System reset is completed.
12:08:35 INFO  : 'after 3000' command is executed.
12:08:45 INFO  : Context for processor 'microblaze_0' is selected.
12:08:51 INFO  : The application 'C:/Users/User/Documents/GitHub/AHE_Group_G/workspace_TMP3_7.1.26_1/tmp3_monitor_app/Debug/tmp3_monitor_app.elf' is downloaded to processor 'microblaze_0'.
12:08:51 INFO  : ----------------XSDB Script----------------
connect -url tcp:127.0.0.1:3121
targets -set -filter {jtag_cable_name =~ "Digilent Nexys A7 -100T 210292B61CF5A" && level==0 && jtag_device_ctx=="jsn-Nexys A7 -100T-210292B61CF5A-13631093-0"}
fpga -file C:/Users/User/Documents/GitHub/AHE_Group_G/workspace_TMP3_7.1.26_1/tmp3_monitor_app/_ide/bitstream/TMP3_pmod_wrapper.bit
targets -set -nocase -filter {name =~ "*microblaze*#0" && bscan=="USER2" }
loadhw -hw C:/Users/User/Documents/GitHub/AHE_Group_G/workspace_TMP3_7.1.26_1/TMP3_Platform/export/TMP3_Platform/hw/TMP3_pmod_wrapper.xsa -regs
configparams mdm-detect-bscan-mask 2
targets -set -nocase -filter {name =~ "*microblaze*#0" && bscan=="USER2" }
rst -system
after 3000
targets -set -nocase -filter {name =~ "*microblaze*#0" && bscan=="USER2" }
dow C:/Users/User/Documents/GitHub/AHE_Group_G/workspace_TMP3_7.1.26_1/tmp3_monitor_app/Debug/tmp3_monitor_app.elf
----------------End of Script----------------

12:09:04 INFO  : Context for processor 'microblaze_0' is selected.
12:09:17 INFO  : 'con' command is executed.
12:09:17 INFO  : ----------------XSDB Script (After Launch)----------------
targets -set -nocase -filter {name =~ "*microblaze*#0" && bscan=="USER2" }
con
----------------End of Script----------------

12:09:17 INFO  : Launch script is exported to file 'C:\Users\User\Documents\GitHub\AHE_Group_G\workspace_TMP3_7.1.26_1\tmp3_monitor_app_system\_ide\scripts\systemdebugger_tmp3_monitor_app_system_standalone.tcl'
12:09:42 INFO  : Disconnected from the channel tcfchan#29.
12:09:48 INFO  : Connected to target on host '127.0.0.1' and port '3121'.
12:09:54 INFO  : Jtag cable 'Digilent Nexys A7 -100T 210292B61CF5A' is selected.
12:10:00 INFO  : 'jtag frequency' command is executed.
12:10:07 INFO  : 'targets -set -filter {jtag_cable_name =~ "Digilent Nexys A7 -100T 210292B61CF5A" && level==0 && jtag_device_ctx=="jsn-Nexys A7 -100T-210292B61CF5A-13631093-0"}' command is executed.
12:10:15 INFO  : Device configured successfully with "C:/Users/User/Documents/GitHub/AHE_Group_G/workspace_TMP3_7.1.26_1/tmp3_monitor_app/_ide/bitstream/TMP3_pmod_wrapper.bit"
12:10:22 INFO  : Context for processor 'microblaze_0' is selected.
12:10:22 INFO  : Hardware design and registers information is loaded from 'C:/Users/User/Documents/GitHub/AHE_Group_G/workspace_TMP3_7.1.26_1/TMP3_Platform/export/TMP3_Platform/hw/TMP3_pmod_wrapper.xsa'.
12:10:22 INFO  : 'configparams mdm-detect-bscan-mask 2' command is executed.
12:10:22 INFO  : Context for processor 'microblaze_0' is selected.
12:10:22 INFO  : System reset is completed.
12:10:25 INFO  : 'after 3000' command is executed.
12:10:28 INFO  : Context for processor 'microblaze_0' is selected.
12:10:34 INFO  : The application 'C:/Users/User/Documents/GitHub/AHE_Group_G/workspace_TMP3_7.1.26_1/tmp3_monitor_app/Debug/tmp3_monitor_app.elf' is downloaded to processor 'microblaze_0'.
12:10:34 INFO  : ----------------XSDB Script----------------
connect -url tcp:127.0.0.1:3121
targets -set -filter {jtag_cable_name =~ "Digilent Nexys A7 -100T 210292B61CF5A" && level==0 && jtag_device_ctx=="jsn-Nexys A7 -100T-210292B61CF5A-13631093-0"}
fpga -file C:/Users/User/Documents/GitHub/AHE_Group_G/workspace_TMP3_7.1.26_1/tmp3_monitor_app/_ide/bitstream/TMP3_pmod_wrapper.bit
targets -set -nocase -filter {name =~ "*microblaze*#0" && bscan=="USER2" }
loadhw -hw C:/Users/User/Documents/GitHub/AHE_Group_G/workspace_TMP3_7.1.26_1/TMP3_Platform/export/TMP3_Platform/hw/TMP3_pmod_wrapper.xsa -regs
configparams mdm-detect-bscan-mask 2
targets -set -nocase -filter {name =~ "*microblaze*#0" && bscan=="USER2" }
rst -system
after 3000
targets -set -nocase -filter {name =~ "*microblaze*#0" && bscan=="USER2" }
dow C:/Users/User/Documents/GitHub/AHE_Group_G/workspace_TMP3_7.1.26_1/tmp3_monitor_app/Debug/tmp3_monitor_app.elf
----------------End of Script----------------

12:10:47 INFO  : Context for processor 'microblaze_0' is selected.
12:10:59 INFO  : 'con' command is executed.
12:10:59 INFO  : ----------------XSDB Script (After Launch)----------------
targets -set -nocase -filter {name =~ "*microblaze*#0" && bscan=="USER2" }
con
----------------End of Script----------------

12:10:59 INFO  : Launch script is exported to file 'C:\Users\User\Documents\GitHub\AHE_Group_G\workspace_TMP3_7.1.26_1\tmp3_monitor_app_system\_ide\scripts\systemdebugger_tmp3_monitor_app_system_standalone.tcl'
12:11:40 INFO  : Disconnected from the channel tcfchan#30.
12:11:43 INFO  : Connected to target on host '127.0.0.1' and port '3121'.
12:11:44 INFO  : Jtag cable 'Digilent Nexys A7 -100T 210292B61CF5A' is selected.
12:11:50 INFO  : 'jtag frequency' command is executed.
12:11:56 INFO  : 'targets -set -filter {jtag_cable_name =~ "Digilent Nexys A7 -100T 210292B61CF5A" && level==0 && jtag_device_ctx=="jsn-Nexys A7 -100T-210292B61CF5A-13631093-0"}' command is executed.
12:12:04 INFO  : Device configured successfully with "C:/Users/User/Documents/GitHub/AHE_Group_G/workspace_TMP3_7.1.26_1/tmp3_monitor_app/_ide/bitstream/TMP3_pmod_wrapper.bit"
12:12:11 INFO  : Context for processor 'microblaze_0' is selected.
12:12:17 INFO  : Hardware design and registers information is loaded from 'C:/Users/User/Documents/GitHub/AHE_Group_G/workspace_TMP3_7.1.26_1/TMP3_Platform/export/TMP3_Platform/hw/TMP3_pmod_wrapper.xsa'.
12:12:17 INFO  : 'configparams mdm-detect-bscan-mask 2' command is executed.
12:12:17 INFO  : Context for processor 'microblaze_0' is selected.
12:12:23 INFO  : System reset is completed.
12:12:26 INFO  : 'after 3000' command is executed.
12:12:30 INFO  : Context for processor 'microblaze_0' is selected.
12:12:42 INFO  : The application 'C:/Users/User/Documents/GitHub/AHE_Group_G/workspace_TMP3_7.1.26_1/tmp3_monitor_app/Debug/tmp3_monitor_app.elf' is downloaded to processor 'microblaze_0'.
12:12:42 INFO  : ----------------XSDB Script----------------
connect -url tcp:127.0.0.1:3121
targets -set -filter {jtag_cable_name =~ "Digilent Nexys A7 -100T 210292B61CF5A" && level==0 && jtag_device_ctx=="jsn-Nexys A7 -100T-210292B61CF5A-13631093-0"}
fpga -file C:/Users/User/Documents/GitHub/AHE_Group_G/workspace_TMP3_7.1.26_1/tmp3_monitor_app/_ide/bitstream/TMP3_pmod_wrapper.bit
targets -set -nocase -filter {name =~ "*microblaze*#0" && bscan=="USER2" }
loadhw -hw C:/Users/User/Documents/GitHub/AHE_Group_G/workspace_TMP3_7.1.26_1/TMP3_Platform/export/TMP3_Platform/hw/TMP3_pmod_wrapper.xsa -regs
configparams mdm-detect-bscan-mask 2
targets -set -nocase -filter {name =~ "*microblaze*#0" && bscan=="USER2" }
rst -system
after 3000
targets -set -nocase -filter {name =~ "*microblaze*#0" && bscan=="USER2" }
dow C:/Users/User/Documents/GitHub/AHE_Group_G/workspace_TMP3_7.1.26_1/tmp3_monitor_app/Debug/tmp3_monitor_app.elf
----------------End of Script----------------

12:13:01 INFO  : Context for processor 'microblaze_0' is selected.
12:13:14 INFO  : 'con' command is executed.
12:13:14 INFO  : ----------------XSDB Script (After Launch)----------------
targets -set -nocase -filter {name =~ "*microblaze*#0" && bscan=="USER2" }
con
----------------End of Script----------------

12:13:14 INFO  : Launch script is exported to file 'C:\Users\User\Documents\GitHub\AHE_Group_G\workspace_TMP3_7.1.26_1\tmp3_monitor_app_system\_ide\scripts\systemdebugger_tmp3_monitor_app_system_standalone.tcl'
12:22:03 INFO  : Result from executing command 'removePlatformRepo': 
12:22:15 INFO  : Result from executing command 'getProjects': TMP3_Platform
12:22:15 INFO  : Result from executing command 'getPlatforms': 
12:22:28 INFO  : Result from executing command 'removePlatformRepo': 
12:22:38 INFO  : Result from executing command 'getProjects': TMP3_Platform
12:22:38 INFO  : Result from executing command 'getPlatforms': 
12:22:38 INFO  : Checking for BSP changes to sync application flags for project 'tmp3_monitor_app'...
12:22:47 INFO  : Disconnected from the channel tcfchan#31.
12:22:49 INFO  : Connected to target on host '127.0.0.1' and port '3121'.
12:22:49 INFO  : Jtag cable 'Digilent Nexys A7 -100T 210292B61CF5A' is selected.
12:22:56 INFO  : 'jtag frequency' command is executed.
12:23:02 INFO  : 'targets -set -filter {jtag_cable_name =~ "Digilent Nexys A7 -100T 210292B61CF5A" && level==0 && jtag_device_ctx=="jsn-Nexys A7 -100T-210292B61CF5A-13631093-0"}' command is executed.
12:23:10 INFO  : Device configured successfully with "C:/Users/User/Documents/GitHub/AHE_Group_G/workspace_TMP3_7.1.26_1/tmp3_monitor_app/_ide/bitstream/TMP3_pmod_wrapper.bit"
12:23:17 INFO  : Context for processor 'microblaze_0' is selected.
12:23:23 INFO  : Hardware design and registers information is loaded from 'C:/Users/User/Documents/GitHub/AHE_Group_G/workspace_TMP3_7.1.26_1/TMP3_Platform/export/TMP3_Platform/hw/TMP3_pmod_wrapper.xsa'.
12:23:23 INFO  : 'configparams mdm-detect-bscan-mask 2' command is executed.
12:23:23 INFO  : Context for processor 'microblaze_0' is selected.
12:23:29 INFO  : System reset is completed.
12:23:32 INFO  : 'after 3000' command is executed.
12:23:36 INFO  : Context for processor 'microblaze_0' is selected.
12:23:48 INFO  : The application 'C:/Users/User/Documents/GitHub/AHE_Group_G/workspace_TMP3_7.1.26_1/tmp3_monitor_app/Debug/tmp3_monitor_app.elf' is downloaded to processor 'microblaze_0'.
12:23:48 INFO  : ----------------XSDB Script----------------
connect -url tcp:127.0.0.1:3121
targets -set -filter {jtag_cable_name =~ "Digilent Nexys A7 -100T 210292B61CF5A" && level==0 && jtag_device_ctx=="jsn-Nexys A7 -100T-210292B61CF5A-13631093-0"}
fpga -file C:/Users/User/Documents/GitHub/AHE_Group_G/workspace_TMP3_7.1.26_1/tmp3_monitor_app/_ide/bitstream/TMP3_pmod_wrapper.bit
targets -set -nocase -filter {name =~ "*microblaze*#0" && bscan=="USER2" }
loadhw -hw C:/Users/User/Documents/GitHub/AHE_Group_G/workspace_TMP3_7.1.26_1/TMP3_Platform/export/TMP3_Platform/hw/TMP3_pmod_wrapper.xsa -regs
configparams mdm-detect-bscan-mask 2
targets -set -nocase -filter {name =~ "*microblaze*#0" && bscan=="USER2" }
rst -system
after 3000
targets -set -nocase -filter {name =~ "*microblaze*#0" && bscan=="USER2" }
dow C:/Users/User/Documents/GitHub/AHE_Group_G/workspace_TMP3_7.1.26_1/tmp3_monitor_app/Debug/tmp3_monitor_app.elf
----------------End of Script----------------

12:24:01 INFO  : Context for processor 'microblaze_0' is selected.
12:24:07 INFO  : 'con' command is executed.
12:24:07 INFO  : ----------------XSDB Script (After Launch)----------------
targets -set -nocase -filter {name =~ "*microblaze*#0" && bscan=="USER2" }
con
----------------End of Script----------------

12:24:07 INFO  : Launch script is exported to file 'C:\Users\User\Documents\GitHub\AHE_Group_G\workspace_TMP3_7.1.26_1\tmp3_monitor_app_system\_ide\scripts\systemdebugger_tmp3_monitor_app_system_standalone.tcl'
12:37:26 INFO  : Bit file 'C:/Users/User/Documents/GitHub/AHE_Group_G/workspace_TMP3_7.1.26_1/tmp3_monitor_app/_ide/bitstream/download.bit' is generated.
12:38:23 INFO  : Disconnected from the channel tcfchan#36.
12:38:23 INFO  : Connected to target on host '127.0.0.1' and port '3121'.
12:38:24 INFO  : Jtag cable 'Digilent Nexys A7 -100T 210292B61CF5A' is selected.
12:38:30 INFO  : 'jtag frequency' command is executed.
12:38:37 INFO  : 'targets -set -filter {jtag_cable_name =~ "Digilent Nexys A7 -100T 210292B61CF5A" && level==0 && jtag_device_ctx=="jsn-Nexys A7 -100T-210292B61CF5A-13631093-0"}' command is executed.
12:38:46 INFO  : Device configured successfully with "C:/Users/User/Documents/GitHub/AHE_Group_G/workspace_TMP3_7.1.26_1/tmp3_monitor_app/_ide/bitstream/TMP3_pmod_wrapper.bit"
12:38:53 INFO  : Context for processor 'microblaze_0' is selected.
12:38:53 INFO  : Hardware design and registers information is loaded from 'C:/Users/User/Documents/GitHub/AHE_Group_G/workspace_TMP3_7.1.26_1/TMP3_Platform/export/TMP3_Platform/hw/TMP3_pmod_wrapper.xsa'.
12:38:53 INFO  : 'configparams mdm-detect-bscan-mask 2' command is executed.
12:38:53 INFO  : Context for processor 'microblaze_0' is selected.
12:38:53 INFO  : System reset is completed.
12:38:56 INFO  : 'after 3000' command is executed.
12:39:00 INFO  : Context for processor 'microblaze_0' is selected.
12:39:07 INFO  : The application 'C:/Users/User/Documents/GitHub/AHE_Group_G/workspace_TMP3_7.1.26_1/tmp3_monitor_app/Debug/tmp3_monitor_app.elf' is downloaded to processor 'microblaze_0'.
12:39:07 INFO  : ----------------XSDB Script----------------
connect -url tcp:127.0.0.1:3121
targets -set -filter {jtag_cable_name =~ "Digilent Nexys A7 -100T 210292B61CF5A" && level==0 && jtag_device_ctx=="jsn-Nexys A7 -100T-210292B61CF5A-13631093-0"}
fpga -file C:/Users/User/Documents/GitHub/AHE_Group_G/workspace_TMP3_7.1.26_1/tmp3_monitor_app/_ide/bitstream/TMP3_pmod_wrapper.bit
targets -set -nocase -filter {name =~ "*microblaze*#0" && bscan=="USER2" }
loadhw -hw C:/Users/User/Documents/GitHub/AHE_Group_G/workspace_TMP3_7.1.26_1/TMP3_Platform/export/TMP3_Platform/hw/TMP3_pmod_wrapper.xsa -regs
configparams mdm-detect-bscan-mask 2
targets -set -nocase -filter {name =~ "*microblaze*#0" && bscan=="USER2" }
rst -system
after 3000
targets -set -nocase -filter {name =~ "*microblaze*#0" && bscan=="USER2" }
dow C:/Users/User/Documents/GitHub/AHE_Group_G/workspace_TMP3_7.1.26_1/tmp3_monitor_app/Debug/tmp3_monitor_app.elf
----------------End of Script----------------

12:39:21 INFO  : Context for processor 'microblaze_0' is selected.
12:39:27 INFO  : 'con' command is executed.
12:39:27 INFO  : ----------------XSDB Script (After Launch)----------------
targets -set -nocase -filter {name =~ "*microblaze*#0" && bscan=="USER2" }
con
----------------End of Script----------------

12:39:27 INFO  : Launch script is exported to file 'C:\Users\User\Documents\GitHub\AHE_Group_G\workspace_TMP3_7.1.26_1\tmp3_monitor_app_system\_ide\scripts\systemdebugger_tmp3_monitor_app_system_standalone.tcl'
12:41:46 INFO  : Result from executing command 'removePlatformRepo': 
12:41:57 INFO  : Result from executing command 'getProjects': TMP3_Platform
12:41:57 INFO  : Result from executing command 'getPlatforms': 
12:41:58 INFO  : Checking for BSP changes to sync application flags for project 'tmp3_monitor_app'...
12:42:07 INFO  : Disconnected from the channel tcfchan#37.
12:42:12 INFO  : Connected to target on host '127.0.0.1' and port '3121'.
12:42:12 INFO  : Jtag cable 'Digilent Nexys A7 -100T 210292B61CF5A' is selected.
12:42:19 INFO  : 'jtag frequency' command is executed.
12:42:26 INFO  : 'targets -set -filter {jtag_cable_name =~ "Digilent Nexys A7 -100T 210292B61CF5A" && level==0 && jtag_device_ctx=="jsn-Nexys A7 -100T-210292B61CF5A-13631093-0"}' command is executed.
12:42:28 INFO  : Device configured successfully with "C:/Users/User/Documents/GitHub/AHE_Group_G/workspace_TMP3_7.1.26_1/tmp3_monitor_app/_ide/bitstream/download.bit"
12:42:35 INFO  : Context for processor 'microblaze_0' is selected.
12:42:42 INFO  : Hardware design and registers information is loaded from 'C:/Users/User/Documents/GitHub/AHE_Group_G/workspace_TMP3_7.1.26_1/TMP3_Platform/export/TMP3_Platform/hw/TMP3_pmod_wrapper.xsa'.
12:42:42 INFO  : 'configparams mdm-detect-bscan-mask 2' command is executed.
12:42:42 INFO  : Context for processor 'microblaze_0' is selected.
12:42:42 INFO  : System reset is completed.
12:42:45 INFO  : 'after 3000' command is executed.
12:42:55 INFO  : Context for processor 'microblaze_0' is selected.
12:43:16 INFO  : The application 'C:/Users/User/Documents/GitHub/AHE_Group_G/workspace_TMP3_7.1.26_1/tmp3_monitor_app/Debug/tmp3_monitor_app.elf' is downloaded to processor 'microblaze_0'.
12:43:16 INFO  : ----------------XSDB Script----------------
connect -url tcp:127.0.0.1:3121
targets -set -filter {jtag_cable_name =~ "Digilent Nexys A7 -100T 210292B61CF5A" && level==0 && jtag_device_ctx=="jsn-Nexys A7 -100T-210292B61CF5A-13631093-0"}
fpga -file C:/Users/User/Documents/GitHub/AHE_Group_G/workspace_TMP3_7.1.26_1/tmp3_monitor_app/_ide/bitstream/download.bit
targets -set -nocase -filter {name =~ "*microblaze*#0" && bscan=="USER2" }
loadhw -hw C:/Users/User/Documents/GitHub/AHE_Group_G/workspace_TMP3_7.1.26_1/TMP3_Platform/export/TMP3_Platform/hw/TMP3_pmod_wrapper.xsa -regs
configparams mdm-detect-bscan-mask 2
targets -set -nocase -filter {name =~ "*microblaze*#0" && bscan=="USER2" }
rst -system
after 3000
targets -set -nocase -filter {name =~ "*microblaze*#0" && bscan=="USER2" }
dow C:/Users/User/Documents/GitHub/AHE_Group_G/workspace_TMP3_7.1.26_1/tmp3_monitor_app/Debug/tmp3_monitor_app.elf
----------------End of Script----------------

12:43:30 INFO  : Context for processor 'microblaze_0' is selected.
12:43:43 INFO  : 'con' command is executed.
12:43:43 INFO  : ----------------XSDB Script (After Launch)----------------
targets -set -nocase -filter {name =~ "*microblaze*#0" && bscan=="USER2" }
con
----------------End of Script----------------

12:43:43 INFO  : Launch script is exported to file 'C:\Users\User\Documents\GitHub\AHE_Group_G\workspace_TMP3_7.1.26_1\tmp3_monitor_app_system\_ide\scripts\systemdebugger_tmp3_monitor_app_system_standalone.tcl'
12:51:05 INFO  : Disconnected from the channel tcfchan#40.
